124.2.44.105 - - [03/May/2012:09:30:13 +0900] "GET /rg4_board/view.php?&bbs_code=open_1&page=4&bd_num=2189 HTTP/1.0" 200 28087
211.39.150.195 - - [03/May/2012:09:30:26 +0900] "GET /cgi-bin/cachemgr.cgi/rg4_board/view.php?&bbs_code=class_gallary&ss%5Bcat%5D=&page=17&bd_num=1178 HTTP/1.1" 200 218
211.39.150.195 - - [03/May/2012:09:31:07 +0900] "GET /main/index.php?bbs_code=schedule&month=8&year=2873 HTTP/1.1" 200 33130
211.254.253.60 - - [03/May/2012:09:31:55 +0900] "GET /rg4_board/list.php?bbs_code=schedule&year=3164&month=8 HTTP/1.0" 200 16615
211.254.253.60 - - [03/May/2012:09:31:58 +0900] "GET /rg4_board/list.php?bbs_code=schedule&year=3164&month=8 HTTP/1.0" 200 37396
211.39.150.195 - - [03/May/2012:09:32:14 +0900] "GET /rg4_board/view.php?&bbs_code=class_gallary&ss%5Bcat%5D=&page=17&bd_num=1226 HTTP/1.1" 200 218
211.254.253.60 - - [03/May/2012:09:33:42 +0900] "GET /rg4_board/view.php?&bbs_code=class_free&ss%5Bcat%5D=&page=5&bd_num=2202 HTTP/1.0" 200 214
211.254.253.60 - - [03/May/2012:09:33:42 +0900] "GET /rg4_board/view.php?&bbs_code=class_free&ss%5Bcat%5D=&page=5&bd_num=2824 HTTP/1.0" 200 214
211.254.253.60 - - [03/May/2012:09:33:42 +0900] "GET /rg4_board/view.php?&bbs_code=class_free&ss%5Bcat%5D=&page=5&bd_num=2740 HTTP/1.0" 200 214
211.254.253.60 - - [03/May/2012:09:33:42 +0900] "GET /rg4_board/view.php?&bbs_code=class_free&ss%5Bcat%5D=&page=5&bd_num=2940 HTTP/1.0" 200 214
211.254.253.60 - - [03/May/2012:09:33:42 +0900] "GET /rg4_board/view.php?&bbs_code=class_free&ss%5Bcat%5D=&page=6&bd_num=2739 HTTP/1.0" 200 214
211.39.150.195 - - [03/May/2012:09:34:01 +0900] "GET /rg4_board/view.php?&bbs_code=class_gallary&ss%5Bcat%5D=&page=17&bd_num=1179 HTTP/1.1" 200 218
211.254.253.60 - - [03/May/2012:09:34:24 +0900] "GET /rg4_board/view.php?&bbs_code=class_gallary&ss%5Bcat%5D=189&page=3&bd_num=2512 HTTP/1.0" 200 220
211.254.253.60 - - [03/May/2012:09:34:24 +0900] "GET /rg4_board/view.php?&bbs_code=class_free&ss%5Bcat%5D=&page=5&bd_num=2720 HTTP/1.0" 200 214
211.254.253.60 - - [03/May/2012:09:34:24 +0900] "GET /main/index.php?bbs_code=schedule&month=1&year=2296 HTTP/1.0" 200 33132
211.254.253.60 - - [03/May/2012:09:34:24 +0900] "GET /rg4_board/view.php?&bbs_code=class_free&ss%5Bcat%5D=&page=6&bd_num=2738 HTTP/1.0" 200 214
211.254.253.60 - - [03/May/2012:09:34:24 +0900] "GET /rg4_board/view.php?&bbs_code=class_free&ss%5Bcat%5D=&page=5&bd_num=1459 HTTP/1.0" 200 214
211.254.253.60 - - [03/May/2012:09:34:24 +0900] "GET /rg4_board/list.php?bbs_code=schedule&year=3161&month=11 HTTP/1.0" 200 37510
211.254.253.60 - - [03/May/2012:09:34:28 +0900] "GET /rg4_board/view.php?&bbs_code=class_free&ss%5Bcat%5D=&page=5&bd_num=2840 HTTP/1.0" 200 214
211.254.253.60 - - [03/May/2012:09:34:28 +0900] "GET /rg4_board/view.php?&bbs_code=class_free&ss%5Bcat%5D=&page=5&bd_num=2376 HTTP/1.0" 200 214
211.254.253.60 - - [03/May/2012:09:34:28 +0900] "GET /rg4_board/view.php?&bbs_code=class_free&ss%5Bcat%5D=&page=5&bd_num=2133 HTTP/1.0" 200 214
211.254.253.60 - - [03/May/2012:09:34:28 +0900] "GET /rg4_board/view.php?&bbs_code=class_gallary&ss%5Bcat%5D=145&page=1&bd_num=2308 HTTP/1.0" 200 220
211.254.253.60 - - [03/May/2012:09:34:28 +0900] "GET /rg4_board/view.php?&bbs_code=class_gallary&page=9&bd_num=876 HTTP/1.0" 200 208
211.254.253.60 - - [03/May/2012:09:34:28 +0900] "GET /rg4_board/view.php?&bbs_code=class_gallary&ss%5Bcat%5D=&page=3&bd_num=2763 HTTP/1.0" 200 217
211.254.253.60 - - [03/May/2012:09:34:28 +0900] "GET /rg4_board/view.php?&bbs_code=class_gallary&ss%5Bcat%5D=&page=8&bd_num=871 HTTP/1.0" 200 217
211.254.253.60 - - [03/May/2012:09:34:28 +0900] "GET /rg4_board/view.php?&bbs_code=class_gallary&ss%5Bcat%5D=&page=4&bd_num=1237 HTTP/1.0" 200 217
211.254.253.60 - - [03/May/2012:09:34:28 +0900] "GET /rg4_board/view.php?&bbs_code=class_gallary&page=5&bd_num=2266 HTTP/1.0" 200 208
211.39.150.195 - - [03/May/2012:09:34:28 +0900] "GET /main/index.php?bbs_code=schedule&month=7&year=2874 HTTP/1.1" 200 33130
211.254.253.60 - - [03/May/2012:09:34:36 +0900] "GET /rg4_board/view.php?&bbs_code=class_gallary&ss%5Bcat%5D=&page=13&bd_num=1747 HTTP/1.0" 200 218
211.254.253.60 - - [03/May/2012:09:34:39 +0900] "GET /rg4_board/view.php?&bbs_code=class_gallary&page=9&bd_num=1431 HTTP/1.0" 200 208
211.254.253.60 - - [03/May/2012:09:34:39 +0900] "GET /campas/rg4_board/view.php?&bbs_code=class_gallary&ss%5Bcat%5D=&page=17&bd_num=871 HTTP/1.0" 200 218
211.254.253.60 - - [03/May/2012:09:34:39 +0900] "GET /rg4_board/view.php?&bbs_code=class_gallary&ss%5Bcat%5D=211&page=5&bd_num=870 HTTP/1.0" 200 220
211.254.253.60 - - [03/May/2012:09:34:39 +0900] "GET /rg4_board/view.php?&bbs_code=class_gallary&ss%5Bcat%5D=&page=13&bd_num=1142 HTTP/1.0" 200 218
211.254.253.60 - - [03/May/2012:09:34:39 +0900] "GET /rg4_board/view.php?&bbs_code=class_gallary&ss%5Bcat%5D=&page=12&bd_num=1904 HTTP/1.0" 200 218
211.254.253.60 - - [03/May/2012:09:34:39 +0900] "GET /rg4_board/view.php?&bbs_code=class_gallary&ss%5Bcat%5D=&page=11&bd_num=465 HTTP/1.0" 200 218
211.254.253.60 - - [03/May/2012:09:34:39 +0900] "GET /rg4_board/view.php?&bbs_code=class_gallary&ss%5Bcat%5D=211&page=9&bd_num=1543 HTTP/1.0" 200 220
211.254.253.60 - - [03/May/2012:09:34:39 +0900] "GET /rg4_board/view.php?&bbs_code=class_free&ss%5Bcat%5D=&page=30&bd_num=1717 HTTP/1.0" 200 215
211.254.253.60 - - [03/May/2012:09:34:39 +0900] "GET /rg4_board/view.php?&bbs_code=class_free&ss%5Bcat%5D=&page=4&bd_num=2866 HTTP/1.0" 200 214
211.254.253.60 - - [03/May/2012:09:34:39 +0900] "GET /rg4_board/view.php?&bbs_code=class_free&ss%5Bcat%5D=&page=5&bd_num=1457 HTTP/1.0" 200 214
211.254.253.60 - - [03/May/2012:09:34:39 +0900] "GET /rg4_board/view.php?&bbs_code=class_free&ss%5Bcat%5D=&page=5&bd_num=1460 HTTP/1.0" 200 214
211.254.253.60 - - [03/May/2012:09:34:39 +0900] "GET /rg4_board/view.php?&bbs_code=class_free&ss%5Bcat%5D=&page=5&bd_num=1851 HTTP/1.0" 200 214
211.254.253.60 - - [03/May/2012:09:34:39 +0900] "GET /rg4_board/view.php?&bbs_code=class_free&ss%5Bcat%5D=&page=5&bd_num=2201 HTTP/1.0" 200 214
211.254.253.60 - - [03/May/2012:09:34:39 +0900] "GET /rg4_board/view.php?&bbs_code=class_free&ss%5Bcat%5D=&page=30&bd_num=1716 HTTP/1.0" 200 215
211.254.253.60 - - [03/May/2012:09:34:39 +0900] "GET /rg4_board/list.php?bbs_code=schedule&year=856&month=10 HTTP/1.0" 200 37305
211.254.253.60 - - [03/May/2012:09:34:39 +0900] "GET /rg4_board/view.php?&bbs_code=class_free&ss%5Bcat%5D=&page=5&bd_num=2197 HTTP/1.0" 200 214
211.254.253.60 - - [03/May/2012:09:34:39 +0900] "GET /rg4_board/list.php?bbs_code=schedule&year=3164&month=6 HTTP/1.0" 200 37595
211.254.253.60 - - [03/May/2012:09:34:44 +0900] "GET /rg4_board/view.php?&bbs_code=class_free&ss%5Bcat%5D=&page=5&bd_num=2938 HTTP/1.0" 200 214
211.254.253.60 - - [03/May/2012:09:34:44 +0900] "GET /rg4_board/view.php?&bbs_code=class_free&ss%5Bcat%5D=&page=5&bd_num=1855 HTTP/1.0" 200 214
211.254.253.60 - - [03/May/2012:09:34:44 +0900] "GET /rg4_board/view.php?&bbs_code=class_free&ss%5Bcat%5D=&page=4&bd_num=1520 HTTP/1.0" 200 214
211.254.253.60 - - [03/May/2012:09:34:44 +0900] "GET /rg4_board/view.php?&bbs_code=class_free&ss%5Bcat%5D=&page=5&bd_num=2825 HTTP/1.0" 200 214
211.254.253.60 - - [03/May/2012:09:34:44 +0900] "GET /rg4_board/view.php?&bbs_code=class_free&ss%5Bcat%5D=&page=5&bd_num=2742 HTTP/1.0" 200 214
211.254.253.60 - - [03/May/2012:09:34:44 +0900] "GET /rg4_board/view.php?&bbs_code=class_free&ss%5Bcat%5D=&page=30&bd_num=1522 HTTP/1.0" 200 215
211.254.253.60 - - [03/May/2012:09:34:44 +0900] "GET /rg4_board/view.php?&bbs_code=class_free&ss%5Bcat%5D=&page=31&bd_num=1671 HTTP/1.0" 200 215
211.254.253.60 - - [03/May/2012:09:34:44 +0900] "GET /rg4_board/view.php?&bbs_code=class_free&ss%5Bcat%5D=&page=30&bd_num=1472 HTTP/1.0" 200 215
211.254.253.60 - - [03/May/2012:09:34:44 +0900] "GET /rg4_board/view.php?&bbs_code=class_free&ss%5Bcat%5D=&page=5&bd_num=2821 HTTP/1.0" 200 214
211.39.150.195 - - [03/May/2012:09:35:06 +0900] "GET /rg4_board/write.php?&bbs_code=class_free&page=1&bd_num=3572&mode=modify HTTP/1.1" 200 9356
211.39.150.195 - - [03/May/2012:09:35:49 +0900] "GET /cgi-bin/cgitest.exe/rg4_board/view.php?&bbs_code=class_gallary&ss%5Bcat%5D=&page=17&bd_num=1228 HTTP/1.1" 200 218
61.247.204.37 - - [03/May/2012:09:36:53 +0900] "GET /rg4_board/view.php?bbs_code=open_6&bd_num=2081&page=2 HTTP/1.1" 200 27318
211.39.150.195 - - [03/May/2012:09:37:36 +0900] "GET /rg4_board/view.php?&bbs_code=class_gallary&ss%5Bcat%5D=&page=17&bd_num=1230 HTTP/1.1" 200 218
211.39.150.195 - - [03/May/2012:09:37:51 +0900] "GET /main/index.php?bbs_code=schedule&month=1&year=2871 HTTP/1.1" 200 33132
211.39.150.195 - - [03/May/2012:09:39:24 +0900] "GET /main/index.php HTTP/1.1" 200 35247
211.39.150.195 - - [03/May/2012:09:41:55 +0900] "GET /rg4_board/view.php?&bbs_code=class_gallary&ss%5Bcat%5D=&page=17&bd_num=1229 HTTP/1.1" 200 218
61.247.204.38 - - [03/May/2012:09:41:54 +0900] "GET /rg4_board/down.php?bbs_code=anthology_6&bd_num=3285&key=0&mode=down HTTP/1.1" 200 3061248
211.39.150.195 - - [03/May/2012:09:41:57 +0900] "GET /main/index.php?bbs_code=schedule&month=3&year=2870 HTTP/1.1" 200 33130
211.39.150.195 - - [03/May/2012:09:42:19 +0900] "GET /rg4_board/write.php?&bbs_code=class_free&page=10&bd_num=2461&mode=delete HTTP/1.1" 200 206
211.39.150.195 - - [03/May/2012:09:42:58 +0900] "GET /rg4_board/view.php?&bbs_code=class_gallary&ss%5Bcat%5D=&page=17&bd_num=1232 HTTP/1.1" 200 218
61.247.204.37 - - [03/May/2012:09:43:02 +0900] "GET /rg4_board/view.php?bbs_code=open_4&bd_num=1119&page=3 HTTP/1.1" 200 27185
211.39.150.195 - - [03/May/2012:09:44:48 +0900] "GET /rg4_board/view.php?&bbs_code=class_gallary&ss%5Bcat%5D=&page=17&bd_num=1233 HTTP/1.1" 200 218
61.247.204.36 - - [03/May/2012:09:44:49 +0900] "GET /rg4_board/slide.php?bbs_code=action&bd_num=2907 HTTP/1.1" 404 311
211.39.150.195 - - [03/May/2012:09:44:49 +0900] "GET /main/index.php?bbs_code=schedule&month=12&year=2871 HTTP/1.1" 200 33140
124.2.44.105 - - [03/May/2012:09:45:17 +0900] "GET /rg4_board/list.php?bbs_code=open_1&p=1 HTTP/1.0" 200 22474
124.2.44.105 - - [03/May/2012:09:46:07 +0900] "GET /rg4_board/down.php?bbs_code=class_free&bd_num=2739&key=0&mode=down&page=11 HTTP/1.0" 200 206
211.39.150.195 - - [03/May/2012:09:46:33 +0900] "GET /rg4_board/view.php?&bbs_code=class_gallary&ss%5Bcat%5D=&page=17&bd_num=1231 HTTP/1.1" 200 218
211.39.150.195 - - [03/May/2012:09:48:21 +0900] "GET /~newyonghwa/main/index.php?bbs_code=schedule&month=5&year=1684 HTTP/1.1" 404 318
61.247.204.38 - - [03/May/2012:09:48:46 +0900] "GET /rg4_data/board/02145_194_0.file HTTP/1.1" 200 1716133
211.39.150.195 - - [03/May/2012:09:49:33 +0900] "GET /rg4_board/write.php?&bbs_code=class_free&page=10&bd_num=2585&mode=delete HTTP/1.1" 200 206
211.39.150.195 - - [03/May/2012:09:50:08 +0900] "GET /rg4_board/view.php?&bbs_code=class_gallary&ss%5Bcat%5D=&page=18&bd_num=958 HTTP/1.1" 200 218
61.247.204.38 - - [03/May/2012:09:51:20 +0900] "GET /rg4_board/down.php?bbs_code=nurture&bd_num=1215&key=1&mode=down HTTP/1.1" 200 2006595
61.247.204.36 - - [03/May/2012:09:51:30 +0900] "GET /rg4_data/board/00152_804_0.file HTTP/1.1" 200 2164409
61.247.204.38 - - [03/May/2012:09:51:40 +0900] "GET /rg4_board/view.php?bbs_code=open_1&p=2 HTTP/1.1" 200 194
211.39.150.195 - - [03/May/2012:09:51:56 +0900] "GET /rg4_board/view.php?&bbs_code=class_gallary&ss%5Bcat%5D=&page=17&bd_num=1234 HTTP/1.1" 200 218
124.2.44.105 - - [03/May/2012:09:53:38 +0900] "GET /rg4_board/view.php?bbs_code=action&bd_num=2859 HTTP/1.0" 200 65537
211.39.150.195 - - [03/May/2012:09:53:43 +0900] "GET /rg4_board/view.php?&bbs_code=class_gallary&ss%5Bcat%5D=&page=17&bd_num=1235 HTTP/1.1" 200 218
211.39.150.195 - - [03/May/2012:09:54:07 +0900] "GET /main/index.php?bbs_code=schedule&month=6&year=2874 HTTP/1.1" 200 33096
211.39.150.195 - - [03/May/2012:09:54:07 +0900] "GET /rg4_member/find_pass.php?url=%2Fmain%2Findex.php%3Fbbs_code%3Dschedule%26month%3D4%26year%3D2871 HTTP/1.1" 200 10470
211.39.150.195 - - [03/May/2012:09:54:10 +0900] "GET /rg4_member/find_pass.php?url=%2Fmain%2Findex.php%3Fbbs_code%3Dschedule%26month%3D2%26year%3D2870 HTTP/1.1" 200 10470
124.2.44.105 - - [03/May/2012:09:55:05 +0900] "GET /rg4_board/view.php?bbs_code=course&bd_num=3574 HTTP/1.0" 200 20113
211.39.150.195 - - [03/May/2012:09:55:31 +0900] "GET /rg4_board/view.php?&bbs_code=class_gallary&ss%5Bcat%5D=&page=17&bd_num=1236 HTTP/1.1" 200 218
211.39.150.195 - - [03/May/2012:09:55:37 +0900] "GET /rg4_member/find_pass.php?url=%2Fmain%2Findex.php%3Fbbs_code%3Dschedule%26month%3D5%26year%3D2872 HTTP/1.1" 200 10470
66.249.71.46 - - [03/May/2012:09:56:46 +0900] "GET /rg4_board/write.php?&bbs_code=class_free&page=1&bd_num=3576&mode=modify HTTP/1.1" 200 9356
66.249.71.46 - - [03/May/2012:09:57:18 +0900] "GET /rg4_board/view.php?&bbs_code=class_gallary&ss%5Bcat%5D=&page=1&bd_num=2063 HTTP/1.1" 200 217
124.2.44.105 - - [03/May/2012:09:57:25 +0900] "GET /rg4_board/view.php?bbs_code=nurture&bd_num=1217 HTTP/1.0" 200 17145
66.249.71.46 - - [03/May/2012:09:57:40 +0900] "GET /rg4_member/find_pass.php?url=%2Fmain%2Findex.php%3Fbbs_code%3Dschedule%26month%3D9%26year%3D2872 HTTP/1.1" 200 10470
124.2.44.105 - - [03/May/2012:09:58:35 +0900] "GET /robots.txt HTTP/1.0" 404 302
124.2.44.105 - - [03/May/2012:09:58:35 +0900] "GET /rg4_board/view.php?&bbs_code=class_free&page=16&bd_num=2708 HTTP/1.0" 200 206
61.247.204.37 - - [03/May/2012:09:58:51 +0900] "GET /cgiwrap/rg4_board/down.php?bbs_code=anthology_4&bd_num=3279&key=0&mode=down HTTP/1.1" 200 977920
66.249.71.46 - - [03/May/2012:09:59:06 +0900] "GET /rg4_board/view.php?&bbs_code=class_free&ss%5Bcat%5D=&page=6&bd_num=2724 HTTP/1.1" 200 214
66.249.71.46 - - [03/May/2012:09:59:43 +0900] "GET /rg4_member/find_pass.php?url=%2Fmain%2Findex.php%3Fbbs_code%3Dschedule%26month%3D6%26year%3D2873 HTTP/1.1" 200 10470
124.2.44.105 - - [03/May/2012:10:00:01 +0900] "GET /rg4_board/view.php?&bbs_code=class_free&page=16&bd_num=2588 HTTP/1.0" 200 206
66.249.71.46 - - [03/May/2012:10:00:53 +0900] "GET /rg4_board/view.php?&bbs_code=class_gallary&page=1&bd_num=2303 HTTP/1.1" 200 208
66.249.71.46 - - [03/May/2012:10:01:38 +0900] "GET /rg4_board/view.php?&bbs_code=class_free&page=2&bd_num=2702 HTTP/1.1" 200 205
66.249.71.46 - - [03/May/2012:10:01:41 +0900] "GET /rg4_member/find_pass.php?url=%2Fmain%2Findex.php%3Fbbs_code%3Dschedule%26month%3D4%26year%3D2870 HTTP/1.1" 200 10470
66.249.71.46 - - [03/May/2012:10:02:41 +0900] "GET /rg4_board/view.php?&bbs_code=class_gallary&ss%5Bcat%5D=&page=12&bd_num=1397 HTTP/1.1" 200 218
66.249.71.46 - - [03/May/2012:10:03:49 +0900] "GET /rg4_member/find_pass.php?url=%2Fmain%2Findex.php%3Fbbs_code%3Dschedule%26month%3D8%26year%3D2872 HTTP/1.1" 200 10470
66.249.71.46 - - [03/May/2012:10:04:00 +0900] "GET /rg4_board/write.php?&bbs_code=class_free&page=1&bd_num=3580&mode=reply HTTP/1.1" 200 9356
66.249.71.46 - - [03/May/2012:10:04:28 +0900] "GET /rg4_board/view.php?&bbs_code=class_gallary&ss%5Bcat%5D=&page=17&bd_num=1132 HTTP/1.1" 200 218
124.2.44.105 - - [03/May/2012:10:05:11 +0900] "GET /rg4_board/view.php?&bbs_code=class_free&page=22&bd_num=2166 HTTP/1.0" 200 206
66.249.71.46 - - [03/May/2012:10:05:53 +0900] "GET /rg4_member/find_pass.php?url=%2Fmain%2Findex.php%3Fbbs_code%3Dschedule%26month%3D11%26year%3D2871 HTTP/1.1" 200 10470
66.249.71.46 - - [03/May/2012:10:06:16 +0900] "GET /rg4_board/view.php?&bbs_code=class_gallary&ss%5Bcat%5D=&page=20&bd_num=847 HTTP/1.1" 200 218
66.249.71.46 - - [03/May/2012:10:07:56 +0900] "GET /rg4_member/find_pass.php?url=%2Fmain%2Findex.php%3Fbbs_code%3Dschedule%26month%3D10%26year%3D2872 HTTP/1.1" 200 10470
66.249.71.46 - - [03/May/2012:10:08:03 +0900] "GET /rg4_board/view.php?&bbs_code=class_gallary&ss%5Bcat%5D=&page=20&bd_num=848 HTTP/1.1" 200 218
61.247.204.38 - - [03/May/2012:10:08:15 +0900] "GET /rg4_board/view.php?bbs_code=action&bd_num=111&page=5 HTTP/1.1" 200 66055
61.247.204.39 - - [03/May/2012:10:08:33 +0900] "GET /rg4_board/down.php?bbs_code=open_4&bd_num=2054&key=0&mode=down HTTP/1.1" 200 41472
124.2.44.105 - - [03/May/2012:10:09:40 +0900] "GET /rg4_board/view.php?&bbs_code=class_free&page=26&bd_num=1734 HTTP/1.0" 200 206
66.249.71.46 - - [03/May/2012:10:09:51 +0900] "GET /main/index.php?bbs_code=schedule&month=11&year=2872 HTTP/1.1" 200 33108
66.249.71.46 - - [03/May/2012:10:09:58 +0900] "GET /rg4_board/view.php?&bbs_code=class_gallary&ss%5Bcat%5D=&page=20&bd_num=866 HTTP/1.1" 200 218
66.249.71.46 - - [03/May/2012:10:11:13 +0900] "GET /rg4_board/write.php?&bbs_code=class_free&page=10&bd_num=2632&mode=modify HTTP/1.1" 200 206
125.251.159.98 - - [03/May/2012:10:11:36 +0900] "GET /?myPath=http://www.kriko-car.hu/e107_images/fileinspector/banner.jpg%3f%3f%3f HTTP/1.1" 200 552
125.251.159.98 - - [03/May/2012:10:11:37 +0900] "GET /?myPath=http://www.kriko-car.hu/e107_images/fileinspector/banner.jpg%3f%3f%3f HTTP/1.1" 200 552
66.249.71.46 - - [03/May/2012:10:11:38 +0900] "GET /rg4_board/view.php?&bbs_code=class_gallary&ss%5Bcat%5D=&page=20&bd_num=867 HTTP/1.1" 200 218
125.251.159.98 - - [03/May/2012:10:11:41 +0900] "GET /?myPath=http://www.kriko-car.hu/e107_images/fileinspector/banner.jpg%3f%3f%3f HTTP/1.1" 200 552
125.251.159.98 - - [03/May/2012:10:11:43 +0900] "GET /?myPath=http://www.kriko-car.hu/e107_images/fileinspector/banner.jpg%3f%3f%3f HTTP/1.1" 200 552
125.251.159.98 - - [03/May/2012:10:11:46 +0900] "GET /?myPath=http://www.kriko-car.hu/e107_images/fileinspector/banner.jpg%3f%3f%3f HTTP/1.1" 200 552
66.249.71.46 - - [03/May/2012:10:11:49 +0900] "GET /main/index.php?bbs_code=schedule&month=3&year=2871 HTTP/1.1" 200 33130
125.251.159.98 - - [03/May/2012:10:12:00 +0900] "GET /?myPath=http://www.kriko-car.hu/e107_images/fileinspector/banner.jpg%3f%3f%3f HTTP/1.1" 200 552
125.251.159.98 - - [03/May/2012:10:12:06 +0900] "GET /?myPath=http://www.kriko-car.hu/e107_images/fileinspector/banner.jpg%3f%3f%3f HTTP/1.1" 200 552
125.251.159.98 - - [03/May/2012:10:12:08 +0900] "GET /?myPath=http://www.kriko-car.hu/e107_images/fileinspector/banner.jpg%3f%3f%3f HTTP/1.1" 200 552
124.2.44.105 - - [03/May/2012:10:13:09 +0900] "GET /rg4_board/view.php?bbs_code=schedule&bd_num=3256&day=13&month=2&year=2012 HTTP/1.0" 200 43889
66.249.71.46 - - [03/May/2012:10:13:26 +0900] "GET /rg4_board/view.php?&bbs_code=class_gallary&ss%5Bcat%5D=&page=20&bd_num=869 HTTP/1.1" 200 218
66.249.71.46 - - [03/May/2012:10:13:54 +0900] "GET /main/index.php?bbs_code=schedule&month=9&year=2873 HTTP/1.1" 200 33098
66.249.71.46 - - [03/May/2012:10:15:13 +0900] "GET classifields.cgi/rg4_board/view.php?&bbs_code=class_gallary&ss%5Bcat%5D=&page=20&bd_num=870 HTTP/1.1" 200 218
124.2.44.105 - - [03/May/2012:10:15:20 +0900] "GET /cgi-bin/csh/rg4_board/view.php?&bbs_code=class_free&page=16&bd_num=2596 HTTP/1.0" 200 206
124.2.44.105 - - [03/May/2012:10:15:59 +0900] "GET /favicon.ico HTTP/1.0" 404 303
124.2.44.105 - - [03/May/2012:10:15:59 +0900] "GET /rg4_board/down.php?bbs_code=morality&bd_num=167&key=0&mode=down HTTP/1.0" 200 47104
66.249.71.46 - - [03/May/2012:10:16:01 +0900] "GET /main/index.php?bbs_code=schedule&month=4&year=2872 HTTP/1.1" 200 33096
124.2.44.105 - - [03/May/2012:10:16:29 +0900] "GET /rg4_board/down.php?bbs_code=open_1&bd_num=2348&key=0&mode=down&page=3 HTTP/1.0" 200 25600
66.249.71.46 - - [03/May/2012:10:17:00 +0900] "GET /rg4_board/view.php?&bbs_code=class_gallary&ss%5Bcat%5D=&page=20&bd_num=871 HTTP/1.1" 200 218
66.249.71.46 - - [03/May/2012:10:18:09 +0900] "GET /main/index.php?bbs_code=schedule&month=10&year=2873 HTTP/1.1" 200 33140
66.249.71.46 - - [03/May/2012:10:18:27 +0900] "GET /rg4_board/write.php?&bbs_code=class_free&page=10&bd_num=2670&mode=delete HTTP/1.1" 200 206
66.249.71.46 - - [03/May/2012:10:18:48 +0900] "GET /rg4_board/view.php?&bbs_code=class_gallary&ss%5Bcat%5D=&page=20&bd_num=872 HTTP/1.1" 200 218
124.2.44.105 - - [03/May/2012:10:19:19 +0900] "GET /rg4_data/board/02861_433_0.file HTTP/1.0" 200 1681436
124.2.44.105 - - [03/May/2012:10:19:49 +0900] "GET /cgi-bin/day5data/rg4_board/view.php?bbs_code=praise&bd_num=3129 HTTP/1.0" 200 25430
124.2.44.105 - - [03/May/2012:10:20:09 +0900] "GET /rg4_board/view.php?bbs_code=open_1&bd_num=1027&page=7 HTTP/1.0" 200 27830
66.249.71.46 - - [03/May/2012:10:20:22 +0900] "GET /dfire.cgi/main/index.php?bbs_code=schedule&month=5&year=2873 HTTP/1.1" 200 33130
66.249.71.46 - - [03/May/2012:10:20:35 +0900] "GET /rg4_board/view.php?&bbs_code=class_gallary&ss%5Bcat%5D=&page=20&bd_num=873 HTTP/1.1" 200 218
124.2.44.105 - - [03/May/2012:10:21:09 +0900] "GET /rg4_board/view.php?bbs_code=open_1&bd_num=3352&page=2 HTTP/1.0" 200 27342
66.249.71.46 - - [03/May/2012:10:22:31 +0900] "GET /rg4_board/view.php?&bbs_code=class_free&ss%5Bcat%5D=&page=6&bd_num=2685 HTTP/1.1" 200 214
66.249.71.46 - - [03/May/2012:10:22:37 +0900] "GET /main/index.php?bbs_code=schedule&month=2&year=2871 HTTP/1.1" 200 33038
124.2.44.105 - - [03/May/2012:10:22:55 +0900] "GET /rg4_board/view.php?&bbs_code=class_free&page=6&bd_num=3029 HTTP/1.0" 200 205
66.249.71.46 - - [03/May/2012:10:24:10 +0900] "GET /rg4_board/view.php?&bbs_code=class_free&ss%5Bcat%5D=&page=7&bd_num=1982 HTTP/1.1" 200 214
66.249.71.46 - - [03/May/2012:10:25:40 +0900] "GET /rg4_board/write.php?&bbs_code=class_free&page=1&bd_num=3581&mode=modify HTTP/1.1" 200 9356
66.249.71.46 - - [03/May/2012:10:25:58 +0900] "GET /rg4_board/view.php?&bbs_code=class_free&ss%5Bcat%5D=&page=7&bd_num=2976 HTTP/1.1" 200 214
124.2.44.105 - - [03/May/2012:10:26:07 +0900] "GET /rg4_board/view.php?&bbs_code=open_1&page=2&bd_num=3389 HTTP/1.0" 200 27916
66.249.71.46 - - [03/May/2012:10:27:45 +0900] "GET /rg4_board/view.php?&bbs_code=class_free&ss%5Bcat%5D=&page=7&bd_num=2768 HTTP/1.1" 200 214
66.249.71.46 - - [03/May/2012:10:29:33 +0900] "GET /rg4_board/view.php?&bbs_code=class_free&page=5&bd_num=2015 HTTP/1.1" 200 205
66.249.71.46 - - [03/May/2012:10:29:48 +0900] "GET /rg4_board/view.php?bbs_code=schedule&bd_num=3733&year=2012&month=5&day=21 HTTP/1.1" 200 48117
66.249.71.46 - - [03/May/2012:10:31:01 +0900] "GET /rg4_board/view.php?bbs_code=schedule&bd_num=3730&year=2012&month=5&day=11 HTTP/1.1" 200 48104
66.249.71.46 - - [03/May/2012:10:31:20 +0900] "GET /rg4_board/view.php?&bbs_code=class_free&ss%5Bcat%5D=&page=1&bd_num=1789 HTTP/1.1" 200 214
66.249.71.46 - - [03/May/2012:10:31:41 +0900] "GET /~newyonghwa/main/index.php?bbs_code=schedule&month=8&year=2295 HTTP/1.1" 404 318
66.249.71.46 - - [03/May/2012:10:32:18 +0900] "GET /rg4_board/view.php?bbs_code=schedule&bd_num=3732&year=2012&month=5&day=15 HTTP/1.1" 200 48095
66.249.71.46 - - [03/May/2012:10:32:54 +0900] "GET /rg4_board/write.php?&bbs_code=class_free&page=1&bd_num=3583&mode=reply HTTP/1.1" 200 9356
124.2.44.105 - - [03/May/2012:10:33:04 +0900] "GET /rg4_board/view.php?bbs_code=open_2&bd_num=1411&page=2 HTTP/1.0" 200 25305
66.249.71.46 - - [03/May/2012:10:33:07 +0900] "GET /rg4_board/view.php?&bbs_code=class_free&page=6&bd_num=1454 HTTP/1.1" 200 205
66.249.71.46 - - [03/May/2012:10:33:34 +0900] "GET /rg4_board/view.php?bbs_code=schedule&bd_num=3727&year=2012&month=5&day=2 HTTP/1.1" 200 48117
66.249.71.46 - - [03/May/2012:10:34:54 +0900] "GET /rg4_board/view.php?bbs_code=schedule&bd_num=3735&year=2012&month=5&day=25 HTTP/1.1" 200 48097
66.249.71.46 - - [03/May/2012:10:34:56 +0900] "GET /rg4_board/view.php?&bbs_code=class_free&ss%5Bcat%5D=&page=3&bd_num=1979 HTTP/1.1" 200 214
66.249.71.46 - - [03/May/2012:10:36:11 +0900] "GET /rg4_board/view.php?bbs_code=schedule&bd_num=3734&year=2012&month=5&day=22 HTTP/1.1" 200 48107
66.249.71.46 - - [03/May/2012:10:36:41 +0900] "GET /~newyonghwa/main/index.php?bbs_code=schedule&month=12&year=1681 HTTP/1.1" 404 318
66.249.71.46 - - [03/May/2012:10:36:43 +0900] "GET /rg4_board/view.php?&bbs_code=class_free&ss%5Bcat%5D=&page=7&bd_num=1765 HTTP/1.1" 200 214
66.249.71.46 - - [03/May/2012:10:37:27 +0900] "GET /rg4_board/view.php?bbs_code=schedule&bd_num=3726&year=2012&month=5&day=1 HTTP/1.1" 200 48120
124.2.44.105 - - [03/May/2012:10:37:36 +0900] "GET /rg4_board/view.php?&bbs_code=class_free&page=22&bd_num=2383 HTTP/1.0" 200 206
124.2.44.105 - - [03/May/2012:10:37:43 +0900] "GET /rg4_board/view.php?&bbs_code=class_free&page=19 HTTP/1.0" 200 206
66.249.71.46 - - [03/May/2012:10:38:30 +0900] "GET /rg4_board/view.php?&bbs_code=class_free&page=4&bd_num=1580 HTTP/1.1" 200 205
124.2.44.105 - - [03/May/2012:10:38:30 +0900] "GET /rg4_board/view.php?&bbs_code=class_free&page=26&bd_num=1787 HTTP/1.0" 200 206
66.249.71.46 - - [03/May/2012:10:38:43 +0900] "GET /rg4_board/view.php?bbs_code=schedule&bd_num=3731&year=2012&month=5&day=12 HTTP/1.1" 200 48098
66.249.71.46 - - [03/May/2012:10:40:04 +0900] "GET /rg4_board/view.php?bbs_code=schedule&bd_num=3729&year=2012&month=5&day=9 HTTP/1.1" 200 48107
66.249.71.46 - - [03/May/2012:10:40:13 +0900] "GET /rg4_board/write.php?&bbs_code=class_free&page=10&bd_num=2702&mode=delete HTTP/1.1" 200 206
66.249.71.46 - - [03/May/2012:10:40:17 +0900] "GET /rg4_board/view.php?&bbs_code=class_free&page=5&bd_num=2013 HTTP/1.1" 200 205
124.2.44.105 - - [03/May/2012:10:40:34 +0900] "GET /rg4_board/write.php?&bbs_code=class_noti&ss%5Bcat%5D=&page=4&bd_num=1670&mode=delete HTTP/1.0" 200 214
124.2.44.105 - - [03/May/2012:10:41:01 +0900] "GET /rg4_board/view.php?&bbs_code=class_free&page=26&bd_num=1738 HTTP/1.0" 200 206
66.249.71.46 - - [03/May/2012:10:41:20 +0900] "GET /cgi-bin/dumpenv.pl/main/index.php?bbs_code=schedule&month=5&year=2013 HTTP/1.1" 200 33125
124.2.44.105 - - [03/May/2012:10:41:49 +0900] "GET /rg4_board/view.php?&bbs_code=class_free&page=26&bd_num=1765 HTTP/1.0" 200 206
66.249.71.46 - - [03/May/2012:10:42:05 +0900] "GET /rg4_board/view.php?&bbs_code=class_free&page=7&bd_num=1797 HTTP/1.1" 200 205
66.249.71.46 - - [03/May/2012:10:42:36 +0900] "GET /rg4_board/view.php?bbs_code=schedule&bd_num=3728&year=2012&month=5&day=4 HTTP/1.1" 200 48104
66.249.71.46 - - [03/May/2012:10:43:52 +0900] "GET /rg4_board/view.php?bbs_code=schedule&bd_num=3736&year=2012&month=5&day=29 HTTP/1.1" 200 48114
66.249.71.46 - - [03/May/2012:10:43:57 +0900] "GET /rg4_board/view.php?&bbs_code=class_free&ss%5Bcat%5D=&page=1&bd_num=1797 HTTP/1.1" 200 214
66.249.71.46 - - [03/May/2012:10:45:14 +0900] "GET /rg4_board/view.php?bbs_code=schedule&bd_num=3738&year=2012&month=5&day=26 HTTP/1.1" 200 48099
66.249.71.46 - - [03/May/2012:10:45:40 +0900] "GET /rg4_board/view.php?&bbs_code=class_free&ss%5Bcat%5D=&page=1&bd_num=1799 HTTP/1.1" 200 214
66.249.71.46 - - [03/May/2012:10:46:30 +0900] "GET /rg4_board/view.php?bbs_code=schedule&bd_num=3737&year=2012&month=5&day=19 HTTP/1.1" 200 48099
66.249.71.46 - - [03/May/2012:10:47:21 +0900] "GET /rg4_board/write.php?&bbs_code=class_free&page=1&bd_num=3587&mode=reply HTTP/1.1" 200 9356
66.249.71.46 - - [03/May/2012:10:47:28 +0900] "GET /rg4_board/view.php?&bbs_code=class_free&ss%5Bcat%5D=&page=3&bd_num=1978 HTTP/1.1" 200 214
66.249.71.46 - - [03/May/2012:10:47:45 +0900] "GET /rg4_member/find_pass.php?url=%2Fmain%2Findex.php%3Fbbs_code%3Dschedule%26month%3D1%26year%3D2871 HTTP/1.1" 200 10470
124.2.44.105 - - [03/May/2012:10:47:54 +0900] "GET /rg4_board/view.php?&bbs_code=class_free&page=26&bd_num=1737 HTTP/1.0" 200 206
66.249.71.46 - - [03/May/2012:10:49:08 +0900] "GET /rg4_member/find_pass.php?url=%2Fmain%2Findex.php%3Fbbs_code%3Dschedule%26month%3D7%26year%3D2874 HTTP/1.1" 200 10470
66.249.71.46 - - [03/May/2012:10:49:15 +0900] "GET /rg4_board/view.php?&bbs_code=class_free&ss%5Bcat%5D=&page=3&bd_num=2012 HTTP/1.1" 200 214
124.2.44.105 - - [03/May/2012:10:49:52 +0900] "GET /rg4_board/view.php?&bbs_code=class_free&page=26&bd_num=1739 HTTP/1.0" 200 206
66.249.71.46 - - [03/May/2012:10:50:25 +0900] "GET /rg4_member/find_pass.php?url=%2Fmain%2Findex.php%3Fbbs_code%3Dschedule%26month%3D8%26year%3D2873 HTTP/1.1" 200 10470
124.2.44.105 - - [03/May/2012:10:50:32 +0900] "GET /rg4_board/write.php?&bbs_code=open_1&page=3&bd_num=1513&mode=modify HTTP/1.0" 200 10543
66.249.71.46 - - [03/May/2012:10:51:02 +0900] "GET /rg4_board/view.php?&bbs_code=class_free&ss%5Bcat%5D=&page=5&bd_num=1522 HTTP/1.1" 200 214
124.2.44.105 - - [03/May/2012:10:51:31 +0900] "GET /rg4_board/view.php?&bbs_code=class_free&page=16&bd_num=2724 HTTP/1.0" 200 206
124.2.44.105 - - [03/May/2012:10:51:34 +0900] "GET /rg4_board/down.php?bbs_code=class_free&bd_num=2927&key=0&mode=down&page=3&ss[cat]=170 HTTP/1.0" 200 217
66.249.71.46 - - [03/May/2012:10:51:39 +0900] "GET /rg4_member/find_pass.php?url=%2Fmain%2Findex.php%3Fbbs_code%3Dschedule%26month%3D6%26year%3D2874 HTTP/1.1" 200 10470
66.249.71.46 - - [03/May/2012:10:52:50 +0900] "GET /rg4_board/view.php?&bbs_code=class_free&page=3&bd_num=2126 HTTP/1.1" 200 205
66.249.71.46 - - [03/May/2012:10:52:53 +0900] "GET /rg4_member/find_pass.php?url=%2Fmain%2Findex.php%3Fbbs_code%3Dschedule%26month%3D3%26year%3D2870 HTTP/1.1" 200 10470
66.249.71.46 - - [03/May/2012:10:54:21 +0900] "GET /rg4_member/find_pass.php?url=%2Fmain%2Findex.php%3Fbbs_code%3Dschedule%26month%3D12%26year%3D2871 HTTP/1.1" 200 10470
66.249.71.46 - - [03/May/2012:10:54:34 +0900] "GET /rg4_board/write.php?&bbs_code=class_free&page=10&bd_num=2727&mode=reply HTTP/1.1" 200 206
66.249.71.46 - - [03/May/2012:10:54:37 +0900] "GET /rg4_board/view.php?&bbs_code=class_free&page=4&bd_num=1578 HTTP/1.1" 200 205
124.2.44.105 - - [03/May/2012:10:55:06 +0900] "GET /rg4_board/view.php?&bbs_code=class_free&page=16&bd_num=2711 HTTP/1.0" 200 206
124.2.44.105 - - [03/May/2012:10:55:18 +0900] "GET /rg4_board/view.php?bbs_code=open_8&bd_num=3644 HTTP/1.0" 200 23604
124.2.44.105 - - [03/May/2012:10:55:22 +0900] "GET /rg4_board/view.php?&bbs_code=class_free&page=22&bd_num=2488 HTTP/1.0" 200 206
66.249.71.46 - - [03/May/2012:10:55:37 +0900] "GET /cgi-bin/environ.cgi/main/index.php?bbs_code=schedule&month=7&year=2875 HTTP/1.1" 200 33130
124.2.44.105 - - [03/May/2012:10:55:39 +0900] "GET /rg4_board/view.php?&bbs_code=class_free&page=16&bd_num=2553 HTTP/1.0" 200 206
66.249.71.46 - - [03/May/2012:10:56:25 +0900] "GET /rg4_board/view.php?&bbs_code=class_free&page=4&bd_num=1579 HTTP/1.1" 200 205
124.2.44.105 - - [03/May/2012:10:56:41 +0900] "GET /rg4_board/view.php?&bbs_code=class_free&page=16&bd_num=2587 HTTP/1.0" 200 206
66.249.71.46 - - [03/May/2012:10:56:48 +0900] "GET /main/index.php?bbs_code=schedule&month=5&year=2874 HTTP/1.1" 200 33130
124.2.44.105 - - [03/May/2012:10:58:08 +0900] "GET /rg4_board/view.php?&bbs_code=class_free&page=16&bd_num=2507 HTTP/1.0" 200 206
66.249.71.46 - - [03/May/2012:10:58:12 +0900] "GET /rg4_board/view.php?&bbs_code=class_free&page=4&bd_num=2034 HTTP/1.1" 200 205
66.249.71.46 - - [03/May/2012:10:58:15 +0900] "GET /main/index.php?bbs_code=schedule&month=6&year=2875 HTTP/1.1" 200 33096
61.247.204.37 - - [03/May/2012:10:59:10 +0900] "GET /rg4_board/down.php?bbs_code=class_noti&bd_num=1800&key=0&mode=down&page=1&ss[cat]=241 HTTP/1.1" 200 217
66.249.71.46 - - [03/May/2012:10:59:37 +0900] "GET /main/index.php?bbs_code=schedule&month=1&year=2872 HTTP/1.1" 200 33132
66.249.71.46 - - [03/May/2012:10:59:59 +0900] "GET /rg4_board/view.php?&bbs_code=class_free&page=5&bd_num=2014 HTTP/1.1" 200 205
66.249.71.46 - - [03/May/2012:11:01:27 +0900] "GET /rg4_member/find_pass.php?url=%2Fmain%2Findex.php%3Fbbs_code%3Dschedule%26month%3D2%26year%3D2871 HTTP/1.1" 200 10470
66.249.71.46 - - [03/May/2012:11:01:47 +0900] "GET /rg4_board/view.php?&bbs_code=class_free&page=6&bd_num=1379 HTTP/1.1" 200 205
66.249.71.46 - - [03/May/2012:11:03:31 +0900] "GET /rg4_board/write.php?&bbs_code=class_free&page=10&bd_num=2834&mode=modify HTTP/1.1" 200 206
66.249.71.46 - - [03/May/2012:11:03:34 +0900] "GET /rg4_member/find_pass.php?url=%2Fmain%2Findex.php%3Fbbs_code%3Dschedule%26month%3D5%26year%3D2873 HTTP/1.1" 200 10470
66.249.71.46 - - [03/May/2012:11:03:36 +0900] "GET /rg4_board/view.php?&bbs_code=class_free&page=6&bd_num=1456 HTTP/1.1" 200 205
66.249.71.46 - - [03/May/2012:11:05:22 +0900] "GET /rg4_board/view.php?&bbs_code=class_free&page=6&bd_num=1760 HTTP/1.1" 200 205
66.249.71.46 - - [03/May/2012:11:05:47 +0900] "GET /rg4_member/find_pass.php?url=%2Fmain%2Findex.php%3Fbbs_code%3Dschedule%26month%3D4%26year%3D2872 HTTP/1.1" 200 10470
66.249.71.46 - - [03/May/2012:11:07:10 +0900] "GET /rg4_board/view.php?&bbs_code=class_free&page=6&bd_num=1858 HTTP/1.1" 200 205
66.249.71.46 - - [03/May/2012:11:08:00 +0900] "GET /rg4_member/find_pass.php?url=%2Fmain%2Findex.php%3Fbbs_code%3Dschedule%26month%3D9%26year%3D2873 HTTP/1.1" 200 10470
66.249.71.46 - - [03/May/2012:11:08:57 +0900] "GET /rg4_board/view.php?&bbs_code=class_free&page=6&bd_num=1862 HTTP/1.1" 200 205
124.2.44.105 - - [03/May/2012:11:09:19 +0900] "GET /rg4_board/view.php?bbs_code=association&bd_num=3847 HTTP/1.0" 200 22020
66.249.71.46 - - [03/May/2012:11:10:14 +0900] "GET /rg4_member/find_pass.php?url=%2Fmain%2Findex.php%3Fbbs_code%3Dschedule%26month%3D3%26year%3D2871 HTTP/1.1" 200 10470
66.249.71.46 - - [03/May/2012:11:10:44 +0900] "GET /envout.bat/rg4_board/view.php?&bbs_code=class_free&page=6&bd_num=1864 HTTP/1.1" 200 205
124.2.44.105 - - [03/May/2012:11:11:07 +0900] "GET /rg4_board/view.php?bbs_code=schedule&bd_num=3751&day=30&month=6&year=2012 HTTP/1.0" 200 47083
124.2.44.105 - - [03/May/2012:11:12:08 +0900] "GET /rg4_board/view.php?bbs_code=open_1&bd_num=364&page=9 HTTP/1.0" 200 27525
66.249.71.46 - - [03/May/2012:11:12:27 +0900] "GET faxsurvey/rg4_member/find_pass.php?url=%2Fmain%2Findex.php%3Fbbs_code%3Dschedule%26month%3D10%26year%3D2873 HTTP/1.1" 200 10470
66.249.71.46 - - [03/May/2012:11:12:28 +0900] "GET filemail.pl/rg4_board/write.php?&bbs_code=class_free&page=10&bd_num=2839&mode=modify HTTP/1.1" 200 206
66.249.71.46 - - [03/May/2012:11:12:33 +0900] "GET /rg4_board/view.php?&bbs_code=class_free&page=6&bd_num=1981 HTTP/1.1" 200 205
66.249.71.46 - - [03/May/2012:11:14:19 +0900] "GET /rg4_board/view.php?&bbs_code=class_free&page=7&bd_num=1798 HTTP/1.1" 200 205
66.249.71.46 - - [03/May/2012:11:14:29 +0900] "GET /rg4_member/find_pass.php?url=%2Fmain%2Findex.php%3Fbbs_code%3Dschedule%26month%3D11%26year%3D2872 HTTP/1.1" 200 10470
66.249.71.46 - - [03/May/2012:11:16:07 +0900] "GET /rg4_board/view.php?&bbs_code=class_free&page=7&bd_num=1799 HTTP/1.1" 200 205
66.249.71.46 - - [03/May/2012:11:16:43 +0900] "GET /main/index.php?bbs_code=schedule&month=10&year=2874 HTTP/1.1" 200 33140
124.2.44.105 - - [03/May/2012:11:17:47 +0900] "GET /rg4_board/view.php?&bbs_code=class_free&page=16&bd_num=2686 HTTP/1.0" 200 206
66.249.71.46 - - [03/May/2012:11:17:54 +0900] "GET /rg4_board/view.php?&bbs_code=class_free&page=7&bd_num=1846 HTTP/1.1" 200 205
124.2.44.105 - - [03/May/2012:11:18:46 +0900] "GET /rg4_board/view.php?&bbs_code=open_1&page=2&bd_num=3419 HTTP/1.0" 200 27853
66.249.71.46 - - [03/May/2012:11:18:58 +0900] "GET /main/index.php?bbs_code=schedule&month=3&year=2872 HTTP/1.1" 200 33130
66.249.71.46 - - [03/May/2012:11:19:42 +0900] "GET /rg4_board/view.php?&bbs_code=class_free&ss%5Bcat%5D=&page=1&bd_num=1787 HTTP/1.1" 200 214
124.2.44.105 - - [03/May/2012:11:20:16 +0900] "GET /rg4_board/view.php?&bbs_code=class_free&page=16&bd_num=2685 HTTP/1.0" 200 206
124.2.44.105 - - [03/May/2012:11:20:28 +0900] "GET /rg4_board/view.php?&bbs_code=class_free&page=16&bd_num=2687 HTTP/1.0" 200 206
124.2.44.105 - - [03/May/2012:11:21:12 +0900] "GET /rg4_board/view.php?bbs_code=association&bd_num=3870 HTTP/1.0" 200 21544
124.2.44.105 - - [03/May/2012:11:21:12 +0900] "GET /rg4_board/view.php?bbs_code=open_7&bd_num=3564 HTTP/1.0" 200 67059
66.249.71.46 - - [03/May/2012:11:21:14 +0900] "GET /main/index.php?bbs_code=schedule&month=4&year=2873 HTTP/1.1" 200 33096
66.249.71.46 - - [03/May/2012:11:21:23 +0900] "GET /rg4_board/write.php?&bbs_code=class_free&page=10&bd_num=2840&mode=reply HTTP/1.1" 200 206
66.249.71.46 - - [03/May/2012:11:21:29 +0900] "GET /rg4_board/view.php?&bbs_code=class_free&ss%5Bcat%5D=&page=1&bd_num=1796 HTTP/1.1" 200 214
124.2.44.105 - - [03/May/2012:11:22:02 +0900] "GET /cgi-bin/finger/rg4_board/down.php?bbs_code=class_free&bd_num=2768&key=0&mode=down&page=11 HTTP/1.0" 200 206
124.2.44.105 - - [03/May/2012:11:22:29 +0900] "GET /rg4_board/view.php?&bbs_code=class_free&page=16&bd_num=2689 HTTP/1.0" 200 206
66.249.71.46 - - [03/May/2012:11:23:17 +0900] "GET /rg4_board/view.php?&bbs_code=class_free&ss%5Bcat%5D=&page=3&bd_num=1924 HTTP/1.1" 200 214
66.249.71.46 - - [03/May/2012:11:23:18 +0900] "GET /main/index.php?bbs_code=schedule&month=11&year=2873 HTTP/1.1" 200 33108
124.2.44.105 - - [03/May/2012:11:23:17 +0900] "GET /rg4_board/view.php?bbs_code=gifted_5&bd_num=3472 HTTP/1.0" 200 65621
124.2.44.105 - - [03/May/2012:11:24:48 +0900] "GET /rg4_board/view.php?&bbs_code=class_free&page=16&bd_num=2694 HTTP/1.0" 200 206
124.2.44.105 - - [03/May/2012:11:24:57 +0900] "GET /rg4_board/down.php?bbs_code=open_5&bd_num=3375&key=0&mode=down HTTP/1.0" 200 13824
66.249.71.46 - - [03/May/2012:11:25:04 +0900] "GET /rg4_board/view.php?&bbs_code=class_free&ss%5Bcat%5D=&page=3&bd_num=1943 HTTP/1.1" 200 214
124.2.44.105 - - [03/May/2012:11:25:19 +0900] "GET /rg4_board/view.php?&bbs_code=class_free&page=16&bd_num=2695 HTTP/1.0" 200 206
66.249.71.46 - - [03/May/2012:11:25:26 +0900] "GET /main/index.php?bbs_code=schedule&month=9&year=2874 HTTP/1.1" 200 33098
124.2.44.105 - - [03/May/2012:11:25:35 +0900] "GET /rg4_board/view.php?&bbs_code=class_free&page=16&bd_num=2700 HTTP/1.0" 200 206
124.2.44.105 - - [03/May/2012:11:26:47 +0900] "GET /rg4_board/view.php?bbs_code=open_1&bd_num=369&page=9 HTTP/1.0" 200 27585
66.249.71.46 - - [03/May/2012:11:26:51 +0900] "GET /rg4_board/view.php?&bbs_code=class_free&ss%5Bcat%5D=&page=3&bd_num=2014 HTTP/1.1" 200 214
124.2.44.105 - - [03/May/2012:11:27:15 +0900] "GET /rg4_board/view.php?&bbs_code=class_free&page=16&bd_num=2697 HTTP/1.0" 200 206
66.249.71.46 - - [03/May/2012:11:27:43 +0900] "GET /rg4_member/find_pass.php?url=%2Fmain%2Findex.php%3Fbbs_code%3Dschedule%26month%3D5%26year%3D2013 HTTP/1.1" 200 10470
124.2.44.105 - - [03/May/2012:11:27:50 +0900] "GET /rg4_member/login.php?ret_url=/rg4_member/mail.php?to=bhcl0ve@hanmail.net HTTP/1.0" 200 10250
124.2.44.105 - - [03/May/2012:11:28:17 +0900] "GET /rg4_board/view.php?&bbs_code=class_free&page=16&bd_num=2704 HTTP/1.0" 200 206
66.249.71.46 - - [03/May/2012:11:28:39 +0900] "GET /rg4_board/view.php?&bbs_code=class_free&ss%5Bcat%5D=&page=7&bd_num=1787 HTTP/1.1" 200 214
124.2.44.105 - - [03/May/2012:11:29:47 +0900] "GET /formmail.pl/rg4_board/view.php?bbs_code=open_1&bd_num=323&page=11 HTTP/1.0" 200 23806
66.249.71.46 - - [03/May/2012:11:30:05 +0900] "GET /rg4_member/find_pass.php?url=%2Fmain%2Findex.php%3Fbbs_code%3Dschedule%26month%3D5%26year%3D2874 HTTP/1.1" 200 10470
66.249.71.46 - - [03/May/2012:11:30:19 +0900] "GET /rg4_board/write.php?&bbs_code=class_free&page=10&bd_num=2841&mode=modify HTTP/1.1" 200 206
66.249.71.46 - - [03/May/2012:11:30:26 +0900] "GET /rg4_board/view.php?&bbs_code=class_free&ss%5Bcat%5D=&page=3&bd_num=1875 HTTP/1.1" 200 214
124.2.44.105 - - [03/May/2012:11:30:33 +0900] "GET /rg4_board/view.php?&bbs_code=class_free&page=16&bd_num=2703 HTTP/1.0" 200 206
66.249.71.46 - - [03/May/2012:11:32:36 +0900] "GET /rg4_board/view.php?&bbs_code=class_free&ss%5Bcat%5D=&page=5&bd_num=1569 HTTP/1.1" 200 214
66.249.71.46 - - [03/May/2012:11:32:37 +0900] "GET /rg4_member/find_pass.php?url=%2Fmain%2Findex.php%3Fbbs_code%3Dschedule%26month%3D6%26year%3D2875 HTTP/1.1" 200 10470
66.249.71.46 - - [03/May/2012:11:34:02 +0900] "GET /rg4_board/view.php?&bbs_code=class_free&page=6&bd_num=1473 HTTP/1.1" 200 205
66.249.71.46 - - [03/May/2012:11:34:39 +0900] "GET /rg4_member/find_pass.php?url=%2Fmain%2Findex.php%3Fbbs_code%3Dschedule%26month%3D7%26year%3D2875 HTTP/1.1" 200 10470
124.2.44.105 - - [03/May/2012:11:35:27 +0900] "GET /rg4_board/view.php?&bbs_code=class_free&page=16&bd_num=2705 HTTP/1.0" 200 206
66.249.71.46 - - [03/May/2012:11:35:49 +0900] "GET /rg4_board/view.php?&bbs_code=class_free&ss%5Bcat%5D=&page=3&bd_num=1846 HTTP/1.1" 200 214
124.2.44.105 - - [03/May/2012:11:36:46 +0900] "GET /rg4_board/view.php?&bbs_code=class_free&page=16&bd_num=2707 HTTP/1.0" 200 206
66.249.71.46 - - [03/May/2012:11:37:02 +0900] "GET /rg4_member/find_pass.php?url=%2Fmain%2Findex.php%3Fbbs_code%3Dschedule%26month%3D1%26year%3D2872 HTTP/1.1" 200 10470
124.2.44.105 - - [03/May/2012:11:37:11 +0900] "GET /rg4_board/view.php?&bbs_code=class_free&page=16&bd_num=2715 HTTP/1.0" 200 206
66.249.71.46 - - [03/May/2012:11:37:36 +0900] "GET /rg4_board/view.php?&bbs_code=class_free&ss%5Bcat%5D=&page=4&bd_num=2625 HTTP/1.1" 200 214
124.2.44.105 - - [03/May/2012:11:37:38 +0900] "GET /cgi-bin/fpexplore.exe/rg4_board/view.php?&bbs_code=class_free&page=16&bd_num=2706 HTTP/1.0" 200 206
124.2.44.105 - - [03/May/2012:11:38:10 +0900] "GET /rg4_board/view.php?bbs_code=open_1&bd_num=1971 HTTP/1.0" 200 27428
124.2.44.105 - - [03/May/2012:11:38:11 +0900] "GET /cgi-bin/guestbook.cgi/rg4_js/common.js HTTP/1.0" 200 12035
124.2.44.105 - - [03/May/2012:11:38:11 +0900] "GET /rg4_js/lib.validate.js HTTP/1.0" 200 15903
124.2.44.105 - - [03/May/2012:11:38:11 +0900] "GET /rg4_css/style.css HTTP/1.0" 200 3177
124.2.44.105 - - [03/May/2012:11:38:11 +0900] "GET /rg4_js/InsertFlash.js HTTP/1.0" 200 985
124.2.44.105 - - [03/May/2012:11:38:11 +0900] "GET /images/loca_login.gif HTTP/1.0" 200 107
124.2.44.105 - - [03/May/2012:11:38:11 +0900] "GET /images/loca_home.gif HTTP/1.0" 200 236
124.2.44.105 - - [03/May/2012:11:38:11 +0900] "GET /images/loca_sitemap.gif HTTP/1.0" 200 243
124.2.44.105 - - [03/May/2012:11:38:11 +0900] "GET /images/top_logo.jpg HTTP/1.0" 200 13176
124.2.44.105 - - [03/May/2012:11:38:11 +0900] "GET /images/header_bg.jpg HTTP/1.0" 200 18675
124.2.44.105 - - [03/May/2012:11:38:11 +0900] "GET /images/sub_top.gif HTTP/1.0" 200 280
124.2.44.105 - - [03/May/2012:11:38:11 +0900] "GET /images/sub_title.gif HTTP/1.0" 200 3988
124.2.44.105 - - [03/May/2012:11:38:11 +0900] "GET /images/sub_middle.gif HTTP/1.0" 200 73
124.2.44.105 - - [03/May/2012:11:38:11 +0900] "GET /rg4_skin/board/cha_v1/images/prev.gif HTTP/1.0" 200 231
124.2.44.105 - - [03/May/2012:11:38:11 +0900] "GET /swf/menu.swf HTTP/1.0" 200 40501
124.2.44.105 - - [03/May/2012:11:38:11 +0900] "GET /images/sm_icon0.gif HTTP/1.0" 200 583
124.2.44.105 - - [03/May/2012:11:38:11 +0900] "GET /images/content_bg.gif HTTP/1.0" 404 313
124.2.44.105 - - [03/May/2012:11:38:11 +0900] "GET /rg4_skin/board/cha_v1/images/view_plus.gif HTTP/1.0" 200 538
124.2.44.105 - - [03/May/2012:11:38:11 +0900] "GET /images/sm_icon1.gif HTTP/1.0" 200 204
124.2.44.105 - - [03/May/2012:11:38:11 +0900] "GET /rg4_skin/board/cha_v1/images/view_minor.gif HTTP/1.0" 200 535
124.2.44.105 - - [03/May/2012:11:38:11 +0900] "GET guestbook.pl/images/main_top.gif HTTP/1.0" 200 532
124.2.44.105 - - [03/May/2012:11:38:11 +0900] "GET /images/sub_bottom.gif HTTP/1.0" 200 264
124.2.44.105 - - [03/May/2012:11:38:11 +0900] "GET /rg4_skin/board/cha_v1/images/next.gif HTTP/1.0" 200 224
124.2.44.105 - - [03/May/2012:11:38:11 +0900] "GET /images/main_middle.gif HTTP/1.0" 200 204
124.2.44.105 - - [03/May/2012:11:38:11 +0900] "GET /rg4_skin/board/cha_v1/images/modify.gif HTTP/1.0" 200 496
124.2.44.105 - - [03/May/2012:11:38:11 +0900] "GET /rg4_skin/board/cha_v1/images/delete.gif HTTP/1.0" 200 501
124.2.44.105 - - [03/May/2012:11:38:11 +0900] "GET /rg4_skin/board/cha_v1/images/list.gif HTTP/1.0" 200 482
124.2.44.105 - - [03/May/2012:11:38:11 +0900] "GET /rg4_skin/board/cha_v1/images/s_cancel.gif HTTP/1.0" 200 356
124.2.44.105 - - [03/May/2012:11:38:11 +0900] "GET /rg4_skin/board/cha_v1/images/reply.gif HTTP/1.0" 200 490
124.2.44.105 - - [03/May/2012:11:38:11 +0900] "GET /images/sub_bottom2.gif HTTP/1.0" 200 1350
124.2.44.105 - - [03/May/2012:11:38:11 +0900] "GET /rg4_skin/board/cha_v1/images/s_search.gif HTTP/1.0" 200 401
124.2.44.105 - - [03/May/2012:11:38:11 +0900] "GET /images/sub_bottom1.gif HTTP/1.0" 200 1868
124.2.44.105 - - [03/May/2012:11:38:11 +0900] "GET /swf/sub.swf HTTP/1.0" 200 526440
124.2.44.105 - - [03/May/2012:11:38:11 +0900] "GET /images/sub_bottom_bg.gif HTTP/1.0" 200 47
124.2.44.105 - - [03/May/2012:11:38:11 +0900] "GET /images/rg_mail.gif HTTP/1.0" 200 293
124.2.44.105 - - [03/May/2012:11:38:11 +0900] "GET /rg4_skin/board/cha_v1/images/search_form.gif HTTP/1.0" 200 331
124.2.44.105 - - [03/May/2012:11:38:11 +0900] "GET /rg4_counter/check.php?referrer=http%3A//search.daum.net/search%3Fw%3Dtot%26q%3D2012%25EC%25A7%2580%25EB%25B0%25A9%25EA%25B3%25B5%25EB%25AC%25B4%25EC%259B%2590%25EC%2584%25B1%25EA%25B3%25BC%25EC%2583%2581%25EC%2597%25AC%25EA%25B8%2588%26nil_profile%3Djockeytop%26nzq%3D2012%25EA%25B3%25B5%25EB%25AC%25B4%25EC%259B%2590%25EC%2584%25B1%25EA%25B3%25BC%25EC%2583%2581%25EC%2597%25AC%25EA%25B8%2588%26topq%3D&res_w=1152&res_h=864 HTTP/1.0" 200 -
124.2.44.105 - - [03/May/2012:11:38:11 +0900] "GET /favicon.ico HTTP/1.0" 404 303
124.2.44.105 - - [03/May/2012:11:38:29 +0900] "GET /cgi-bin/handler/rg4_board/view.php?&bbs_code=class_free&page=29&bd_num=2028 HTTP/1.0" 200 206
124.2.44.105 - - [03/May/2012:11:38:40 +0900] "GET /rg4_board/view.php?&bbs_code=class_free&page=18&bd_num=2900 HTTP/1.0" 200 206
124.2.44.105 - - [03/May/2012:11:38:45 +0900] "GET /rg4_board/down.php?&bbs_code=open_1&bd_num=1971&key=0&mode=down HTTP/1.0" 200 18944
124.2.44.105 - - [03/May/2012:11:38:49 +0900] "GET /rg4_board/down.php?&bbs_code=open_1&bd_num=1971&key=0&mode=down HTTP/1.0" 200 18944
66.249.71.46 - - [03/May/2012:11:39:16 +0900] "GET /main/index.php?bbs_code=schedule&month=7&year=2876 HTTP/1.1" 200 33130
66.249.71.46 - - [03/May/2012:11:39:24 +0900] "GET /rg4_board/write.php?&bbs_code=class_free&page=10&bd_num=2842&mode=reply HTTP/1.1" 200 206
66.249.71.46 - - [03/May/2012:11:39:29 +0900] "GET /rg4_board/view.php?&bbs_code=class_free&ss%5Bcat%5D=&page=4&bd_num=2966 HTTP/1.1" 200 214
66.249.71.46 - - [03/May/2012:11:41:11 +0900] "GET /rg4_board/view.php?&bbs_code=class_free&ss%5Bcat%5D=&page=4&bd_num=3012 HTTP/1.1" 200 214
124.2.44.105 - - [03/May/2012:11:41:17 +0900] "GET /rg4_board/down.php?bbs_code=open_1&bd_num=3359&key=0&mode=down HTTP/1.0" 200 13824
66.249.71.46 - - [03/May/2012:11:41:37 +0900] "GET /main/index.php?bbs_code=schedule&month=5&year=2875 HTTP/1.1" 200 33130
124.2.44.105 - - [03/May/2012:11:42:17 +0900] "GET /rg4_board/view.php?&bbs_code=class_free&page=22&bd_num=2587 HTTP/1.0" 200 206
66.249.71.46 - - [03/May/2012:11:42:59 +0900] "GET /rg4_board/view.php?&bbs_code=class_free&ss%5Bcat%5D=&page=5&bd_num=2210 HTTP/1.1" 200 214
124.2.44.105 - - [03/May/2012:11:43:18 +0900] "GET /rg4_board/view.php?&bbs_code=class_free&page=22&bd_num=2588 HTTP/1.0" 200 206
66.249.71.46 - - [03/May/2012:11:43:36 +0900] "GET /rg4_board/view.php?&bbs_code=class_gallary&ss%5Bcat%5D=&page=14&bd_num=1644 HTTP/1.1" 200 218
66.249.71.46 - - [03/May/2012:11:43:55 +0900] "GET /main/index.php?bbs_code=schedule&month=1&year=2873 HTTP/1.1" 200 33132
124.2.44.105 - - [03/May/2012:11:44:17 +0900] "GET /rg4_board/view.php?bbs_code=schedule&bd_num=3746&month=6&year=2012 HTTP/1.0" 200 47081
66.249.71.46 - - [03/May/2012:11:44:46 +0900] "GET /rg4_board/view.php?&bbs_code=class_free&ss%5Bcat%5D=&page=5&bd_num=2708 HTTP/1.1" 200 214
124.2.44.105 - - [03/May/2012:11:45:37 +0900] "GET /rg4_board/view.php?&bbs_code=class_free&page=16&bd_num=2745 HTTP/1.0" 200 206
66.249.71.46 - - [03/May/2012:11:46:27 +0900] "GET /main/index.php?bbs_code=schedule&month=4&year=2874 HTTP/1.1" 200 33096
66.249.71.46 - - [03/May/2012:11:46:33 +0900] "GET /rg4_board/view.php?&bbs_code=class_free&ss%5Bcat%5D=&page=5&bd_num=2930 HTTP/1.1" 200 214
124.2.44.105 - - [03/May/2012:11:47:15 +0900] "GET /rg4_board/view.php?&bbs_code=class_free&page=22&bd_num=2589 HTTP/1.0" 200 206
124.2.44.105 - - [03/May/2012:11:47:27 +0900] "GET /rg4_board/view.php?&bbs_code=class_free&page=22&bd_num=2629 HTTP/1.0" 200 206
124.2.44.105 - - [03/May/2012:11:47:52 +0900] "GET /cgi-bin/htmlscript/rg4_board/view.php?bbs_code=open_1&bd_num=1971 HTTP/1.0" 200 27428
66.249.71.46 - - [03/May/2012:11:48:12 +0900] "GET /rg4_board/write.php?&bbs_code=class_free&page=10&bd_num=2846&mode=delete HTTP/1.1" 200 206
124.2.44.105 - - [03/May/2012:11:48:19 +0900] "GET /rg4_board/view.php?&bbs_code=class_free&page=26&bd_num=1671 HTTP/1.0" 200 206
66.249.71.46 - - [03/May/2012:11:48:21 +0900] "GET /rg4_board/view.php?&bbs_code=class_free&ss%5Bcat%5D=&page=5&bd_num=2943 HTTP/1.1" 200 214
66.249.71.46 - - [03/May/2012:11:48:32 +0900] "GET /main/index.php?bbs_code=schedule&month=2&year=2872 HTTP/1.1" 200 33067
124.2.44.105 - - [03/May/2012:11:49:21 +0900] "GET /rg4_board/view.php?&bbs_code=class_free&page=26&bd_num=1586 HTTP/1.0" 200 206
66.249.71.46 - - [03/May/2012:11:50:09 +0900] "GET /rg4_board/view.php?&bbs_code=class_free&ss%5Bcat%5D=&page=6&bd_num=2726 HTTP/1.1" 200 214
66.249.71.46 - - [03/May/2012:11:51:00 +0900] "GET /main/index.php?bbs_code=schedule&month=6&year=2876 HTTP/1.1" 200 33096
66.249.71.46 - - [03/May/2012:11:51:56 +0900] "GET /rg4_board/view.php?&bbs_code=class_free&ss%5Bcat%5D=&page=6&bd_num=2892 HTTP/1.1" 200 214
124.2.44.105 - - [03/May/2012:11:52:26 +0900] "GET /rg4_board/view.php?&bbs_code=class_free&page=26&bd_num=1587 HTTP/1.0" 200 206
66.249.71.46 - - [03/May/2012:11:53:32 +0900] "GET /main/index.php?bbs_code=schedule&month=8&year=2875 HTTP/1.1" 200 33130
66.249.71.46 - - [03/May/2012:11:53:43 +0900] "GET /rg4_board/view.php?&bbs_code=class_free&ss%5Bcat%5D=&page=7&bd_num=2628 HTTP/1.1" 200 214
124.2.44.105 - - [03/May/2012:11:53:45 +0900] "GET /rg4_board/view.php?&bbs_code=class_free&page=26&bd_num=1716 HTTP/1.0" 200 206
124.2.44.105 - - [03/May/2012:11:54:05 +0900] "GET /rg4_board/view.php?bbs_code=management&bd_num=3308 HTTP/1.0" 200 26563
61.247.204.38 - - [03/May/2012:11:55:26 +0900] "GET /rg4_board/down.php?bbs_code=youth&bd_num=949&key=0&mode=down HTTP/1.1" 200 26112
66.249.71.46 - - [03/May/2012:11:55:31 +0900] "GET /rg4_board/view.php?&bbs_code=class_free&ss%5Bcat%5D=&page=6&bd_num=2943 HTTP/1.1" 200 214
66.249.71.46 - - [03/May/2012:11:55:36 +0900] "GET /main/index.php?bbs_code=schedule&month=8&year=2874 HTTP/1.1" 200 33130
124.2.44.105 - - [03/May/2012:11:56:33 +0900] "GET /rg4_board/view.php?&bbs_code=class_free&page=26&bd_num=1713 HTTP/1.0" 200 206
