124.2.44.105 - - [03/May/2012:05:11:01 +0900] "GET /rg4_data/board/03695_707_0.file HTTP/1.0" 200 4106511
124.2.44.105 - - [03/May/2012:05:11:07 +0900] "GET /rg4_data/board/03694_443_0.file HTTP/1.0" 200 3399608
124.2.44.105 - - [03/May/2012:05:11:15 +0900] "GET /rg4_board/view.php?bbs_code=open_7&bd_num=3694 HTTP/1.0" 200 67061
211.39.150.195 - - [03/May/2012:05:11:16 +0900] "GET /%c0%ae%c0%ae//rg4_board/view.php?&bbs_code=class_free&page=3&bd_num=2935 HTTP/1.1" 200 205
124.2.44.105 - - [03/May/2012:05:11:18 +0900] "GET /rg4_data/board/03675_901_0.file HTTP/1.0" 200 789498
124.2.44.105 - - [03/May/2012:05:11:23 +0900] "GET /rg4_board/view.php?bbs_code=open_7&bd_num=3675 HTTP/1.0" 200 67050
124.2.44.105 - - [03/May/2012:05:11:26 +0900] "GET /rg4_data/board/03674_252_0.file HTTP/1.0" 200 6368214
61.247.204.36 - - [03/May/2012:05:11:27 +0900] "GET /rg4_board/view.php?bbs_code=open_6&bd_num=304&page=5 HTTP/1.1" 200 27145
124.2.44.105 - - [03/May/2012:05:11:33 +0900] "GET /rg4_board/view.php?bbs_code=gifted_3&bd_num=1885 HTTP/1.0" 200 25873
124.2.44.105 - - [03/May/2012:05:11:36 +0900] "GET /rg4_board/view.php?bbs_code=open_7&bd_num=3674 HTTP/1.0" 200 67046
124.2.44.105 - - [03/May/2012:05:11:41 +0900] "GET /rg4_data/board/03673_883_0.file HTTP/1.0" 200 6576680
124.2.44.105 - - [03/May/2012:05:11:48 +0900] "GET /rg4_board/view.php?bbs_code=open_7&bd_num=3673 HTTP/1.0" 200 67052
124.2.44.105 - - [03/May/2012:05:11:53 +0900] "GET /rg4_data/board/03672_174_0.file HTTP/1.0" 200 6626291
124.2.44.105 - - [03/May/2012:05:12:02 +0900] "GET /rg4_board/view.php?bbs_code=open_7&bd_num=3672 HTTP/1.0" 200 67060
61.247.204.39 - - [03/May/2012:05:12:00 +0900] "GET /rg4_board/view.php?bbs_code=schedule&bd_num=3824&month=7&year=2012 HTTP/1.1" 200 45730
124.2.44.105 - - [03/May/2012:05:12:05 +0900] "GET /rg4_data/board/03671_752_0.file HTTP/1.0" 200 6265027
61.247.204.38 - - [03/May/2012:05:12:10 +0900] "GET /rg4_data/board/01275_945_0.file HTTP/1.1" 200 2198987
124.2.44.105 - - [03/May/2012:05:12:12 +0900] "GET /rg4_data/board/03670_393_0.file HTTP/1.0" 200 6031920
124.2.44.105 - - [03/May/2012:05:12:20 +0900] "GET /rg4_data/board/03668_623_0.file HTTP/1.0" 200 5988203
124.2.44.105 - - [03/May/2012:05:12:31 +0900] "GET /rg4_board/view.php?bbs_code=open_7&bd_num=3668 HTTP/1.0" 200 67069
124.2.44.105 - - [03/May/2012:05:12:34 +0900] "GET /rg4_data/board/03667_645_0.file HTTP/1.0" 200 5648943
211.39.150.195 - - [03/May/2012:05:12:37 +0900] "GET /main/index.php?bbs_code=schedule&month=4&year=2866 HTTP/1.1" 200 33095
211.39.150.195 - - [03/May/2012:05:12:42 +0900] "GET /rg4_board/view.php?&bbs_code=class_free&page=4&bd_num=2287 HTTP/1.1" 200 205
124.2.44.105 - - [03/May/2012:05:12:41 +0900] "GET /rg4_board/view.php?bbs_code=open_7&bd_num=3667 HTTP/1.0" 200 67068
211.39.150.195 - - [03/May/2012:05:12:50 +0900] "GET %63%68%61%72%73%65%74%3d%67%62%32%33%31%32/rg4_board/view.php?&bbs_code=class_free&ss%5Bcat%5D=&page=16&bd_num=1706 HTTP/1.1" 200 215
124.2.44.105 - - [03/May/2012:05:12:54 +0900] "GET /rg4_data/board/03666_417_0.file HTTP/1.0" 200 5920150
124.2.44.105 - - [03/May/2012:05:13:05 +0900] "GET /main/index.php?bbs_code=schedule&month=9&year=2012 HTTP/1.0" 200 35246
124.2.44.105 - - [03/May/2012:05:13:08 +0900] "GET /main/index.php?bbs_code=schedule&month=8&year=2013 HTTP/1.0" 200 33129
124.2.44.105 - - [03/May/2012:05:13:15 +0900] "GET /main/index.php?bbs_code=schedule&month=7&year=2014 HTTP/1.0" 200 33124
61.247.204.36 - - [03/May/2012:05:13:10 +0900] "GET /rg4_board/view.php?bbs_code=notices1&bd_num=194&page=2 HTTP/1.1" 200 25860
124.2.44.105 - - [03/May/2012:05:13:21 +0900] "GET /main/index.php?bbs_code=schedule&month=6&year=2015 HTTP/1.0" 200 33095
124.2.44.105 - - [03/May/2012:05:13:27 +0900] "GET /main/index.php?bbs_code=schedule&month=5&year=2016 HTTP/1.0" 200 33124
124.2.44.105 - - [03/May/2012:05:13:32 +0900] "GET /main/index.php?bbs_code=schedule&month=5&year=2007 HTTP/1.0" 200 33124
124.2.44.105 - - [03/May/2012:05:13:38 +0900] "GET /main/index.php?bbs_code=schedule&month=4&year=2008 HTTP/1.0" 200 33095
124.2.44.105 - - [03/May/2012:05:13:46 +0900] "GET /main/index.php?bbs_code=schedule&month=6&year=2008 HTTP/1.0" 200 33095
124.2.44.105 - - [03/May/2012:05:13:49 +0900] "GET /main/index.php?bbs_code=schedule&month=3&year=2009 HTTP/1.0" 200 33124
124.2.44.105 - - [03/May/2012:05:13:58 +0900] "GET /main/index.php?bbs_code=schedule&month=7&year=2009 HTTP/1.0" 200 33124
61.247.204.36 - - [03/May/2012:05:14:00 +0900] "GET /rg4_board/down.php?bbs_code=notices1&bd_num=1441&key=0&mode=down HTTP/1.1" 200 19456
124.2.44.105 - - [03/May/2012:05:14:01 +0900] "GET work_dir.value=document.main_form.work_dir.value/main/index.php?bbs_code=schedule&month=2&year=2010 HTTP/1.0" 200 33037
211.39.150.195 - - [03/May/2012:05:14:03 +0900] "GET /rg4_board/view.php?&bbs_code=class_free&page=4&bd_num=2493 HTTP/1.1" 200 205
124.2.44.105 - - [03/May/2012:05:14:06 +0900] "GET /main/index.php?bbs_code=schedule&month=8&year=2010 HTTP/1.0" 200 33124
124.2.44.105 - - [03/May/2012:05:14:09 +0900] "GET /main/index.php?bbs_code=schedule&month=9&year=2011 HTTP/1.0" 200 33803
124.2.44.105 - - [03/May/2012:05:14:13 +0900] "GET /main/index.php?bbs_code=schedule&month=12&year=2011 HTTP/1.0" 200 34756
124.2.44.105 - - [03/May/2012:05:14:16 +0900] "GET /main/index.php?bbs_code=schedule&month=1&year=2013 HTTP/1.0" 200 33126
124.2.44.105 - - [03/May/2012:05:14:21 +0900] "GET /main/index.php?bbs_code=schedule&month=2&year=2014 HTTP/1.0" 200 33037
124.2.44.105 - - [03/May/2012:05:14:24 +0900] "GET /main/index.php?bbs_code=schedule&month=3&year=2015 HTTP/1.0" 200 33124
124.2.44.105 - - [03/May/2012:05:14:29 +0900] "GET /main/index.php?bbs_code=schedule&month=4&year=2016 HTTP/1.0" 200 33100
124.2.44.105 - - [03/May/2012:05:14:32 +0900] "GET /main/index.php?bbs_code=schedule&month=10&year=2012 HTTP/1.0" 200 35618
124.2.44.105 - - [03/May/2012:05:14:35 +0900] "GET /main/index.php?bbs_code=schedule&month=9&year=2013 HTTP/1.0" 200 33097
124.2.44.105 - - [03/May/2012:05:14:45 +0900] "GET /main/index.php?bbs_code=schedule&month=8&year=2014 HTTP/1.0" 200 33707
124.2.44.105 - - [03/May/2012:05:14:53 +0900] "GET /main/index.php?bbs_code=schedule&month=7&year=2015 HTTP/1.0" 200 33124
124.2.44.105 - - [03/May/2012:05:15:06 +0900] "GET /main/index.php?bbs_code=schedule&month=6&year=2016 HTTP/1.0" 200 33095
124.2.44.105 - - [03/May/2012:05:15:15 +0900] "GET /main/index.php?bbs_code=schedule&month=5&year=2017 HTTP/1.0" 200 33124
211.39.150.195 - - [03/May/2012:05:15:27 +0900] "GET /rg4_board/view.php?&bbs_code=class_free&page=4&bd_num=2485 HTTP/1.1" 200 205
124.2.44.105 - - [03/May/2012:05:15:27 +0900] "GET /main/index.php?bbs_code=schedule&month=5&year=2006 HTTP/1.0" 200 33124
124.2.44.105 - - [03/May/2012:05:15:39 +0900] "GET /main/index.php?bbs_code=schedule&month=4&year=2007 HTTP/1.0" 200 33095
61.247.204.39 - - [03/May/2012:05:15:48 +0900] "GET /rg4_board/down.php?bbs_code=open_1&bd_num=1253&key=0&mode=down&page=7 HTTP/1.1" 200 345600
124.2.44.105 - - [03/May/2012:05:15:51 +0900] "GET /main/index.php?bbs_code=schedule&month=6&year=2007 HTTP/1.0" 200 33100
124.2.44.105 - - [03/May/2012:05:15:54 +0900] "GET /main/index.php?bbs_code=schedule&month=3&year=2008 HTTP/1.0" 200 33707
124.2.44.105 - - [03/May/2012:05:15:58 +0900] "GET /main/index.php?bbs_code=schedule&month=7&year=2008 HTTP/1.0" 200 33124
124.2.44.105 - - [03/May/2012:05:16:02 +0900] "GET /main/index.php?bbs_code=schedule&month=2&year=2009 HTTP/1.0" 200 32459
124.2.44.105 - - [03/May/2012:05:16:05 +0900] "GET /main/index.php?bbs_code=schedule&month=8&year=2009 HTTP/1.0" 200 33707
61.247.204.36 - - [03/May/2012:05:16:10 +0900] "GET /rg4_board/view.php?bbs_code=open_1&bd_num=3992&page=1 HTTP/1.1" 200 28750
124.2.44.105 - - [03/May/2012:05:16:08 +0900] "GET /main/index.php?bbs_code=schedule&month=1&year=2010 HTTP/1.0" 200 33709
124.2.44.105 - - [03/May/2012:05:16:16 +0900] "GET /main/index.php?bbs_code=schedule&month=9&year=2010 HTTP/1.0" 200 33097
124.2.44.105 - - [03/May/2012:05:16:22 +0900] "GET /main/index.php?bbs_code=schedule&month=10&year=2011 HTTP/1.0" 200 34808
124.2.44.105 - - [03/May/2012:05:16:31 +0900] "GET /main/index.php?bbs_code=schedule&month=12&year=2010 HTTP/1.0" 200 33134
124.2.44.105 - - [03/May/2012:05:16:35 +0900] "GET /main/index.php?bbs_code=schedule&month=12&year=2012 HTTP/1.0" 200 34795
211.39.150.195 - - [03/May/2012:05:16:36 +0900] "GET /rg4_board/write.php?&bbs_code=class_free&page=1&bd_num=3643&mode=delete HTTP/1.1" 200 9355
124.2.44.105 - - [03/May/2012:05:16:38 +0900] "GET /main/index.php?bbs_code=schedule&month=1&year=2014 HTTP/1.0" 200 33126
211.39.150.195 - - [03/May/2012:05:16:39 +0900] "GET /rg4_member/find_pass.php?url=%2Fmain%2Findex.php%3Fbbs_code%3Dschedule%26month%3D12%26year%3D2866 HTTP/1.1" 200 10469
124.2.44.105 - - [03/May/2012:05:16:42 +0900] "GET /main/index.php?bbs_code=schedule&month=2&year=2015 HTTP/1.0" 200 32459
124.2.44.105 - - [03/May/2012:05:16:45 +0900] "GET /main/index.php?bbs_code=schedule&month=3&year=2016 HTTP/1.0" 200 33124
211.39.150.195 - - [03/May/2012:05:16:50 +0900] "GET /rg4_board/view.php?&bbs_code=class_free&page=4&bd_num=2383 HTTP/1.1" 200 205
124.2.44.105 - - [03/May/2012:05:16:53 +0900] "GET /main/index.php?bbs_code=schedule&month=4&year=2017 HTTP/1.0" 200 33678
124.2.44.105 - - [03/May/2012:05:17:00 +0900] "GET /main/index.php?bbs_code=schedule&month=11&year=2012 HTTP/1.0" 200 33987
124.2.44.105 - - [03/May/2012:05:17:04 +0900] "GET /main/index.php?bbs_code=schedule&month=10&year=2013 HTTP/1.0" 200 33134
124.2.44.105 - - [03/May/2012:05:17:07 +0900] "GET /main/index.php?bbs_code=schedule&month=9&year=2014 HTTP/1.0" 200 33097
124.2.44.105 - - [03/May/2012:05:17:10 +0900] "GET /main/index.php?bbs_code=schedule&month=8&year=2015 HTTP/1.0" 200 33707
124.2.44.105 - - [03/May/2012:05:17:17 +0900] "GET /main/index.php?bbs_code=schedule&month=7&year=2016 HTTP/1.0" 200 33707
124.2.44.105 - - [03/May/2012:05:17:20 +0900] "GET /main/index.php?bbs_code=schedule&month=6&year=2017 HTTP/1.0" 200 33095
124.2.44.105 - - [03/May/2012:05:17:24 +0900] "GET /main/index.php?bbs_code=schedule&month=5&year=2005 HTTP/1.0" 200 33124
124.2.44.105 - - [03/May/2012:05:17:33 +0900] "GET /main/index.php?bbs_code=schedule&month=4&year=2006 HTTP/1.0" 200 33678
124.2.44.105 - - [03/May/2012:05:17:41 +0900] "GET /main/index.php?bbs_code=schedule&month=3&year=2007 HTTP/1.0" 200 33129
124.2.44.105 - - [03/May/2012:05:17:48 +0900] "GET /main/index.php?bbs_code=schedule&month=7&year=2007 HTTP/1.0" 200 33124
124.2.44.105 - - [03/May/2012:05:17:56 +0900] "GET /main/index.php?bbs_code=schedule&month=2&year=2008 HTTP/1.0" 200 33066
124.2.44.105 - - [03/May/2012:05:18:03 +0900] "GET /rg4_board/list.php?bbs_code=schedule&month=5&year=2013 HTTP/1.0" 200 37795
124.2.44.105 - - [03/May/2012:05:18:07 +0900] "GET /main/index.php?bbs_code=schedule&month=8&year=2008 HTTP/1.0" 200 33707
124.2.44.105 - - [03/May/2012:05:18:13 +0900] "GET /main/index.php?bbs_code=schedule&month=1&year=2009 HTTP/1.0" 200 33131
211.39.150.195 - - [03/May/2012:05:18:14 +0900] "GET %25%32%30%61%6E%64%25%32%30%75%73%65%72%25%32%42%63%68%61%72%28%31%32%34%29%3D%30/rg4_board/view.php?&bbs_code=class_free&page=4&bd_num=2500 HTTP/1.1" 200 205
124.2.44.105 - - [03/May/2012:05:18:22 +0900] "GET /main/index.php?bbs_code=schedule&month=9&year=2009 HTTP/1.0" 200 33097
211.39.150.195 - - [03/May/2012:05:18:37 +0900] "GET /rg4_member/find_pass.php?url=%2Fmain%2Findex.php%3Fbbs_code%3Dschedule%26month%3D3%26year%3D2865 HTTP/1.1" 200 10469
61.247.204.37 - - [03/May/2012:05:18:40 +0900] "GET %25%32%30%41%6E%64%25%32%30%64%62%5F%6E%61%6D%65%28%29%25%32%42%63%68%61%72%28%31%32%34%29%3D%30/rg4_board/view.php?bbs_code=notices1&bd_num=516&page=2 HTTP/1.1" 200 26445
124.2.44.105 - - [03/May/2012:05:18:29 +0900] "GET /main/index.php?bbs_code=schedule&month=12&year=2009 HTTP/1.0" 200 26942
124.2.44.105 - - [03/May/2012:05:18:43 +0900] "GET /main/index.php?bbs_code=schedule&month=10&year=2010 HTTP/1.0" 200 33717
124.2.44.105 - - [03/May/2012:05:18:46 +0900] "GET /main/index.php?bbs_code=schedule&month=11&year=2010 HTTP/1.0" 200 33107
124.2.44.105 - - [03/May/2012:05:18:49 +0900] "GET /main/index.php?bbs_code=schedule&month=12&year=2013 HTTP/1.0" 200 33134
124.2.44.105 - - [03/May/2012:05:18:57 +0900] "GET /main/index.php?bbs_code=schedule&month=1&year=2015 HTTP/1.0" 200 33131
124.2.44.105 - - [03/May/2012:05:19:03 +0900] "GET /main/index.php?bbs_code=schedule&month=2&year=2016 HTTP/1.0" 200 33066
124.2.44.105 - - [03/May/2012:05:19:08 +0900] "GET /main/index.php?bbs_code=schedule&month=3&year=2017 HTTP/1.0" 200 33124
124.2.44.105 - - [03/May/2012:05:19:12 +0900] "GET /main/index.php?bbs_code=schedule&month=4&year=2018 HTTP/1.0" 200 33095
124.2.44.105 - - [03/May/2012:05:19:16 +0900] "GET /main/index.php?bbs_code=schedule&month=11&year=2013 HTTP/1.0" 200 33112
124.2.44.105 - - [03/May/2012:05:19:21 +0900] "GET /main/index.php?bbs_code=schedule&month=10&year=2014 HTTP/1.0" 200 33134
124.2.44.105 - - [03/May/2012:05:19:25 +0900] "GET /main/index.php?bbs_code=schedule&month=9&year=2015 HTTP/1.0" 200 33097
124.2.44.105 - - [03/May/2012:05:19:28 +0900] "GET /main/index.php?bbs_code=schedule&month=8&year=2016 HTTP/1.0" 200 33124
124.2.44.105 - - [03/May/2012:05:19:36 +0900] "GET /main/index.php?bbs_code=schedule&month=7&year=2017 HTTP/1.0" 200 33707
211.39.150.195 - - [03/May/2012:05:19:38 +0900] "GET /rg4_board/view.php?&bbs_code=class_free&page=4&bd_num=2292 HTTP/1.1" 200 205
124.2.44.105 - - [03/May/2012:05:19:40 +0900] "GET /main/index.php?bbs_code=schedule&month=6&year=2018 HTTP/1.0" 200 33100
124.2.44.105 - - [03/May/2012:05:19:43 +0900] "GET /main/index.php?bbs_code=schedule&month=5&year=2004 HTTP/1.0" 200 33707
61.247.204.38 - - [03/May/2012:05:19:48 +0900] "GET /rg4_board/view.php?bbs_code=open_7&bd_num=3239&page=4 HTTP/1.1" 200 67257
124.2.44.105 - - [03/May/2012:05:19:48 +0900] "GET /main/index.php?bbs_code=schedule&month=4&year=2005 HTTP/1.0" 200 33100
124.2.44.105 - - [03/May/2012:05:19:51 +0900] "GET /main/index.php?bbs_code=schedule&month=6&year=2005 HTTP/1.0" 200 33095
124.2.44.105 - - [03/May/2012:05:19:55 +0900] "GET /main/index.php?bbs_code=schedule&month=3&year=2006 HTTP/1.0" 200 33124
124.2.44.105 - - [03/May/2012:05:19:58 +0900] "GET /main/index.php?bbs_code=schedule&month=2&year=2007 HTTP/1.0" 200 33037
124.2.44.105 - - [03/May/2012:05:20:04 +0900] "GET /main/index.php?bbs_code=schedule&month=7&year=2006 HTTP/1.0" 200 33707
124.2.44.105 - - [03/May/2012:05:20:09 +0900] "GET /main/index.php?bbs_code=schedule&month=8&year=2007 HTTP/1.0" 200 33124
124.2.44.105 - - [03/May/2012:05:20:15 +0900] "GET /main/index.php?bbs_code=schedule&month=1&year=2008 HTTP/1.0" 200 33126
124.2.44.105 - - [03/May/2012:05:20:18 +0900] "GET /main/index.php?bbs_code=schedule&month=9&year=2008 HTTP/1.0" 200 33097
124.2.44.105 - - [03/May/2012:05:20:20 +0900] "HEAD /admin/spaw2/spacer.gif HTTP/1.0" 404 -
124.2.44.105 - - [03/May/2012:05:20:22 +0900] "GET %25%32%30%41%6E%64%25%32%30%63%68%61%72%28%39%34%29%25%32%42%75%73%65%72%25%32%42%63%68%61%72%28%39%34%29%3D%30/main/index.php?bbs_code=schedule&month=12&year=2008 HTTP/1.0" 200 33134
124.2.44.105 - - [03/May/2012:05:20:26 +0900] "GET /main/index.php?bbs_code=schedule&month=10&year=2009 HTTP/1.0" 200 33139
124.2.44.105 - - [03/May/2012:05:20:34 +0900] "GET /main/index.php?bbs_code=schedule&month=11&year=2009 HTTP/1.0" 200 33107
124.2.44.105 - - [03/May/2012:05:20:39 +0900] "GET /main/index.php?bbs_code=schedule&month=1&year=2016 HTTP/1.0" 200 33709
124.2.44.105 - - [03/May/2012:05:20:46 +0900] "GET /main/index.php?bbs_code=schedule&month=2&year=2017 HTTP/1.0" 200 33037
124.2.44.105 - - [03/May/2012:05:20:49 +0900] "GET /main/index.php?bbs_code=schedule&month=3&year=2018 HTTP/1.0" 200 33129
124.2.44.105 - - [03/May/2012:05:20:56 +0900] "GET /main/index.php?bbs_code=schedule&month=4&year=2019 HTTP/1.0" 200 33095
211.39.150.195 - - [03/May/2012:05:21:02 +0900] "GET /rg4_board/view.php?&bbs_code=class_free&page=4&bd_num=2503 HTTP/1.1" 200 205
124.2.44.105 - - [03/May/2012:05:21:02 +0900] "GET /main/index.php?bbs_code=schedule&month=11&year=2014 HTTP/1.0" 200 33690
124.2.44.105 - - [03/May/2012:05:21:05 +0900] "GET /main/index.php?bbs_code=schedule&month=10&year=2015 HTTP/1.0" 200 33139
124.2.44.105 - - [03/May/2012:05:21:13 +0900] "GET %25%32%30%41%6E%64%25%32%30%63%68%61%72%28%39%34%29%25%32%42%64%62%5F%6E%61%6D%65%28%29%25%32%42%63%68%61%72%28%39%34%29%3D%30/main/index.php?bbs_code=schedule&month=9&year=2016 HTTP/1.0" 200 33097
124.2.44.105 - - [03/May/2012:05:21:16 +0900] "GET /main/index.php?bbs_code=schedule&month=8&year=2017 HTTP/1.0" 200 33124
124.2.44.105 - - [03/May/2012:05:21:24 +0900] "GET /main/index.php?bbs_code=schedule&month=6&year=2019 HTTP/1.0" 200 33678
211.39.150.195 - - [03/May/2012:05:22:13 +0900] "GET /rg4_board/write.php?&bbs_code=class_free&page=1&bd_num=3658&mode=modify HTTP/1.1" 200 9355
211.39.150.195 - - [03/May/2012:05:22:16 +0900] "GET /rg4_member/find_pass.php?url=%2Fmain%2Findex.php%3Fbbs_code%3Dschedule%26month%3D1%26year%3D2866 HTTP/1.1" 200 10469
211.39.150.195 - - [03/May/2012:05:22:25 +0900] "GET /rg4_board/view.php?&bbs_code=class_free&page=4&bd_num=2553 HTTP/1.1" 200 205
61.247.204.39 - - [03/May/2012:05:22:39 +0900] "GET /rg4_board/view.php?bbs_code=open_2&page=1 HTTP/1.1" 200 201
124.2.44.105 - - [03/May/2012:05:22:57 +0900] "GET /rg4_board/list.php?bbs_code=schedule&year=1946&month=4 HTTP/1.0" 200 37610
61.247.204.38 - - [03/May/2012:05:23:30 +0900] "GET /rg4_board/down.php?bbs_code=gifted_1&bd_num=1758&key=1&mode=down HTTP/1.1" 200 2746880
61.247.204.37 - - [03/May/2012:05:23:48 +0900] "GET /rg4_board/view.php?bbs_code=action&bd_num=1331&page=3 HTTP/1.1" 200 66159
211.39.150.195 - - [03/May/2012:05:24:08 +0900] "GET /rg4_board/view.php?&bbs_code=class_free&page=4&bd_num=2746 HTTP/1.1" 200 205
211.39.150.195 - - [03/May/2012:05:25:13 +0900] "GET /rg4_board/view.php?&bbs_code=class_free&page=4&bd_num=2566 HTTP/1.1" 200 205
124.2.44.105 - - [03/May/2012:05:25:46 +0900] "GET /rg4_board/print.php?bbs_code=intro&bd_num=2 HTTP/1.0" 404 311
211.39.150.195 - - [03/May/2012:05:26:00 +0900] "GET %30%0E%02%01%01%60%09%30%01%03%04%02%44%4E%80%00/rg4_member/find_pass.php?url=%2Fmain%2Findex.php%3Fbbs_code%3Dschedule%26month%3D9%26year%3D2867 HTTP/1.1" 200 10469
61.247.204.38 - - [03/May/2012:05:26:07 +0900] "GET /rg4_board/down.php?bbs_code=open_5&bd_num=2268&key=0&mode=down HTTP/1.1" 200 15872
211.39.150.195 - - [03/May/2012:05:26:36 +0900] "GET /rg4_board/view.php?&bbs_code=class_free&page=4&bd_num=2737 HTTP/1.1" 200 205
211.39.150.195 - - [03/May/2012:05:28:00 +0900] "GET /rg4_board/view.php?&bbs_code=class_free&page=4&bd_num=2793 HTTP/1.1" 200 205
211.39.150.195 - - [03/May/2012:05:29:24 +0900] "GET /rg4_board/view.php?&bbs_code=class_free&page=4&bd_num=2738 HTTP/1.1" 200 205
211.39.150.195 - - [03/May/2012:05:29:27 +0900] "GET /rg4_board/write.php?&bbs_code=class_free&page=10&bd_num=1350&mode=modify HTTP/1.1" 200 206
211.39.150.195 - - [03/May/2012:05:29:34 +0900] "GET /main/index.php?bbs_code=schedule&month=12&year=2867 HTTP/1.1" 200 33139
211.39.150.195 - - [03/May/2012:05:30:48 +0900] "GET /rg4_board/view.php?&bbs_code=class_free&page=4&bd_num=2890 HTTP/1.1" 200 205
211.39.150.195 - - [03/May/2012:05:32:12 +0900] "GET /rg4_board/view.php?&bbs_code=class_free&page=5&bd_num=2488 HTTP/1.1" 200 205
124.2.44.105 - - [03/May/2012:05:33:13 +0900] "GET /rg4_board/view.php?bbs_code=open_5&bd_num=707 HTTP/1.0" 200 26633
61.247.204.35 - - [03/May/2012:05:33:20 +0900] "GET /rg4_board/view.php?bbs_code=praise&bd_num=2770&page=3 HTTP/1.1" 200 25657
211.39.150.195 - - [03/May/2012:05:33:27 +0900] "GET /main/index.php?bbs_code=schedule&month=9&year=2868 HTTP/1.1" 200 33097
211.39.150.195 - - [03/May/2012:05:33:35 +0900] "GET /rg4_board/view.php?&bbs_code=class_free&page=4&bd_num=2897 HTTP/1.1" 200 205
211.39.150.195 - - [03/May/2012:05:34:59 +0900] "GET /rg4_board/view.php?&bbs_code=class_free&page=5&bd_num=2874 HTTP/1.1" 200 205
124.2.44.105 - - [03/May/2012:05:36:03 +0900] "GET /rg4_board/view.php?bbs_code=open_3&bd_num=2182 HTTP/1.0" 200 26901
211.39.150.195 - - [03/May/2012:05:36:23 +0900] "GET /rg4_board/view.php?&bbs_code=class_free&page=5&bd_num=2705 HTTP/1.1" 200 205
211.39.150.195 - - [03/May/2012:05:36:40 +0900] "GET /rg4_board/write.php?&bbs_code=class_free&page=10&bd_num=1351&mode=reply HTTP/1.1" 200 206
211.39.150.195 - - [03/May/2012:05:36:44 +0900] "GET /main/index.php?bbs_code=schedule&month=1&year=2867 HTTP/1.1" 200 33131
211.39.150.195 - - [03/May/2012:05:37:46 +0900] "GET /rg4_board/view.php?&bbs_code=class_free&page=6&bd_num=2641 HTTP/1.1" 200 205
61.247.204.35 - - [03/May/2012:05:38:45 +0900] "GET /rg4_board/down.php?bbs_code=gifted_3&bd_num=1880&key=0&mode=down HTTP/1.1" 200 65536
61.247.204.39 - - [03/May/2012:05:39:00 +0900] "GET /rg4_board/view.php?bbs_code=open_7&bd_num=3564&page=2 HTTP/1.1" 200 67221
211.39.150.195 - - [03/May/2012:05:39:10 +0900] "GET /rg4_board/view.php?&bbs_code=class_free&page=6&bd_num=2389 HTTP/1.1" 200 205
61.247.204.39 - - [03/May/2012:05:39:24 +0900] "GET /rg4_board/view.php?bbs_code=open_7&bd_num=3241&page=4 HTTP/1.1" 200 67222
61.247.204.37 - - [03/May/2012:05:39:34 +0900] "GET /rg4_board/down.php?bbs_code=gifted_3&bd_num=2091&key=0&mode=down HTTP/1.1" 200 16384
124.2.44.105 - - [03/May/2012:05:40:16 +0900] "GET /rg4_board/list.php?bbs_code=gifted_3&page=2 HTTP/1.0" 200 19101
124.2.44.105 - - [03/May/2012:05:40:31 +0900] "GET /rg4_board/print.php?bbs_code=class_free&bd_num=3554 HTTP/1.0" 404 311
211.39.150.195 - - [03/May/2012:05:40:34 +0900] "GET /rg4_board/view.php?&bbs_code=class_free&page=6&bd_num=2735 HTTP/1.1" 200 205
211.39.150.195 - - [03/May/2012:05:40:35 +0900] "GET /main/index.php?bbs_code=schedule&month=3&year=2866 HTTP/1.1" 200 33129
211.39.150.195 - - [03/May/2012:05:41:57 +0900] "GET /rg4_board/view.php?&bbs_code=class_free&page=6&bd_num=2346 HTTP/1.1" 200 205
61.247.204.38 - - [03/May/2012:05:42:13 +0900] "GET /rg4_board/down.php?bbs_code=open_8&bd_num=1418&key=0&mode=down HTTP/1.1" 200 58368
211.39.150.195 - - [03/May/2012:05:43:21 +0900] "GET /rg4_board/view.php?&bbs_code=class_free&page=6&bd_num=2736 HTTP/1.1" 200 205
211.39.150.195 - - [03/May/2012:05:43:54 +0900] "GET /rg4_board/write.php?&bbs_code=class_free&page=10&bd_num=1460&mode=reply HTTP/1.1" 200 206
211.39.150.195 - - [03/May/2012:05:44:13 +0900] "GET /rg4_board/view.php?&bbs_code=class_free&ss%5Bcat%5D=&page=21&bd_num=1854 HTTP/1.1" 200 215
61.247.204.37 - - [03/May/2012:05:44:26 +0900] "GET /rg4_board/view.php?bbs_code=open_4&bd_num=1477&page=2 HTTP/1.1" 200 27080
211.39.150.195 - - [03/May/2012:05:44:20 +0900] "GET /main/index.php?bbs_code=schedule&month=7&year=2869 HTTP/1.1" 200 33129
211.39.150.195 - - [03/May/2012:05:44:30 +0900] "GET /rg4_member/find_pass.php?url=%2Fmain%2Findex.php%3Fbbs_code%3Dschedule%26month%3D8%26year%3D2868 HTTP/1.1" 200 10469
211.39.150.195 - - [03/May/2012:05:44:44 +0900] "GET /rg4_board/view.php?&bbs_code=class_free&page=7&bd_num=2158 HTTP/1.1" 200 205
211.39.150.195 - - [03/May/2012:05:46:01 +0900] "GET /rg4_member/find_pass.php?url=%2Fmain%2Findex.php%3Fbbs_code%3Dschedule%26month%3D2%26year%3D2866 HTTP/1.1" 200 10469
211.39.150.195 - - [03/May/2012:05:46:08 +0900] "GET /rg4_board/view.php?&bbs_code=class_free&page=7&bd_num=2493 HTTP/1.1" 200 205
61.247.204.35 - - [03/May/2012:05:47:18 +0900] "GET %0D%0A%0D%0A%4D%5A%4B%45%52%4E%45%4C%33%32%2E%44%4C%4C%00%00/rg4_board/view.php?bbs_code=notices1&bd_num=201&page=2 HTTP/1.1" 200 25855
211.39.150.195 - - [03/May/2012:05:47:32 +0900] "GET %x%x%x%x%x%x%x/rg4_board/view.php?&bbs_code=class_free&page=6&bd_num=2948 HTTP/1.1" 200 205
211.39.150.195 - - [03/May/2012:05:47:49 +0900] "GET /rg4_member/find_pass.php?url=%2Fmain%2Findex.php%3Fbbs_code%3Dschedule%26month%3D7%26year%3D2868 HTTP/1.1" 200 10469
61.247.204.37 - - [03/May/2012:05:48:19 +0900] "GET /rg4_board/down.php?bbs_code=association&bd_num=3193&key=0&mode=down HTTP/1.1" 200 14848
61.247.204.36 - - [03/May/2012:05:48:40 +0900] "GET /rg4_board/view.php?bbs_code=open_1&bd_num=1417&page=6 HTTP/1.1" 200 27769
211.39.150.195 - - [03/May/2012:05:48:56 +0900] "GET /rg4_board/view.php?&bbs_code=class_free&page=7&bd_num=2503 HTTP/1.1" 200 205
211.39.150.195 - - [03/May/2012:05:49:44 +0900] "GET /rg4_member/find_pass.php?url=%2Fmain%2Findex.php%3Fbbs_code%3Dschedule%26month%3D5%26year%3D2866 HTTP/1.1" 200 10469
211.39.150.195 - - [03/May/2012:05:50:19 +0900] "GET /rg4_board/view.php?&bbs_code=class_free&page=6&bd_num=2824 HTTP/1.1" 200 205
211.39.150.195 - - [03/May/2012:05:51:07 +0900] "GET /rg4_board/write.php?&bbs_code=class_free&page=10&bd_num=1471&mode=modify HTTP/1.1" 200 206
211.39.150.195 - - [03/May/2012:05:51:35 +0900] "GET /rg4_member/find_pass.php?url=%2Fmain%2Findex.php%3Fbbs_code%3Dschedule%26month%3D4%26year%3D2866 HTTP/1.1" 200 10469
211.39.150.195 - - [03/May/2012:05:51:43 +0900] "GET /rg4_board/view.php?&bbs_code=class_free&page=6&bd_num=2826 HTTP/1.1" 200 205
211.39.150.195 - - [03/May/2012:05:53:07 +0900] "GET /rg4_board/view.php?&bbs_code=class_free&page=6&bd_num=3012 HTTP/1.1" 200 205
211.39.150.195 - - [03/May/2012:05:53:27 +0900] "GET /rg4_member/find_pass.php?url=%2Fmain%2Findex.php%3Fbbs_code%3Dschedule%26month%3D6%26year%3D2867 HTTP/1.1" 200 10469
211.39.150.195 - - [03/May/2012:05:54:31 +0900] "GET /?PageServices/rg4_board/view.php?&bbs_code=class_free&page=7&bd_num=2622 HTTP/1.1" 200 205
211.39.150.195 - - [03/May/2012:05:55:22 +0900] "GET /ASPSamp/AdvWorks/equipment/rg4_member/find_pass.php?url=%2Fmain%2Findex.php%3Fbbs_code%3Dschedule%26month%3D10%26year%3D2868 HTTP/1.1" 200 10469
211.39.150.195 - - [03/May/2012:05:55:54 +0900] "GET /rg4_board/view.php?&bbs_code=class_free&page=7&bd_num=2964 HTTP/1.1" 200 205
211.39.150.195 - - [03/May/2012:05:57:18 +0900] "GET /rg4_board/view.php?&bbs_code=class_free&page=7&bd_num=2771 HTTP/1.1" 200 205
211.39.150.195 - - [03/May/2012:05:57:20 +0900] "GET /rg4_member/find_pass.php?url=%2Fmain%2Findex.php%3Fbbs_code%3Dschedule%26month%3D11%26year%3D2867 HTTP/1.1" 200 10469
211.39.150.195 - - [03/May/2012:05:58:21 +0900] "GET /rg4_board/write.php?&bbs_code=class_free&page=10&bd_num=1473&mode=reply HTTP/1.1" 200 206
211.39.150.195 - - [03/May/2012:05:58:42 +0900] "GET /rg4_board/view.php?&bbs_code=class_free&page=8&bd_num=2124 HTTP/1.1" 200 205
61.247.204.37 - - [03/May/2012:05:58:43 +0900] "GET /news.cgi/rg4_board/view.php?bbs_code=action&bd_num=1272&page=4 HTTP/1.1" 200 66218
61.247.204.35 - - [03/May/2012:05:58:53 +0900] "GET /smusers.txt/rg4_board/view.php?bbs_code=notices1&bd_num=1247 HTTP/1.1" 200 26558
211.39.150.195 - - [03/May/2012:05:59:04 +0900] "GET /main/index.php?bbs_code=schedule&month=6&year=2868 HTTP/1.1" 200 33095
61.247.204.35 - - [03/May/2012:05:59:48 +0900] "GET /rg4_board/view.php?bbs_code=open_3&bd_num=627&page=2 HTTP/1.1" 200 26949
211.39.150.195 - - [03/May/2012:06:00:06 +0900] "GET /rg4_board/view.php?&bbs_code=class_free&page=8&bd_num=2461 HTTP/1.1" 200 205
211.39.150.195 - - [03/May/2012:06:01:01 +0900] "GET /main/index.php?bbs_code=schedule&month=8&year=2869 HTTP/1.1" 200 33129
211.39.150.195 - - [03/May/2012:06:01:29 +0900] "GET /rg4_board/view.php?&bbs_code=class_free&page=8&bd_num=2125 HTTP/1.1" 200 205
61.247.204.39 - - [03/May/2012:06:02:13 +0900] "GET /rg4_board/slide.php?bbs_code=action&bd_num=2148 HTTP/1.1" 404 311
211.39.150.195 - - [03/May/2012:06:02:53 +0900] "GET /rg4_board/view.php?&bbs_code=class_free&page=8&bd_num=2469 HTTP/1.1" 200 205
211.39.150.195 - - [03/May/2012:06:02:54 +0900] "GET /main/index.php?bbs_code=schedule&month=5&year=2867 HTTP/1.1" 200 33129
211.39.150.195 - - [03/May/2012:06:04:17 +0900] "GET /rg4_board/view.php?&bbs_code=class_free&page=8&bd_num=2585 HTTP/1.1" 200 205
61.247.204.35 - - [03/May/2012:06:04:30 +0900] "GET /cgi-bin/w3-msql//rg4_board/down.php?bbs_code=open_1&bd_num=3058&key=0&mode=down&page=3 HTTP/1.1" 200 15872
211.39.150.195 - - [03/May/2012:06:04:42 +0900] "GET /counter/1/n/n/0/3/5/0//main/index.php?bbs_code=schedule&month=10&year=2869 HTTP/1.1" 200 33139
211.39.150.195 - - [03/May/2012:06:05:34 +0900] "GET /rg4_board/write.php?&bbs_code=class_free&page=10&bd_num=1503&mode=reply HTTP/1.1" 200 206
211.39.150.195 - - [03/May/2012:06:05:40 +0900] "GET /rg4_board/view.php?&bbs_code=class_free&page=8&bd_num=2689 HTTP/1.1" 200 205
124.2.44.105 - - [03/May/2012:06:06:08 +0900] "GET /rg4_board/view.php?bbs_code=notices1&bd_num=1446 HTTP/1.0" 200 25976
61.247.204.35 - - [03/May/2012:06:06:36 +0900] "GET /rg4_board/view.php?bbs_code=open_7&bd_num=1105&page=7 HTTP/1.1" 200 67523
211.39.150.195 - - [03/May/2012:06:06:45 +0900] "GET /main/index.php?bbs_code=schedule&month=2&year=2867 HTTP/1.1" 200 33037
61.247.204.35 - - [03/May/2012:06:07:02 +0900] "GET /rg4_board/view.php?bbs_code=open_1&bd_num=352&page=10 HTTP/1.1" 200 27441
211.39.150.195 - - [03/May/2012:06:07:04 +0900] "GET /rg4_board/view.php?&bbs_code=class_free&page=8&bd_num=2584 HTTP/1.1" 200 205
124.2.44.105 - - [03/May/2012:06:07:14 +0900] "GET /rg4_board/print.php?bbs_code=class_free&bd_num=3594 HTTP/1.0" 404 311
211.39.150.195 - - [03/May/2012:06:08:28 +0900] "GET /rg4_board/view.php?&bbs_code=class_free&ss%5Bcat%5D=&page=17&bd_num=2134 HTTP/1.1" 200 215
211.39.150.195 - - [03/May/2012:06:08:29 +0900] "GET /main/index.php?bbs_code=schedule&month=11&year=2868 HTTP/1.1" 200 33107
61.247.204.37 - - [03/May/2012:06:09:01 +0900] "GET /rg4_board/view.php?bbs_code=gifted_3&bd_num=1682&page=2 HTTP/1.1" 200 24990
211.39.150.195 - - [03/May/2012:06:09:52 +0900] "GET /rg4_board/view.php?&bbs_code=class_free&ss%5Bcat%5D=&page=17&bd_num=2476 HTTP/1.1" 200 215
211.39.150.195 - - [03/May/2012:06:10:33 +0900] "GET /main/index.php?bbs_code=schedule&month=4&year=2867 HTTP/1.1" 200 33095
211.39.150.195 - - [03/May/2012:06:11:15 +0900] "GET /rg4_board/view.php?&bbs_code=class_free&page=8&bd_num=2734 HTTP/1.1" 200 205
61.247.204.36 - - [03/May/2012:06:11:19 +0900] "GET /rg4_board/down.php?bbs_code=association&bd_num=2535&key=0&mode=down HTTP/1.1" 200 27136
61.247.204.35 - - [03/May/2012:06:11:29 +0900] "GET /rg4_board/view.php?bbs_code=open_3&bd_num=458&page=3 HTTP/1.1" 200 22945
61.247.204.36 - - [03/May/2012:06:12:04 +0900] "GET /rg4_board/down.php?bbs_code=open_2&bd_num=1411&key=0&mode=down&page=2 HTTP/1.1" 200 16384
61.247.204.38 - - [03/May/2012:06:12:29 +0900] "GET /rg4_board/list.php?bbs_code=schedule&month=5&year=2010 HTTP/1.1" 200 37698
211.39.150.195 - - [03/May/2012:06:12:39 +0900] "GET /rg4_board/view.php?&bbs_code=class_free&ss%5Bcat%5D=&page=17&bd_num=2044 HTTP/1.1" 200 215
211.39.150.195 - - [03/May/2012:06:12:48 +0900] "GET /rg4_board/write.php?&bbs_code=class_free&page=10&bd_num=1522&mode=delete HTTP/1.1" 200 206
61.247.204.36 - - [03/May/2012:06:12:57 +0900] "GET /rg4_board/mail_content.php?bbs_code=action&bd_num=2149 HTTP/1.1" 404 318
211.39.150.195 - - [03/May/2012:06:14:03 +0900] "GET /rg4_board/view.php?&bbs_code=class_free&ss%5Bcat%5D=&page=1&bd_num=2620 HTTP/1.1" 200 214
124.2.44.105 - - [03/May/2012:06:14:09 +0900] "GET /rg4_board/view.php?bbs_code=action&bd_num=2908 HTTP/1.0" 200 65510
124.2.44.105 - - [03/May/2012:06:14:59 +0900] "GET /rg4_board/view.php?bbs_code=open_6&bd_num=3139 HTTP/1.0" 200 27682
61.247.204.37 - - [03/May/2012:06:15:16 +0900] "GET /rg4_data/board/02147_193_0.file HTTP/1.1" 200 1702681
211.39.150.195 - - [03/May/2012:06:15:27 +0900] "GET /ramgen/rg4_board/view.php?&bbs_code=class_free&ss%5Bcat%5D=&page=17&bd_num=2393 HTTP/1.1" 200 215
61.247.204.38 - - [03/May/2012:06:15:26 +0900] "GET /rg4_board/view.php?bbs_code=action&bd_num=2004&page=2 HTTP/1.1" 200 65873
61.247.204.35 - - [03/May/2012:06:15:51 +0900] "GET /rg4_board/down.php?bbs_code=open_1&bd_num=900&key=0&mode=down&page=7 HTTP/1.1" 200 24576
61.247.204.37 - - [03/May/2012:06:16:01 +0900] "GET /rg4_board/view.php?bbs_code=open_6&bd_num=251&page=8 HTTP/1.1" 200 27072
211.39.150.195 - - [03/May/2012:06:16:07 +0900] "GET /main/index.php?bbs_code=schedule&month=9&year=2869 HTTP/1.1" 200 33097
211.39.150.195 - - [03/May/2012:06:16:08 +0900] "GET /rg4_member/find_pass.php?url=%2Fmain%2Findex.php%3Fbbs_code%3Dschedule%26month%3D12%26year%3D2867 HTTP/1.1" 200 10469
211.39.150.195 - - [03/May/2012:06:16:08 +0900] "GET /main/index.php?bbs_code=schedule&month=7&year=2870 HTTP/1.1" 200 33129
211.39.150.195 - - [03/May/2012:06:16:09 +0900] "GET /rg4_member/find_pass.php?url=%2Fmain%2Findex.php%3Fbbs_code%3Dschedule%26month%3D3%26year%3D2866 HTTP/1.1" 200 10469
211.39.150.195 - - [03/May/2012:06:16:10 +0900] "GET /rg4_member/find_pass.php?url=%2Fmain%2Findex.php%3Fbbs_code%3Dschedule%26month%3D9%26year%3D2868 HTTP/1.1" 200 10469
61.247.204.38 - - [03/May/2012:06:16:11 +0900] "GET /rg4_board/view.php?bbs_code=praise&bd_num=3077&page=2 HTTP/1.1" 200 26314
211.39.150.195 - - [03/May/2012:06:16:12 +0900] "GET /rg4_member/find_pass.php?url=%2Fmain%2Findex.php%3Fbbs_code%3Dschedule%26month%3D7%26year%3D2869 HTTP/1.1" 200 10469
211.39.150.195 - - [03/May/2012:06:16:14 +0900] "GET /rg4_member/find_pass.php?url=%2Fmain%2Findex.php%3Fbbs_code%3Dschedule%26month%3D1%26year%3D2867 HTTP/1.1" 200 10469
211.39.150.195 - - [03/May/2012:06:16:50 +0900] "GET /rg4_board/view.php?&bbs_code=class_free&ss%5Bcat%5D=&page=17&bd_num=1854 HTTP/1.1" 200 215
61.247.204.38 - - [03/May/2012:06:17:16 +0900] "GET /rg4_data/board/04032_622_0.file HTTP/1.1" 200 3567579
61.247.204.37 - - [03/May/2012:06:17:26 +0900] "GET /rg4_data/board/01274_907_0.file HTTP/1.1" 200 2285200
61.247.204.35 - - [03/May/2012:06:17:36 +0900] "GET /ss?setsite/rg4_board/view.php?bbs_code=action&bd_num=1275&page=4 HTTP/1.1" 200 66218
61.247.204.38 - - [03/May/2012:06:18:12 +0900] "GET /rg4_board/view.php?bbs_code=open_4&bd_num=856&page=3 HTTP/1.1" 200 27206
211.39.150.195 - - [03/May/2012:06:18:14 +0900] "GET /FormHandler.cgi/rg4_board/view.php?&bbs_code=class_free&ss%5Bcat%5D=&page=17&bd_num=1733 HTTP/1.1" 200 215
124.2.44.105 - - [03/May/2012:06:18:38 +0900] "GET /rg4_board/list.php?bbs_code=management&page=2 HTTP/1.0" 200 21103
211.39.150.195 - - [03/May/2012:06:19:38 +0900] "GET /rg4_board/list.php?bbs_code=schedule&year=1615&month=4 HTTP/1.1" 200 37573
61.247.204.36 - - [03/May/2012:06:19:38 +0900] "GET /rg4_board/list.php?bbs_code=open_7&p=1 HTTP/1.1" 200 57375
61.247.204.35 - - [03/May/2012:06:19:48 +0900] "GET /rg4_board/down.php?bbs_code=open_1&bd_num=2348&key=0&mode=down&page=4 HTTP/1.1" 200 25600
211.39.150.195 - - [03/May/2012:06:20:01 +0900] "GET /rg4_board/write.php?&bbs_code=class_free&page=10&bd_num=1567&mode=delete HTTP/1.1" 200 206
211.39.150.195 - - [03/May/2012:06:20:38 +0900] "GET /main/index.php?bbs_code=schedule&month=6&year=2869 HTTP/1.1" 200 33095
211.39.150.195 - - [03/May/2012:06:21:01 +0900] "GET /rg4_board/list.php?bbs_code=schedule&year=1615&month=5 HTTP/1.1" 200 37431
124.2.44.105 - - [03/May/2012:06:21:06 +0900] "GET /rg4_board/list.php?bbs_code=schedule&year=1947&month=9 HTTP/1.0" 200 37696
211.39.150.195 - - [03/May/2012:06:22:25 +0900] "GET /rg4_board/list.php?bbs_code=schedule&year=1615&month=8 HTTP/1.1" 200 37443
46.21.144.223 - - [03/May/2012:06:23:32 +0900] "GET /rg4_board/view.php?&bbs_code=class_free&ss%5Bcat%5D=&page=15&bd_num=1850 HTTP/1.1" 200 215
211.39.150.195 - - [03/May/2012:06:23:49 +0900] "GET /rg4_board/list.php?bbs_code=schedule&year=1616&month=10 HTTP/1.1" 200 37314
61.247.204.39 - - [03/May/2012:06:24:01 +0900] "GET /rg4_board/list.php?bbs_code=gifted_3&page=1 HTTP/1.1" 200 21094
124.2.44.105 - - [03/May/2012:06:24:44 +0900] "GET /rg4_board/list.php?bbs_code=action&page=4 HTTP/1.0" 200 56377
211.39.150.195 - - [03/May/2012:06:25:28 +0900] "GET /rg4_board/list.php?bbs_code=schedule&year=1615&month=9 HTTP/1.1" 200 37665
211.39.150.195 - - [03/May/2012:06:26:36 +0900] "GET /main/index.php?bbs_code=schedule&month=3&year=2867 HTTP/1.1" 200 33129
211.39.150.195 - - [03/May/2012:06:26:37 +0900] "GET /_vti_bin/shtml.exe/_vti_rpc/rg4_board/list.php?bbs_code=schedule&year=1615&month=6 HTTP/1.1" 200 37541
61.247.204.35 - - [03/May/2012:06:26:32 +0900] "GET /rg4_board/down.php?bbs_code=open_1&bd_num=2190&key=0&mode=down&page=4 HTTP/1.1" 200 8634368
211.39.150.195 - - [03/May/2012:06:27:15 +0900] "GET /rg4_board/write.php?&bbs_code=class_free&page=10&bd_num=1579&mode=modify HTTP/1.1" 200 206
211.39.150.195 - - [03/May/2012:06:28:00 +0900] "GET /rg4_board/list.php?bbs_code=schedule&year=1615&month=7 HTTP/1.1" 200 37390
211.39.150.195 - - [03/May/2012:06:29:24 +0900] "GET /rg4_board/list.php?bbs_code=schedule&year=1616&month=12 HTTP/1.1" 200 37455
61.247.204.38 - - [03/May/2012:06:30:27 +0900] "GET /_AuthChangeUrl/rg4_board/view.php?bbs_code=open_6&bd_num=1240&page=4 HTTP/1.1" 200 27172
124.2.44.105 - - [03/May/2012:06:30:34 +0900] "GET /rg4_board/list.php?bbs_code=schedule&year=2020&month=11 HTTP/1.0" 200 37350
211.39.150.195 - - [03/May/2012:06:30:47 +0900] "GET /rg4_board/list.php?bbs_code=schedule&year=1616&month=1 HTTP/1.1" 200 37165
61.247.204.39 - - [03/May/2012:06:31:23 +0900] "GET /rg4_board/view.php?bbs_code=&bd_num=3720&month=2&year=2012 HTTP/1.1" 200 235
61.247.204.36 - - [03/May/2012:06:32:07 +0900] "GET /rg4_data/board/03242_646_0.file HTTP/1.1" 200 1944113
211.39.150.195 - - [03/May/2012:06:32:11 +0900] "GET /rg4_board/list.php?bbs_code=schedule&year=1616&month=4 HTTP/1.1" 200 37573
211.39.150.195 - - [03/May/2012:06:32:14 +0900] "GET /main/index.php?bbs_code=schedule&month=1&year=2868 HTTP/1.1" 200 33131
61.247.204.38 - - [03/May/2012:06:32:23 +0900] "GET /rg4_board/down.php?bbs_code=notices1&bd_num=1449&key=0&mode=down HTTP/1.1" 200 23040
124.2.44.105 - - [03/May/2012:06:33:04 +0900] "GET /rg4_board/list.php?bbs_code=schedule&month=2&year=2012 HTTP/1.0" 200 40122
61.247.204.39 - - [03/May/2012:06:33:04 +0900] "GET /rg4_data/board/02070_522_0.file HTTP/1.1" 200 103208
124.2.44.105 - - [03/May/2012:06:33:18 +0900] "GET /rg4_board/view.php?&bbs_code=open_1&bd_num=3613 HTTP/1.0" 200 27450
61.247.204.37 - - [03/May/2012:06:33:19 +0900] "GET /rg4_board/view.php?bbs_code=open_6&bd_num=2080&page=2 HTTP/1.1" 200 27812
61.247.204.37 - - [03/May/2012:06:33:29 +0900] "GET /rg4_board/view.php?bbs_code=open_6&bd_num=253&page=8 HTTP/1.1" 200 26969
211.39.150.195 - - [03/May/2012:06:33:35 +0900] "GET /rg4_board/list.php?bbs_code=schedule&year=1616&month=5 HTTP/1.1" 200 37431
124.2.44.105 - - [03/May/2012:06:34:04 +0900] "GET /rg4_board/view.php?bbs_code=open_4&bd_num=2055 HTTP/1.0" 200 26778
61.247.204.36 - - [03/May/2012:06:34:07 +0900] "GET /_vti_inf.html/rg4_board/view.php?bbs_code=praise&bd_num=3086&page=2 HTTP/1.1" 200 25990
211.39.150.195 - - [03/May/2012:06:34:28 +0900] "GET /rg4_board/write.php?&bbs_code=class_free&page=10&bd_num=1580&mode=modify HTTP/1.1" 200 206
211.39.150.195 - - [03/May/2012:06:34:58 +0900] "GET /rg4_board/list.php?bbs_code=schedule&year=1616&month=2 HTTP/1.1" 200 37501
61.247.204.37 - - [03/May/2012:06:35:08 +0900] "GET /rg4_data/board/01270_568_0.file HTTP/1.1" 200 2194943
124.2.44.105 - - [03/May/2012:06:35:40 +0900] "GET / HTTP/1.0" 200 552
61.247.204.35 - - [03/May/2012:06:36:20 +0900] "GET /rg4_board/slide.php?bbs_code=action&bd_num=2859 HTTP/1.1" 404 311
211.39.150.195 - - [03/May/2012:06:36:22 +0900] "GET /rg4_board/view.php?&bbs_code=class_free&ss%5Bcat%5D=&page=3&bd_num=2456 HTTP/1.1" 200 214
61.247.204.37 - - [03/May/2012:06:36:30 +0900] "GET /rg4_board/view.php?bbs_code=action&bd_num=1194&page=5 HTTP/1.1" 200 66093
61.247.204.38 - - [03/May/2012:06:37:10 +0900] "GET /_vti_pvt/administrators.pwd/rg4_board/down.php?bbs_code=open_6&bd_num=3093&key=0&mode=down HTTP/1.1" 200 19456
124.2.44.105 - - [03/May/2012:06:37:44 +0900] "GET /rg4_board/view.php?bbs_code=open_4&bd_num=2297 HTTP/1.0" 200 26845
211.39.150.195 - - [03/May/2012:06:37:46 +0900] "GET /rg4_board/view.php?&bbs_code=class_free&ss%5Bcat%5D=&page=18&bd_num=1765 HTTP/1.1" 200 215
61.247.204.39 - - [03/May/2012:06:37:51 +0900] "GET /rg4_board/view.php?bbs_code=open_7&bd_num=3527&page=2 HTTP/1.1" 200 67235
211.39.150.195 - - [03/May/2012:06:38:29 +0900] "GET /main/index.php?bbs_code=schedule&month=12&year=2868 HTTP/1.1" 200 33139
61.247.204.38 - - [03/May/2012:06:38:56 +0900] "GET /rg4_board/view.php?bbs_code=open_6&bd_num=272&page=7 HTTP/1.1" 200 26997
61.247.204.38 - - [03/May/2012:06:39:06 +0900] "GET /rg4_board/view.php?bbs_code=open_6&bd_num=275&page=7 HTTP/1.1" 200 26947
211.39.150.195 - - [03/May/2012:06:39:09 +0900] "GET /rg4_board/view.php?&bbs_code=class_free&ss%5Bcat%5D=&page=18&bd_num=2383 HTTP/1.1" 200 215
211.39.150.195 - - [03/May/2012:06:40:33 +0900] "GET /rg4_board/view.php?&bbs_code=class_free&ss%5Bcat%5D=&page=18&bd_num=2109 HTTP/1.1" 200 215
124.2.44.105 - - [03/May/2012:06:41:18 +0900] "GET /rg4_board/print.php?bbs_code=class_free&bd_num=3604 HTTP/1.0" 404 311
211.39.150.195 - - [03/May/2012:06:41:41 +0900] "GET /rg4_board/write.php?&bbs_code=class_free&page=10&bd_num=2050&mode=reply HTTP/1.1" 200 206
211.39.150.195 - - [03/May/2012:06:41:56 +0900] "GET /rg4_board/view.php?&bbs_code=class_free&ss%5Bcat%5D=&page=18&bd_num=2382 HTTP/1.1" 200 215
61.247.204.37 - - [03/May/2012:06:42:23 +0900] "GET /_vti_bin/shtml.dll/rg4_board/view.php?bbs_code=open_6&bd_num=293&page=6 HTTP/1.1" 200 27025
211.39.150.195 - - [03/May/2012:06:43:21 +0900] "GET /rg4_board/view.php?&bbs_code=class_free&ss%5Bcat%5D=&page=3&bd_num=2469 HTTP/1.1" 200 214
211.39.150.195 - - [03/May/2012:06:44:44 +0900] "GET /rg4_board/view.php?&bbs_code=class_free&ss%5Bcat%5D=&page=3&bd_num=2775 HTTP/1.1" 200 214
124.2.44.105 - - [03/May/2012:06:44:49 +0900] "GET /rg4_board/view.php?&bbs_code=open_1&page=1&bd_num=3313 HTTP/1.0" 200 27673
211.39.150.195 - - [03/May/2012:06:46:08 +0900] "GET /rg4_board/view.php?&bbs_code=class_free&ss%5Bcat%5D=&page=3&bd_num=2840 HTTP/1.1" 200 214
124.2.44.105 - - [03/May/2012:06:46:54 +0900] "GET /rg4_board/view.php?bbs_code=management&bd_num=1922 HTTP/1.0" 200 26452
211.39.150.195 - - [03/May/2012:06:47:32 +0900] "GET /rg4_board/view.php?&bbs_code=class_free&ss%5Bcat%5D=&page=3&bd_num=2782 HTTP/1.1" 200 214
124.2.44.105 - - [03/May/2012:06:47:34 +0900] "GET /rg4_board/view.php?bbs_code=open_2&bd_num=433&page=2 HTTP/1.0" 200 25320
61.247.204.35 - - [03/May/2012:06:47:40 +0900] "GET /rg4_board/view.php?bbs_code=open_5&bd_num=212&page=2 HTTP/1.1" 200 21740
124.2.44.105 - - [03/May/2012:06:48:04 +0900] "GET /rg4_board/view.php?bbs_code=management&bd_num=3333 HTTP/1.0" 200 26494
211.39.150.195 - - [03/May/2012:06:48:04 +0900] "GET /_vti_bin/shtml.exe/main/index.php?bbs_code=schedule&month=7&year=2871 HTTP/1.1" 200 33129
124.2.44.105 - - [03/May/2012:06:48:24 +0900] "GET /rg4_board/view.php?bbs_code=open_3&bd_num=2105 HTTP/1.0" 200 26540
211.39.150.195 - - [03/May/2012:06:48:55 +0900] "GET /rg4_board/write.php?&bbs_code=class_free&page=10&bd_num=2074&mode=reply HTTP/1.1" 200 206
211.39.150.195 - - [03/May/2012:06:48:56 +0900] "GET /rg4_board/view.php?&bbs_code=class_free&ss%5Bcat%5D=&page=3&bd_num=2842 HTTP/1.1" 200 214
61.247.204.37 - - [03/May/2012:06:49:37 +0900] "GET /rg4_board/view.php?bbs_code=management&bd_num=210&page=2 HTTP/1.1" 200 25516
211.39.150.195 - - [03/May/2012:06:49:38 +0900] "GET /rg4_member/find_pass.php?url=%2Fmain%2Findex.php%3Fbbs_code%3Dschedule%26month%3D9%26year%3D2869 HTTP/1.1" 200 10469
211.39.150.195 - - [03/May/2012:06:50:19 +0900] "GET /rg4_board/view.php?&bbs_code=class_free&ss%5Bcat%5D=&page=3&bd_num=2927 HTTP/1.1" 200 214
211.39.150.195 - - [03/May/2012:06:51:12 +0900] "GET /rg4_member/find_pass.php?url=%2Fmain%2Findex.php%3Fbbs_code%3Dschedule%26month%3D6%26year%3D2868 HTTP/1.1" 200 10469
211.39.150.195 - - [03/May/2012:06:51:42 +0900] "GET /rg4_board/view.php?&bbs_code=class_free&ss%5Bcat%5D=&page=3&bd_num=2936 HTTP/1.1" 200 214
211.39.150.195 - - [03/May/2012:06:52:46 +0900] "GET /rg4_member/find_pass.php?url=%2Fmain%2Findex.php%3Fbbs_code%3Dschedule%26month%3D4%26year%3D2867 HTTP/1.1" 200 10469
211.39.150.195 - - [03/May/2012:06:53:06 +0900] "GET /rg4_board/list.php?bbs_code=schedule&year=1616&month=7 HTTP/1.1" 200 37443
211.39.150.195 - - [03/May/2012:06:54:20 +0900] "GET /rg4_member/find_pass.php?url=%2Fmain%2Findex.php%3Fbbs_code%3Dschedule%26month%3D5%26year%3D2867 HTTP/1.1" 200 10469
211.39.150.195 - - [03/May/2012:06:54:30 +0900] "GET /rg4_board/list.php?bbs_code=schedule&year=1617&month=2 HTTP/1.1" 200 37501
211.39.150.195 - - [03/May/2012:06:55:54 +0900] "GET /rg4_board/list.php?bbs_code=schedule&year=1616&month=9 HTTP/1.1" 200 37665
211.39.150.195 - - [03/May/2012:06:55:55 +0900] "GET /rg4_member/find_pass.php?url=%2Fmain%2Findex.php%3Fbbs_code%3Dschedule%26month%3D2%26year%3D2867 HTTP/1.1" 200 10469
211.39.150.195 - - [03/May/2012:06:56:09 +0900] "GET /rg4_board/write.php?&bbs_code=class_free&page=10&bd_num=2112&mode=reply HTTP/1.1" 200 206
61.247.204.38 - - [03/May/2012:06:56:16 +0900] "GET /_vti_pvt/users.pwd/rg4_board/view.php?bbs_code=open_7&bd_num=3234&page=4 HTTP/1.1" 200 67248
124.2.44.105 - - [03/May/2012:06:56:23 +0900] "GET /rg4_board/list.php?bbs_code=open_6&page=4 HTTP/1.0" 200 22198
61.247.204.37 - - [03/May/2012:06:57:00 +0900] "GET /rg4_board/view.php?bbs_code=schedule&bd_num=3720&month=7&year=2012 HTTP/1.1" 200 45756
211.39.150.195 - - [03/May/2012:06:57:18 +0900] "GET /rg4_board/list.php?bbs_code=schedule&year=1617&month=12 HTTP/1.1" 200 37401
211.39.150.195 - - [03/May/2012:06:57:21 +0900] "GET /rg4_member/find_pass.php?url=%2Fmain%2Findex.php%3Fbbs_code%3Dschedule%26month%3D8%26year%3D2869 HTTP/1.1" 200 10469
61.247.204.37 - - [03/May/2012:06:57:58 +0900] "GET /rg4_board/view.php?bbs_code=praise&bd_num=1279&page=4 HTTP/1.1" 200 26104
124.2.44.105 - - [03/May/2012:06:58:11 +0900] "GET /rg4_board/view.php?bbs_code=action&bd_num=2148 HTTP/1.0" 200 65539
211.39.150.195 - - [03/May/2012:06:58:41 +0900] "GET /rg4_board/list.php?bbs_code=schedule&year=1617&month=1 HTTP/1.1" 200 37019
61.247.204.38 - - [03/May/2012:06:58:48 +0900] "GET /rg4_board/mail_content.php?bbs_code=action&bd_num=2862 HTTP/1.1" 404 318
211.39.150.195 - - [03/May/2012:06:58:55 +0900] "GET /rg4_member/find_pass.php?url=%2Fmain%2Findex.php%3Fbbs_code%3Dschedule%26month%3D7%26year%3D2870 HTTP/1.1" 200 10469
211.39.150.195 - - [03/May/2012:07:00:05 +0900] "GET /rg4_board/list.php?bbs_code=schedule&year=1617&month=6 HTTP/1.1" 200 37541
211.39.150.195 - - [03/May/2012:07:00:30 +0900] "GET /rg4_member/find_pass.php?url=%2Fmain%2Findex.php%3Fbbs_code%3Dschedule%26month%3D10%26year%3D2869 HTTP/1.1" 200 10469
124.2.44.105 - - [03/May/2012:07:00:41 +0900] "GET /rg4_board/view.php?bbs_code=gifted_1&bd_num=2037 HTTP/1.0" 200 22463
61.247.204.39 - - [03/May/2012:07:01:03 +0900] "GET /architext_query.pl/rg4_board/list.php?bbs_code=schedule&month=7&year=2012 HTTP/1.1" 200 41955
61.247.204.38 - - [03/May/2012:07:01:23 +0900] "GET /rg4_board/list.php?bbs_code=gifted_3&p=1 HTTP/1.1" 200 20910
211.39.150.195 - - [03/May/2012:07:01:29 +0900] "GET /rg4_board/list.php?bbs_code=schedule&year=1617&month=5 HTTP/1.1" 200 37431
211.39.150.195 - - [03/May/2012:07:02:04 +0900] "GET /rg4_member/find_pass.php?url=%2Fmain%2Findex.php%3Fbbs_code%3Dschedule%26month%3D11%26year%3D2868 HTTP/1.1" 200 10469
211.39.150.195 - - [03/May/2012:07:02:52 +0900] "GET /rg4_board/list.php?bbs_code=schedule&year=1616&month=8 HTTP/1.1" 200 37390
61.247.204.36 - - [03/May/2012:07:02:53 +0900] "GET /rg4_board/view.php?bbs_code=praise&bd_num=2701&page=4 HTTP/1.1" 200 25894
211.39.150.195 - - [03/May/2012:07:03:22 +0900] "GET /rg4_board/write.php?&bbs_code=class_free&page=10&bd_num=2118&mode=reply HTTP/1.1" 200 206
211.39.150.195 - - [03/May/2012:07:03:36 +0900] "GET /main/index.php?bbs_code=schedule&month=6&year=2870 HTTP/1.1" 200 33095
211.39.150.195 - - [03/May/2012:07:04:16 +0900] "GET /rg4_board/list.php?bbs_code=schedule&year=1619&month=11 HTTP/1.1" 200 37512
211.39.150.195 - - [03/May/2012:07:05:19 +0900] "GET /main/index.php?bbs_code=schedule&month=8&year=2870 HTTP/1.1" 200 33129
211.39.150.195 - - [03/May/2012:07:05:41 +0900] "GET /rg4_board/list.php?bbs_code=schedule&year=1618&month=10 HTTP/1.1" 200 37314
211.39.150.195 - - [03/May/2012:07:06:45 +0900] "GET /main/index.php?bbs_code=schedule&month=10&year=2870 HTTP/1.1" 200 33139
211.39.150.195 - - [03/May/2012:07:07:03 +0900] "GET /rg4_board/list.php?bbs_code=schedule&year=1619&month=6 HTTP/1.1" 200 37541
61.247.204.38 - - [03/May/2012:07:07:32 +0900] "GET /rg4_board/slide.php?bbs_code=action&bd_num=2863 HTTP/1.1" 404 311
61.247.204.39 - - [03/May/2012:07:07:42 +0900] "GET /rg4_board/view.php?bbs_code=notices1&page=2 HTTP/1.1" 200 203
211.39.150.195 - - [03/May/2012:07:08:27 +0900] "GET /autoexec.bat/main/index.php?bbs_code=schedule&month=11&year=2869 HTTP/1.1" 200 33107
211.39.150.195 - - [03/May/2012:07:08:27 +0900] "GET /rg4_board/list.php?bbs_code=schedule&year=1618&month=2 HTTP/1.1" 200 37501
61.247.204.38 - - [03/May/2012:07:09:26 +0900] "GET /rg4_board/down.php?bbs_code=open_8&bd_num=3384&key=0&mode=down HTTP/1.1" 200 16384
211.39.150.195 - - [03/May/2012:07:09:51 +0900] "GET /main/index.php?bbs_code=schedule&month=2&year=2868 HTTP/1.1" 200 33066
211.39.150.195 - - [03/May/2012:07:09:52 +0900] "GET /rg4_board/list.php?bbs_code=schedule&year=1619&month=1 HTTP/1.1" 200 37019
61.247.204.36 - - [03/May/2012:07:10:16 +0900] "GET /rg4_data/board/00147_852_0.file HTTP/1.1" 200 2142593
61.247.204.39 - - [03/May/2012:07:10:26 +0900] "GET /rg4_data/board/00112_701_0.file HTTP/1.1" 200 2224427
211.39.150.195 - - [03/May/2012:07:10:36 +0900] "GET /rg4_board/write.php?&bbs_code=class_free&page=10&bd_num=2159&mode=modify HTTP/1.1" 200 206
61.247.204.39 - - [03/May/2012:07:10:36 +0900] "GET /rg4_data/board/00947_126_0.file HTTP/1.1" 200 102276
211.39.150.195 - - [03/May/2012:07:11:14 +0900] "GET /rg4_board/list.php?bbs_code=schedule&year=1619&month=7 HTTP/1.1" 200 37390
211.39.150.195 - - [03/May/2012:07:11:18 +0900] "GET /main/index.php?bbs_code=schedule&month=9&year=2870 HTTP/1.1" 200 33097
